Java HotSpot(TM) 64-Bit Server VM (25.221-b11) for bsd-amd64 JRE (1.8.0_221-b11), built on Jul  4 2019 04:36:22 by "java_re" with gcc 4.2.1 (Based on Apple Inc. build 5658) (LLVM build 2336.11.00)
Memory: 4k page, physical 8388608k(674644k free)

/proc/meminfo:

CommandLine flags: -XX:+ExplicitGCInvokesConcurrent -XX:GCLogFileSize=104857600 -XX:InitialHeapSize=1073741824 -XX:InitiatingHeapOccupancyPercent=35 -XX:+ManagementServer -XX:MaxGCPauseMillis=20 -XX:MaxHeapSize=1073741824 -XX:NumberOfGCLogFiles=10 -XX:+PrintGC -XX:+PrintGCDateStamps -XX:+PrintGCDetails -XX:+PrintGCTimeStamps -XX:+UseCompressedClassPointers -XX:+UseCompressedOops -XX:+UseG1GC -XX:+UseGCLogFileRotation 
2019-11-06T03:40:53.613+0800: 10.768: [GC pause (G1 Evacuation Pause) (young), 0.0081524 secs]
   [Parallel Time: 4.0 ms, GC Workers: 4]
      [GC Worker Start (ms): Min: 10768.4, Avg: 10768.4, Max: 10768.4, Diff: 0.0]
      [Ext Root Scanning (ms): Min: 0.5, Avg: 0.8, Max: 1.4, Diff: 0.9, Sum: 3.3]
      [Update RS (ms): Min: 0.0, Avg: 0.0, Max: 0.0, Diff: 0.0, Sum: 0.0]
         [Processed Buffers: Min: 0, Avg: 0.0, Max: 0, Diff: 0, Sum: 0]
      [Scan RS (ms): Min: 0.0, Avg: 0.0, Max: 0.0, Diff: 0.0, Sum: 0.0]
      [Code Root Scanning (ms): Min: 0.0, Avg: 0.2, Max: 0.4, Diff: 0.4, Sum: 0.7]
      [Object Copy (ms): Min: 2.5, Avg: 2.9, Max: 3.2, Diff: 0.7, Sum: 11.7]
      [Termination (ms): Min: 0.0, Avg: 0.0, Max: 0.0, Diff: 0.0, Sum: 0.0]
         [Termination Attempts: Min: 1, Avg: 4.2, Max: 7, Diff: 6, Sum: 17]
      [GC Worker Other (ms): Min: 0.0, Avg: 0.0, Max: 0.0, Diff: 0.0, Sum: 0.0]
      [GC Worker Total (ms): Min: 3.9, Avg: 3.9, Max: 3.9, Diff: 0.0, Sum: 15.7]
      [GC Worker End (ms): Min: 10772.3, Avg: 10772.3, Max: 10772.3, Diff: 0.0]
   [Code Root Fixup: 0.0 ms]
   [Code Root Purge: 0.0 ms]
   [Clear CT: 0.1 ms]
   [Other: 4.1 ms]
      [Choose CSet: 0.0 ms]
      [Ref Proc: 3.8 ms]
      [Ref Enq: 0.0 ms]
      [Redirty Cards: 0.0 ms]
      [Humongous Register: 0.0 ms]
      [Humongous Reclaim: 0.0 ms]
      [Free CSet: 0.1 ms]
   [Eden: 51.0M(51.0M)->0.0B(44.0M) Survivors: 0.0B->7168.0K Heap: 51.0M(1024.0M)->8571.5K(1024.0M)]
 [Times: user=0.02 sys=0.00, real=0.01 secs] 
2019-11-06T03:40:54.053+0800: 11.209: [GC pause (Metadata GC Threshold) (young) (initial-mark), 0.0056071 secs]
   [Parallel Time: 3.8 ms, GC Workers: 4]
      [GC Worker Start (ms): Min: 11209.3, Avg: 11209.3, Max: 11209.3, Diff: 0.1]
      [Ext Root Scanning (ms): Min: 0.6, Avg: 0.8, Max: 0.8, Diff: 0.3, Sum: 3.0]
      [Update RS (ms): Min: 0.0, Avg: 0.1, Max: 0.2, Diff: 0.2, Sum: 0.2]
         [Processed Buffers: Min: 0, Avg: 0.5, Max: 1, Diff: 1, Sum: 2]
      [Scan RS (ms): Min: 0.0, Avg: 0.0, Max: 0.0, Diff: 0.0, Sum: 0.0]
      [Code Root Scanning (ms): Min: 0.0, Avg: 0.3, Max: 1.0, Diff: 1.0, Sum: 1.3]
      [Object Copy (ms): Min: 1.8, Avg: 2.6, Max: 3.1, Diff: 1.3, Sum: 10.2]
      [Termination (ms): Min: 0.0, Avg: 0.0, Max: 0.0, Diff: 0.0, Sum: 0.0]
         [Termination Attempts: Min: 1, Avg: 1.2, Max: 2, Diff: 1, Sum: 5]
      [GC Worker Other (ms): Min: 0.0, Avg: 0.0, Max: 0.0, Diff: 0.0, Sum: 0.0]
      [GC Worker Total (ms): Min: 3.7, Avg: 3.7, Max: 3.7, Diff: 0.1, Sum: 14.8]
      [GC Worker End (ms): Min: 11213.0, Avg: 11213.0, Max: 11213.0, Diff: 0.0]
   [Code Root Fixup: 0.0 ms]
   [Code Root Purge: 0.0 ms]
   [Clear CT: 0.1 ms]
   [Other: 1.8 ms]
      [Choose CSet: 0.0 ms]
      [Ref Proc: 1.5 ms]
      [Ref Enq: 0.0 ms]
      [Redirty Cards: 0.0 ms]
      [Humongous Register: 0.0 ms]
      [Humongous Reclaim: 0.0 ms]
      [Free CSet: 0.1 ms]
   [Eden: 33.0M(44.0M)->0.0B(44.0M) Survivors: 7168.0K->7168.0K Heap: 169.4M(1024.0M)->137.8M(1024.0M)]
 [Times: user=0.02 sys=0.00, real=0.00 secs] 
2019-11-06T03:40:54.059+0800: 11.215: [GC concurrent-root-region-scan-start]
2019-11-06T03:40:54.064+0800: 11.220: [GC concurrent-root-region-scan-end, 0.0046245 secs]
2019-11-06T03:40:54.064+0800: 11.220: [GC concurrent-mark-start]
2019-11-06T03:40:54.064+0800: 11.220: [GC concurrent-mark-end, 0.0004041 secs]
2019-11-06T03:40:54.065+0800: 11.221: [GC remark 2019-11-06T03:40:54.065+0800: 11.221: [Finalize Marking, 0.0006675 secs] 2019-11-06T03:40:54.066+0800: 11.221: [GC ref-proc, 0.0000426 secs] 2019-11-06T03:40:54.066+0800: 11.221: [Unloading, 0.0024663 secs], 0.0042767 secs]
 [Times: user=0.02 sys=0.00, real=0.00 secs] 
2019-11-06T03:40:54.069+0800: 11.225: [GC cleanup 139M->138M(1024M), 0.0006339 secs]
 [Times: user=0.00 sys=0.00, real=0.01 secs] 
2019-11-06T03:40:54.070+0800: 11.226: [GC concurrent-cleanup-start]
2019-11-06T03:40:54.070+0800: 11.226: [GC concurrent-cleanup-end, 0.0000111 secs]
2019-11-06T03:40:59.424+0800: 16.579: [GC pause (G1 Evacuation Pause) (young), 0.0094963 secs]
   [Parallel Time: 6.5 ms, GC Workers: 4]
      [GC Worker Start (ms): Min: 16579.4, Avg: 16579.4, Max: 16579.4, Diff: 0.0]
      [Ext Root Scanning (ms): Min: 0.7, Avg: 1.0, Max: 1.6, Diff: 0.9, Sum: 4.0]
      [Update RS (ms): Min: 0.0, Avg: 0.1, Max: 0.2, Diff: 0.2, Sum: 0.4]
         [Processed Buffers: Min: 0, Avg: 1.0, Max: 2, Diff: 2, Sum: 4]
      [Scan RS (ms): Min: 0.0, Avg: 0.0, Max: 0.0, Diff: 0.0, Sum: 0.0]
      [Code Root Scanning (ms): Min: 0.0, Avg: 0.4, Max: 1.0, Diff: 1.0, Sum: 1.7]
      [Object Copy (ms): Min: 4.6, Avg: 4.9, Max: 5.2, Diff: 0.6, Sum: 19.5]
      [Termination (ms): Min: 0.0, Avg: 0.0, Max: 0.0, Diff: 0.0, Sum: 0.0]
         [Termination Attempts: Min: 1, Avg: 9.5, Max: 16, Diff: 15, Sum: 38]
      [GC Worker Other (ms): Min: 0.0, Avg: 0.0, Max: 0.0, Diff: 0.0, Sum: 0.0]
      [GC Worker Total (ms): Min: 6.4, Avg: 6.4, Max: 6.4, Diff: 0.0, Sum: 25.7]
      [GC Worker End (ms): Min: 16585.8, Avg: 16585.8, Max: 16585.8, Diff: 0.0]
   [Code Root Fixup: 0.1 ms]
   [Code Root Purge: 0.0 ms]
   [Clear CT: 0.1 ms]
   [Other: 2.9 ms]
      [Choose CSet: 0.0 ms]
      [Ref Proc: 2.4 ms]
      [Ref Enq: 0.0 ms]
      [Redirty Cards: 0.1 ms]
      [Humongous Register: 0.0 ms]
      [Humongous Reclaim: 0.0 ms]
      [Free CSet: 0.2 ms]
   [Eden: 44.0M(44.0M)->0.0B(44.0M) Survivors: 7168.0K->7168.0K Heap: 180.8M(1024.0M)->140.9M(1024.0M)]
 [Times: user=0.03 sys=0.00, real=0.01 secs] 
2019-11-06T03:42:18.776+0800: 95.931: [GC pause (G1 Evacuation Pause) (young), 0.0159908 secs]
   [Parallel Time: 13.6 ms, GC Workers: 4]
      [GC Worker Start (ms): Min: 95931.1, Avg: 95931.2, Max: 95931.3, Diff: 0.3]
      [Ext Root Scanning (ms): Min: 0.4, Avg: 1.3, Max: 3.0, Diff: 2.5, Sum: 5.4]
      [Update RS (ms): Min: 0.0, Avg: 0.3, Max: 0.4, Diff: 0.4, Sum: 1.0]
         [Processed Buffers: Min: 0, Avg: 1.0, Max: 2, Diff: 2, Sum: 4]
      [Scan RS (ms): Min: 0.0, Avg: 0.1, Max: 0.2, Diff: 0.2, Sum: 0.4]
      [Code Root Scanning (ms): Min: 0.0, Avg: 1.4, Max: 3.1, Diff: 3.1, Sum: 5.7]
      [Object Copy (ms): Min: 8.9, Avg: 10.3, Max: 11.6, Diff: 2.7, Sum: 41.4]
      [Termination (ms): Min: 0.0, Avg: 0.0, Max: 0.0, Diff: 0.0, Sum: 0.0]
         [Termination Attempts: Min: 1, Avg: 1.8, Max: 3, Diff: 2, Sum: 7]
      [GC Worker Other (ms): Min: 0.0, Avg: 0.0, Max: 0.0, Diff: 0.0, Sum: 0.1]
      [GC Worker Total (ms): Min: 13.3, Avg: 13.5, Max: 13.6, Diff: 0.2, Sum: 53.9]
      [GC Worker End (ms): Min: 95944.6, Avg: 95944.6, Max: 95944.6, Diff: 0.0]
   [Code Root Fixup: 0.2 ms]
   [Code Root Purge: 0.0 ms]
   [Clear CT: 0.1 ms]
   [Other: 2.1 ms]
      [Choose CSet: 0.0 ms]
      [Ref Proc: 1.5 ms]
      [Ref Enq: 0.0 ms]
      [Redirty Cards: 0.1 ms]
      [Humongous Register: 0.0 ms]
      [Humongous Reclaim: 0.0 ms]
      [Free CSet: 0.3 ms]
   [Eden: 44.0M(44.0M)->0.0B(44.0M) Survivors: 7168.0K->7168.0K Heap: 184.9M(1024.0M)->146.0M(1024.0M)]
 [Times: user=0.05 sys=0.00, real=0.02 secs] 
2019-11-06T03:42:36.395+0800: 113.551: [GC pause (G1 Evacuation Pause) (young), 0.0117950 secs]
   [Parallel Time: 11.3 ms, GC Workers: 4]
      [GC Worker Start (ms): Min: 113550.8, Avg: 113552.6, Max: 113558.0, Diff: 7.2]
      [Ext Root Scanning (ms): Min: 0.0, Avg: 1.0, Max: 2.8, Diff: 2.8, Sum: 4.1]
      [Update RS (ms): Min: 0.0, Avg: 0.3, Max: 0.7, Diff: 0.7, Sum: 1.3]
         [Processed Buffers: Min: 0, Avg: 4.8, Max: 17, Diff: 17, Sum: 19]
      [Scan RS (ms): Min: 0.0, Avg: 0.5, Max: 1.2, Diff: 1.2, Sum: 2.2]
      [Code Root Scanning (ms): Min: 0.0, Avg: 0.5, Max: 1.1, Diff: 1.1, Sum: 1.9]
      [Object Copy (ms): Min: 4.0, Avg: 7.1, Max: 8.4, Diff: 4.4, Sum: 28.2]
      [Termination (ms): Min: 0.0, Avg: 0.0, Max: 0.0, Diff: 0.0, Sum: 0.0]
         [Termination Attempts: Min: 1, Avg: 1.0, Max: 1, Diff: 0, Sum: 4]
      [GC Worker Other (ms): Min: 0.0, Avg: 0.0, Max: 0.0, Diff: 0.0, Sum: 0.1]
      [GC Worker Total (ms): Min: 4.1, Avg: 9.4, Max: 11.3, Diff: 7.2, Sum: 37.8]
      [GC Worker End (ms): Min: 113562.0, Avg: 113562.0, Max: 113562.0, Diff: 0.0]
   [Code Root Fixup: 0.0 ms]
   [Code Root Purge: 0.0 ms]
   [Clear CT: 0.0 ms]
   [Other: 0.4 ms]
      [Choose CSet: 0.0 ms]
      [Ref Proc: 0.1 ms]
      [Ref Enq: 0.0 ms]
      [Redirty Cards: 0.1 ms]
      [Humongous Register: 0.0 ms]
      [Humongous Reclaim: 0.0 ms]
      [Free CSet: 0.1 ms]
   [Eden: 44.0M(44.0M)->0.0B(46.0M) Survivors: 7168.0K->5120.0K Heap: 190.0M(1024.0M)->148.5M(1024.0M)]
 [Times: user=0.03 sys=0.00, real=0.01 secs] 
2019-11-06T03:42:58.447+0800: 135.602: [GC pause (G1 Evacuation Pause) (young), 0.0068650 secs]
   [Parallel Time: 6.1 ms, GC Workers: 4]
      [GC Worker Start (ms): Min: 135602.1, Avg: 135602.5, Max: 135603.4, Diff: 1.3]
      [Ext Root Scanning (ms): Min: 0.0, Avg: 0.5, Max: 0.7, Diff: 0.7, Sum: 1.8]
      [Update RS (ms): Min: 0.2, Avg: 0.6, Max: 0.8, Diff: 0.7, Sum: 2.5]
         [Processed Buffers: Min: 1, Avg: 9.2, Max: 27, Diff: 26, Sum: 37]
      [Scan RS (ms): Min: 0.2, Avg: 0.5, Max: 0.8, Diff: 0.6, Sum: 2.2]
      [Code Root Scanning (ms): Min: 0.0, Avg: 0.4, Max: 0.9, Diff: 0.9, Sum: 1.5]
      [Object Copy (ms): Min: 3.4, Avg: 3.6, Max: 3.9, Diff: 0.5, Sum: 14.6]
      [Termination (ms): Min: 0.0, Avg: 0.0, Max: 0.0, Diff: 0.0, Sum: 0.0]
         [Termination Attempts: Min: 1, Avg: 1.2, Max: 2, Diff: 1, Sum: 5]
      [GC Worker Other (ms): Min: 0.0, Avg: 0.0, Max: 0.0, Diff: 0.0, Sum: 0.1]
      [GC Worker Total (ms): Min: 4.7, Avg: 5.6, Max: 6.0, Diff: 1.3, Sum: 22.6]
      [GC Worker End (ms): Min: 135608.1, Avg: 135608.1, Max: 135608.1, Diff: 0.0]
   [Code Root Fixup: 0.0 ms]
   [Code Root Purge: 0.0 ms]
   [Clear CT: 0.1 ms]
   [Other: 0.7 ms]
      [Choose CSet: 0.0 ms]
      [Ref Proc: 0.3 ms]
      [Ref Enq: 0.0 ms]
      [Redirty Cards: 0.0 ms]
      [Humongous Register: 0.0 ms]
      [Humongous Reclaim: 0.0 ms]
      [Free CSet: 0.0 ms]
   [Eden: 46.0M(46.0M)->0.0B(46.0M) Survivors: 5120.0K->5120.0K Heap: 194.5M(1024.0M)->148.5M(1024.0M)]
 [Times: user=0.03 sys=0.00, real=0.01 secs] 
2019-11-06T03:43:21.667+0800: 158.822: [GC pause (G1 Evacuation Pause) (young), 0.0062461 secs]
   [Parallel Time: 5.5 ms, GC Workers: 4]
      [GC Worker Start (ms): Min: 158821.8, Avg: 158822.4, Max: 158823.5, Diff: 1.7]
      [Ext Root Scanning (ms): Min: 0.0, Avg: 0.5, Max: 0.9, Diff: 0.9, Sum: 1.9]
      [Update RS (ms): Min: 0.1, Avg: 0.6, Max: 0.8, Diff: 0.7, Sum: 2.3]
         [Processed Buffers: Min: 1, Avg: 4.5, Max: 13, Diff: 12, Sum: 18]
      [Scan RS (ms): Min: 0.0, Avg: 0.0, Max: 0.0, Diff: 0.0, Sum: 0.0]
      [Code Root Scanning (ms): Min: 0.0, Avg: 0.4, Max: 0.8, Diff: 0.8, Sum: 1.6]
      [Object Copy (ms): Min: 3.0, Avg: 3.4, Max: 3.8, Diff: 0.8, Sum: 13.5]
      [Termination (ms): Min: 0.0, Avg: 0.0, Max: 0.0, Diff: 0.0, Sum: 0.0]
         [Termination Attempts: Min: 1, Avg: 1.0, Max: 1, Diff: 0, Sum: 4]
      [GC Worker Other (ms): Min: 0.0, Avg: 0.0, Max: 0.0, Diff: 0.0, Sum: 0.0]
      [GC Worker Total (ms): Min: 3.8, Avg: 4.8, Max: 5.5, Diff: 1.7, Sum: 19.4]
      [GC Worker End (ms): Min: 158827.3, Avg: 158827.3, Max: 158827.3, Diff: 0.0]
   [Code Root Fixup: 0.0 ms]
   [Code Root Purge: 0.0 ms]
   [Clear CT: 0.1 ms]
   [Other: 0.6 ms]
      [Choose CSet: 0.0 ms]
      [Ref Proc: 0.3 ms]
      [Ref Enq: 0.0 ms]
      [Redirty Cards: 0.1 ms]
      [Humongous Register: 0.0 ms]
      [Humongous Reclaim: 0.0 ms]
      [Free CSet: 0.0 ms]
   [Eden: 46.0M(46.0M)->0.0B(46.0M) Survivors: 5120.0K->5120.0K Heap: 194.5M(1024.0M)->148.5M(1024.0M)]
 [Times: user=0.02 sys=0.00, real=0.01 secs] 
2019-11-06T03:43:45.242+0800: 182.397: [GC pause (G1 Evacuation Pause) (young), 0.0052134 secs]
   [Parallel Time: 4.7 ms, GC Workers: 4]
      [GC Worker Start (ms): Min: 182397.1, Avg: 182397.1, Max: 182397.2, Diff: 0.0]
      [Ext Root Scanning (ms): Min: 0.5, Avg: 0.6, Max: 0.6, Diff: 0.1, Sum: 2.3]
      [Update RS (ms): Min: 0.6, Avg: 0.7, Max: 0.8, Diff: 0.2, Sum: 2.8]
         [Processed Buffers: Min: 1, Avg: 3.8, Max: 9, Diff: 8, Sum: 15]
      [Scan RS (ms): Min: 0.0, Avg: 0.0, Max: 0.0, Diff: 0.0, Sum: 0.0]
      [Code Root Scanning (ms): Min: 0.0, Avg: 0.2, Max: 0.6, Diff: 0.6, Sum: 0.9]
      [Object Copy (ms): Min: 2.7, Avg: 3.1, Max: 3.4, Diff: 0.7, Sum: 12.3]
      [Termination (ms): Min: 0.0, Avg: 0.0, Max: 0.0, Diff: 0.0, Sum: 0.0]
         [Termination Attempts: Min: 1, Avg: 1.0, Max: 1, Diff: 0, Sum: 4]
      [GC Worker Other (ms): Min: 0.0, Avg: 0.0, Max: 0.0, Diff: 0.0, Sum: 0.0]
      [GC Worker Total (ms): Min: 4.6, Avg: 4.6, Max: 4.6, Diff: 0.0, Sum: 18.3]
      [GC Worker End (ms): Min: 182401.7, Avg: 182401.7, Max: 182401.7, Diff: 0.0]
   [Code Root Fixup: 0.0 ms]
   [Code Root Purge: 0.0 ms]
   [Clear CT: 0.1 ms]
   [Other: 0.5 ms]
      [Choose CSet: 0.0 ms]
      [Ref Proc: 0.2 ms]
      [Ref Enq: 0.0 ms]
      [Redirty Cards: 0.1 ms]
      [Humongous Register: 0.0 ms]
      [Humongous Reclaim: 0.0 ms]
      [Free CSet: 0.0 ms]
   [Eden: 46.0M(46.0M)->0.0B(46.0M) Survivors: 5120.0K->5120.0K Heap: 194.5M(1024.0M)->148.3M(1024.0M)]
 [Times: user=0.02 sys=0.00, real=0.00 secs] 
2019-11-06T03:44:08.961+0800: 206.116: [GC pause (G1 Evacuation Pause) (young), 0.0079916 secs]
   [Parallel Time: 6.5 ms, GC Workers: 4]
      [GC Worker Start (ms): Min: 206116.4, Avg: 206116.5, Max: 206116.6, Diff: 0.2]
      [Ext Root Scanning (ms): Min: 0.3, Avg: 0.5, Max: 0.6, Diff: 0.3, Sum: 1.8]
      [Update RS (ms): Min: 0.4, Avg: 0.5, Max: 0.6, Diff: 0.1, Sum: 2.1]
         [Processed Buffers: Min: 1, Avg: 4.0, Max: 9, Diff: 8, Sum: 16]
      [Scan RS (ms): Min: 0.0, Avg: 0.0, Max: 0.0, Diff: 0.0, Sum: 0.0]
      [Code Root Scanning (ms): Min: 0.0, Avg: 0.7, Max: 2.3, Diff: 2.3, Sum: 2.9]
      [Object Copy (ms): Min: 3.1, Avg: 4.6, Max: 5.3, Diff: 2.3, Sum: 18.4]
      [Termination (ms): Min: 0.0, Avg: 0.0, Max: 0.0, Diff: 0.0, Sum: 0.0]
         [Termination Attempts: Min: 1, Avg: 1.0, Max: 1, Diff: 0, Sum: 4]
      [GC Worker Other (ms): Min: 0.0, Avg: 0.0, Max: 0.0, Diff: 0.0, Sum: 0.1]
      [GC Worker Total (ms): Min: 6.2, Avg: 6.3, Max: 6.4, Diff: 0.2, Sum: 25.3]
      [GC Worker End (ms): Min: 206122.8, Avg: 206122.8, Max: 206122.8, Diff: 0.0]
   [Code Root Fixup: 0.0 ms]
   [Code Root Purge: 0.0 ms]
   [Clear CT: 0.1 ms]
   [Other: 1.4 ms]
      [Choose CSet: 0.0 ms]
      [Ref Proc: 1.0 ms]
      [Ref Enq: 0.0 ms]
      [Redirty Cards: 0.0 ms]
      [Humongous Register: 0.1 ms]
      [Humongous Reclaim: 0.0 ms]
      [Free CSet: 0.0 ms]
   [Eden: 46.0M(46.0M)->0.0B(51.0M) Survivors: 5120.0K->5120.0K Heap: 194.3M(1024.0M)->149.0M(1024.0M)]
 [Times: user=0.03 sys=0.00, real=0.00 secs] 
2019-11-06T03:44:31.963+0800: 229.118: [GC pause (G1 Evacuation Pause) (young), 0.0080388 secs]
   [Parallel Time: 7.2 ms, GC Workers: 4]
      [GC Worker Start (ms): Min: 229118.4, Avg: 229118.8, Max: 229119.8, Diff: 1.5]
      [Ext Root Scanning (ms): Min: 0.0, Avg: 0.4, Max: 0.7, Diff: 0.7, Sum: 1.7]
      [Update RS (ms): Min: 0.0, Avg: 0.5, Max: 0.7, Diff: 0.7, Sum: 1.9]
         [Processed Buffers: Min: 0, Avg: 5.8, Max: 15, Diff: 15, Sum: 23]
      [Scan RS (ms): Min: 0.0, Avg: 0.0, Max: 0.0, Diff: 0.0, Sum: 0.0]
      [Code Root Scanning (ms): Min: 0.0, Avg: 0.3, Max: 0.5, Diff: 0.5, Sum: 1.0]
      [Object Copy (ms): Min: 5.3, Avg: 5.5, Max: 5.8, Diff: 0.4, Sum: 22.1]
      [Termination (ms): Min: 0.0, Avg: 0.0, Max: 0.0, Diff: 0.0, Sum: 0.0]
         [Termination Attempts: Min: 1, Avg: 1.0, Max: 1, Diff: 0, Sum: 4]
      [GC Worker Other (ms): Min: 0.0, Avg: 0.0, Max: 0.0, Diff: 0.0, Sum: 0.0]
      [GC Worker Total (ms): Min: 5.6, Avg: 6.7, Max: 7.1, Diff: 1.5, Sum: 26.8]
      [GC Worker End (ms): Min: 229125.5, Avg: 229125.5, Max: 229125.5, Diff: 0.0]
   [Code Root Fixup: 0.0 ms]
   [Code Root Purge: 0.0 ms]
   [Clear CT: 0.1 ms]
   [Other: 0.8 ms]
      [Choose CSet: 0.0 ms]
      [Ref Proc: 0.4 ms]
      [Ref Enq: 0.0 ms]
      [Redirty Cards: 0.0 ms]
      [Humongous Register: 0.0 ms]
      [Humongous Reclaim: 0.0 ms]
      [Free CSet: 0.0 ms]
   [Eden: 51.0M(51.0M)->0.0B(64.0M) Survivors: 5120.0K->5120.0K Heap: 200.0M(1024.0M)->149.0M(1024.0M)]
 [Times: user=0.02 sys=0.00, real=0.01 secs] 
2019-11-06T03:45:03.954+0800: 261.109: [GC pause (G1 Evacuation Pause) (young), 0.0080328 secs]
   [Parallel Time: 7.2 ms, GC Workers: 4]
      [GC Worker Start (ms): Min: 261109.2, Avg: 261109.8, Max: 261110.3, Diff: 1.1]
      [Ext Root Scanning (ms): Min: 0.1, Avg: 0.5, Max: 1.1, Diff: 1.1, Sum: 2.1]
      [Update RS (ms): Min: 0.6, Avg: 0.6, Max: 0.6, Diff: 0.0, Sum: 2.2]
         [Processed Buffers: Min: 1, Avg: 4.8, Max: 10, Diff: 9, Sum: 19]
      [Scan RS (ms): Min: 0.0, Avg: 0.0, Max: 0.0, Diff: 0.0, Sum: 0.0]
      [Code Root Scanning (ms): Min: 0.0, Avg: 0.3, Max: 0.7, Diff: 0.7, Sum: 1.1]
      [Object Copy (ms): Min: 4.6, Avg: 5.0, Max: 5.3, Diff: 0.7, Sum: 20.1]
      [Termination (ms): Min: 0.0, Avg: 0.0, Max: 0.0, Diff: 0.0, Sum: 0.0]
         [Termination Attempts: Min: 1, Avg: 1.0, Max: 1, Diff: 0, Sum: 4]
      [GC Worker Other (ms): Min: 0.0, Avg: 0.0, Max: 0.0, Diff: 0.0, Sum: 0.1]
      [GC Worker Total (ms): Min: 5.9, Avg: 6.4, Max: 7.0, Diff: 1.1, Sum: 25.7]
      [GC Worker End (ms): Min: 261116.2, Avg: 261116.2, Max: 261116.2, Diff: 0.0]
   [Code Root Fixup: 0.0 ms]
   [Code Root Purge: 0.0 ms]
   [Clear CT: 0.1 ms]
   [Other: 0.7 ms]
      [Choose CSet: 0.0 ms]
      [Ref Proc: 0.2 ms]
      [Ref Enq: 0.0 ms]
      [Redirty Cards: 0.1 ms]
      [Humongous Register: 0.1 ms]
      [Humongous Reclaim: 0.0 ms]
      [Free CSet: 0.1 ms]
   [Eden: 64.0M(64.0M)->0.0B(183.0M) Survivors: 5120.0K->5120.0K Heap: 213.0M(1024.0M)->148.5M(1024.0M)]
 [Times: user=0.02 sys=0.00, real=0.01 secs] 
2019-11-06T03:46:34.855+0800: 352.009: [GC pause (G1 Evacuation Pause) (young), 0.0074213 secs]
   [Parallel Time: 6.5 ms, GC Workers: 4]
      [GC Worker Start (ms): Min: 352009.3, Avg: 352009.3, Max: 352009.3, Diff: 0.0]
      [Ext Root Scanning (ms): Min: 0.5, Avg: 0.6, Max: 0.7, Diff: 0.2, Sum: 2.3]
      [Update RS (ms): Min: 0.6, Avg: 0.7, Max: 0.7, Diff: 0.1, Sum: 2.7]
         [Processed Buffers: Min: 2, Avg: 5.2, Max: 13, Diff: 11, Sum: 21]
      [Scan RS (ms): Min: 0.0, Avg: 0.0, Max: 0.1, Diff: 0.0, Sum: 0.2]
      [Code Root Scanning (ms): Min: 0.0, Avg: 0.3, Max: 0.8, Diff: 0.8, Sum: 1.2]
      [Object Copy (ms): Min: 4.3, Avg: 4.7, Max: 5.1, Diff: 0.8, Sum: 19.0]
      [Termination (ms): Min: 0.0, Avg: 0.0, Max: 0.0, Diff: 0.0, Sum: 0.0]
         [Termination Attempts: Min: 1, Avg: 1.0, Max: 1, Diff: 0, Sum: 4]
      [GC Worker Other (ms): Min: 0.0, Avg: 0.0, Max: 0.0, Diff: 0.0, Sum: 0.1]
      [GC Worker Total (ms): Min: 6.3, Avg: 6.4, Max: 6.4, Diff: 0.0, Sum: 25.4]
      [GC Worker End (ms): Min: 352015.6, Avg: 352015.6, Max: 352015.6, Diff: 0.0]
   [Code Root Fixup: 0.0 ms]
   [Code Root Purge: 0.0 ms]
   [Clear CT: 0.1 ms]
   [Other: 0.8 ms]
      [Choose CSet: 0.0 ms]
      [Ref Proc: 0.4 ms]
      [Ref Enq: 0.0 ms]
      [Redirty Cards: 0.0 ms]
      [Humongous Register: 0.0 ms]
      [Humongous Reclaim: 0.0 ms]
      [Free CSet: 0.1 ms]
   [Eden: 183.0M(183.0M)->0.0B(334.0M) Survivors: 5120.0K->5120.0K Heap: 331.5M(1024.0M)->148.5M(1024.0M)]
 [Times: user=0.02 sys=0.00, real=0.01 secs] 
2019-11-06T03:49:19.482+0800: 516.636: [GC pause (G1 Evacuation Pause) (young), 0.0141586 secs]
   [Parallel Time: 12.3 ms, GC Workers: 4]
      [GC Worker Start (ms): Min: 516636.2, Avg: 516636.2, Max: 516636.3, Diff: 0.1]
      [Ext Root Scanning (ms): Min: 0.6, Avg: 0.7, Max: 0.9, Diff: 0.4, Sum: 2.7]
      [Update RS (ms): Min: 0.7, Avg: 0.8, Max: 0.9, Diff: 0.2, Sum: 3.1]
         [Processed Buffers: Min: 1, Avg: 5.0, Max: 14, Diff: 13, Sum: 20]
      [Scan RS (ms): Min: 0.0, Avg: 0.1, Max: 0.1, Diff: 0.1, Sum: 0.3]
      [Code Root Scanning (ms): Min: 0.0, Avg: 0.3, Max: 0.6, Diff: 0.6, Sum: 1.3]
      [Object Copy (ms): Min: 9.4, Avg: 9.8, Max: 10.3, Diff: 0.9, Sum: 39.1]
      [Termination (ms): Min: 0.0, Avg: 0.5, Max: 0.6, Diff: 0.6, Sum: 1.9]
         [Termination Attempts: Min: 1, Avg: 1.2, Max: 2, Diff: 1, Sum: 5]
      [GC Worker Other (ms): Min: 0.0, Avg: 0.0, Max: 0.0, Diff: 0.0, Sum: 0.1]
      [GC Worker Total (ms): Min: 12.1, Avg: 12.1, Max: 12.1, Diff: 0.1, Sum: 48.4]
      [GC Worker End (ms): Min: 516648.3, Avg: 516648.3, Max: 516648.4, Diff: 0.0]
   [Code Root Fixup: 0.0 ms]
   [Code Root Purge: 0.0 ms]
   [Clear CT: 0.1 ms]
   [Other: 1.7 ms]
      [Choose CSet: 0.0 ms]
      [Ref Proc: 1.1 ms]
      [Ref Enq: 0.0 ms]
      [Redirty Cards: 0.0 ms]
      [Humongous Register: 0.1 ms]
      [Humongous Reclaim: 0.0 ms]
      [Free CSet: 0.1 ms]
   [Eden: 334.0M(334.0M)->0.0B(543.0M) Survivors: 5120.0K->6144.0K Heap: 482.5M(1024.0M)->149.4M(1024.0M)]
 [Times: user=0.04 sys=0.01, real=0.01 secs] 
2019-11-06T03:53:47.193+0800: 784.345: [GC pause (G1 Evacuation Pause) (young), 0.0101899 secs]
   [Parallel Time: 9.0 ms, GC Workers: 4]
      [GC Worker Start (ms): Min: 784345.2, Avg: 784345.2, Max: 784345.3, Diff: 0.1]
      [Ext Root Scanning (ms): Min: 0.4, Avg: 0.6, Max: 1.0, Diff: 0.5, Sum: 2.4]
      [Update RS (ms): Min: 0.8, Avg: 1.0, Max: 1.5, Diff: 0.8, Sum: 3.9]
         [Processed Buffers: Min: 2, Avg: 6.2, Max: 17, Diff: 15, Sum: 25]
      [Scan RS (ms): Min: 0.0, Avg: 0.1, Max: 0.2, Diff: 0.1, Sum: 0.4]
      [Code Root Scanning (ms): Min: 0.0, Avg: 0.4, Max: 0.7, Diff: 0.7, Sum: 1.4]
      [Object Copy (ms): Min: 6.1, Avg: 6.4, Max: 6.8, Diff: 0.6, Sum: 25.5]
      [Termination (ms): Min: 0.0, Avg: 0.5, Max: 0.7, Diff: 0.7, Sum: 2.0]
         [Termination Attempts: Min: 1, Avg: 1.0, Max: 1, Diff: 0, Sum: 4]
      [GC Worker Other (ms): Min: 0.0, Avg: 0.0, Max: 0.0, Diff: 0.0, Sum: 0.1]
      [GC Worker Total (ms): Min: 8.9, Avg: 8.9, Max: 9.0, Diff: 0.0, Sum: 35.8]
      [GC Worker End (ms): Min: 784354.2, Avg: 784354.2, Max: 784354.2, Diff: 0.0]
   [Code Root Fixup: 0.0 ms]
   [Code Root Purge: 0.0 ms]
   [Clear CT: 0.1 ms]
   [Other: 1.0 ms]
      [Choose CSet: 0.0 ms]
      [Ref Proc: 0.2 ms]
      [Ref Enq: 0.0 ms]
      [Redirty Cards: 0.0 ms]
      [Humongous Register: 0.0 ms]
      [Humongous Reclaim: 0.0 ms]
      [Free CSet: 0.5 ms]
   [Eden: 543.0M(543.0M)->0.0B(609.0M) Survivors: 6144.0K->5120.0K Heap: 692.4M(1024.0M)->148.5M(1024.0M)]
 [Times: user=0.03 sys=0.01, real=0.01 secs] 
2019-11-06T03:58:52.052+0800: 1089.203: [GC pause (G1 Evacuation Pause) (young), 0.0126224 secs]
   [Parallel Time: 10.2 ms, GC Workers: 4]
      [GC Worker Start (ms): Min: 1089204.0, Avg: 1089204.1, Max: 1089204.2, Diff: 0.2]
      [Ext Root Scanning (ms): Min: 1.2, Avg: 1.5, Max: 2.2, Diff: 1.1, Sum: 5.9]
      [Update RS (ms): Min: 0.0, Avg: 0.8, Max: 1.5, Diff: 1.5, Sum: 3.3]
         [Processed Buffers: Min: 2, Avg: 5.8, Max: 16, Diff: 14, Sum: 23]
      [Scan RS (ms): Min: 0.0, Avg: 0.1, Max: 0.2, Diff: 0.1, Sum: 0.4]
      [Code Root Scanning (ms): Min: 0.0, Avg: 0.3, Max: 0.6, Diff: 0.6, Sum: 1.2]
      [Object Copy (ms): Min: 7.0, Avg: 7.2, Max: 7.6, Diff: 0.6, Sum: 28.7]
      [Termination (ms): Min: 0.0, Avg: 0.0, Max: 0.0, Diff: 0.0, Sum: 0.0]
         [Termination Attempts: Min: 1, Avg: 1.8, Max: 2, Diff: 1, Sum: 7]
      [GC Worker Other (ms): Min: 0.0, Avg: 0.1, Max: 0.1, Diff: 0.1, Sum: 0.2]
      [GC Worker Total (ms): Min: 9.9, Avg: 9.9, Max: 10.0, Diff: 0.2, Sum: 39.8]
      [GC Worker End (ms): Min: 1089214.1, Avg: 1089214.1, Max: 1089214.1, Diff: 0.0]
   [Code Root Fixup: 0.0 ms]
   [Code Root Purge: 0.0 ms]
   [Clear CT: 0.1 ms]
   [Other: 2.3 ms]
      [Choose CSet: 0.0 ms]
      [Ref Proc: 0.2 ms]
      [Ref Enq: 0.0 ms]
      [Redirty Cards: 0.0 ms]
      [Humongous Register: 1.0 ms]
      [Humongous Reclaim: 0.0 ms]
      [Free CSet: 0.6 ms]
   [Eden: 609.0M(609.0M)->0.0B(608.0M) Survivors: 5120.0K->6144.0K Heap: 757.5M(1024.0M)->149.5M(1024.0M)]
 [Times: user=0.03 sys=0.01, real=0.01 secs] 
2019-11-06T04:03:59.811+0800: 1396.961: [GC pause (G1 Evacuation Pause) (young), 0.0125072 secs]
   [Parallel Time: 11.8 ms, GC Workers: 4]
      [GC Worker Start (ms): Min: 1396960.7, Avg: 1396960.7, Max: 1396960.8, Diff: 0.1]
      [Ext Root Scanning (ms): Min: 0.6, Avg: 0.7, Max: 1.0, Diff: 0.4, Sum: 3.0]
      [Update RS (ms): Min: 0.5, Avg: 0.7, Max: 0.8, Diff: 0.3, Sum: 2.8]
         [Processed Buffers: Min: 1, Avg: 6.5, Max: 15, Diff: 14, Sum: 26]
      [Scan RS (ms): Min: 0.1, Avg: 0.1, Max: 0.2, Diff: 0.1, Sum: 0.4]
      [Code Root Scanning (ms): Min: 0.0, Avg: 0.4, Max: 0.7, Diff: 0.7, Sum: 1.5]
      [Object Copy (ms): Min: 9.3, Avg: 9.7, Max: 10.1, Diff: 0.8, Sum: 38.9]
      [Termination (ms): Min: 0.0, Avg: 0.0, Max: 0.0, Diff: 0.0, Sum: 0.0]
         [Termination Attempts: Min: 1, Avg: 1.0, Max: 1, Diff: 0, Sum: 4]
      [GC Worker Other (ms): Min: 0.0, Avg: 0.0, Max: 0.1, Diff: 0.0, Sum: 0.2]
      [GC Worker Total (ms): Min: 11.7, Avg: 11.7, Max: 11.7, Diff: 0.1, Sum: 46.7]
      [GC Worker End (ms): Min: 1396972.4, Avg: 1396972.4, Max: 1396972.4, Diff: 0.0]
   [Code Root Fixup: 0.0 ms]
   [Code Root Purge: 0.0 ms]
   [Clear CT: 0.1 ms]
   [Other: 0.6 ms]
      [Choose CSet: 0.0 ms]
      [Ref Proc: 0.2 ms]
      [Ref Enq: 0.0 ms]
      [Redirty Cards: 0.0 ms]
      [Humongous Register: 0.0 ms]
      [Humongous Reclaim: 0.0 ms]
      [Free CSet: 0.2 ms]
   [Eden: 608.0M(608.0M)->0.0B(608.0M) Survivors: 6144.0K->6144.0K Heap: 757.5M(1024.0M)->149.5M(1024.0M)]
 [Times: user=0.03 sys=0.01, real=0.01 secs] 
2019-11-06T04:09:02.953+0800: 1700.102: [GC pause (G1 Evacuation Pause) (young), 0.0324497 secs]
   [Parallel Time: 17.0 ms, GC Workers: 4]
      [GC Worker Start (ms): Min: 1700104.6, Avg: 1700104.8, Max: 1700105.0, Diff: 0.4]
      [Ext Root Scanning (ms): Min: 1.6, Avg: 2.5, Max: 5.0, Diff: 3.4, Sum: 10.1]
      [Update RS (ms): Min: 0.0, Avg: 2.0, Max: 2.8, Diff: 2.8, Sum: 8.1]
         [Processed Buffers: Min: 0, Avg: 5.5, Max: 18, Diff: 18, Sum: 22]
      [Scan RS (ms): Min: 0.0, Avg: 0.1, Max: 0.1, Diff: 0.0, Sum: 0.3]
      [Code Root Scanning (ms): Min: 0.0, Avg: 0.4, Max: 1.0, Diff: 1.0, Sum: 1.7]
      [Object Copy (ms): Min: 11.2, Avg: 11.5, Max: 11.8, Diff: 0.7, Sum: 45.9]
      [Termination (ms): Min: 0.0, Avg: 0.0, Max: 0.0, Diff: 0.0, Sum: 0.1]
         [Termination Attempts: Min: 1, Avg: 1.8, Max: 2, Diff: 1, Sum: 7]
      [GC Worker Other (ms): Min: 0.1, Avg: 0.1, Max: 0.1, Diff: 0.0, Sum: 0.3]
      [GC Worker Total (ms): Min: 16.4, Avg: 16.6, Max: 16.9, Diff: 0.4, Sum: 66.4]
      [GC Worker End (ms): Min: 1700121.4, Avg: 1700121.4, Max: 1700121.4, Diff: 0.0]
   [Code Root Fixup: 0.0 ms]
   [Code Root Purge: 0.0 ms]
   [Clear CT: 0.1 ms]
   [Other: 15.2 ms]
      [Choose CSet: 0.0 ms]
      [Ref Proc: 10.7 ms]
      [Ref Enq: 0.0 ms]
      [Redirty Cards: 0.4 ms]
      [Humongous Register: 2.5 ms]
      [Humongous Reclaim: 0.0 ms]
      [Free CSet: 1.0 ms]
   [Eden: 608.0M(608.0M)->0.0B(141.0M) Survivors: 6144.0K->6144.0K Heap: 757.5M(1024.0M)->149.5M(1024.0M)]
 [Times: user=0.03 sys=0.04, real=0.03 secs] 
2019-11-06T04:10:13.405+0800: 1770.553: [GC pause (G1 Evacuation Pause) (young), 0.0115524 secs]
   [Parallel Time: 10.5 ms, GC Workers: 4]
      [GC Worker Start (ms): Min: 1770553.5, Avg: 1770553.5, Max: 1770553.5, Diff: 0.0]
      [Ext Root Scanning (ms): Min: 0.3, Avg: 0.5, Max: 0.7, Diff: 0.4, Sum: 1.8]
      [Update RS (ms): Min: 0.3, Avg: 0.6, Max: 1.0, Diff: 0.7, Sum: 2.4]
         [Processed Buffers: Min: 1, Avg: 4.5, Max: 11, Diff: 10, Sum: 18]
      [Scan RS (ms): Min: 0.0, Avg: 0.0, Max: 0.0, Diff: 0.0, Sum: 0.1]
      [Code Root Scanning (ms): Min: 0.0, Avg: 0.3, Max: 0.6, Diff: 0.6, Sum: 1.1]
      [Object Copy (ms): Min: 8.6, Avg: 8.8, Max: 9.0, Diff: 0.4, Sum: 35.0]
      [Termination (ms): Min: 0.0, Avg: 0.3, Max: 0.4, Diff: 0.4, Sum: 1.1]
         [Termination Attempts: Min: 1, Avg: 1.0, Max: 1, Diff: 0, Sum: 4]
      [GC Worker Other (ms): Min: 0.0, Avg: 0.0, Max: 0.1, Diff: 0.1, Sum: 0.1]
      [GC Worker Total (ms): Min: 10.4, Avg: 10.4, Max: 10.5, Diff: 0.1, Sum: 41.7]
      [GC Worker End (ms): Min: 1770563.9, Avg: 1770563.9, Max: 1770564.0, Diff: 0.1]
   [Code Root Fixup: 0.0 ms]
   [Code Root Purge: 0.0 ms]
   [Clear CT: 0.1 ms]
   [Other: 0.9 ms]
      [Choose CSet: 0.0 ms]
      [Ref Proc: 0.5 ms]
      [Ref Enq: 0.0 ms]
      [Redirty Cards: 0.1 ms]
      [Humongous Register: 0.1 ms]
      [Humongous Reclaim: 0.0 ms]
      [Free CSet: 0.1 ms]
   [Eden: 141.0M(141.0M)->0.0B(327.0M) Survivors: 6144.0K->5120.0K Heap: 290.5M(1024.0M)->149.0M(1024.0M)]
 [Times: user=0.02 sys=0.01, real=0.01 secs] 
2019-11-06T04:13:01.223+0800: 1938.370: [GC pause (G1 Evacuation Pause) (young), 0.0129339 secs]
   [Parallel Time: 11.4 ms, GC Workers: 4]
      [GC Worker Start (ms): Min: 1938371.0, Avg: 1938371.1, Max: 1938371.1, Diff: 0.0]
      [Ext Root Scanning (ms): Min: 0.5, Avg: 0.6, Max: 0.9, Diff: 0.4, Sum: 2.4]
      [Update RS (ms): Min: 0.5, Avg: 0.8, Max: 1.4, Diff: 0.9, Sum: 3.1]
         [Processed Buffers: Min: 2, Avg: 6.0, Max: 15, Diff: 13, Sum: 24]
      [Scan RS (ms): Min: 0.0, Avg: 0.1, Max: 0.1, Diff: 0.1, Sum: 0.2]
      [Code Root Scanning (ms): Min: 0.0, Avg: 0.5, Max: 1.1, Diff: 1.1, Sum: 1.9]
      [Object Copy (ms): Min: 8.8, Avg: 9.2, Max: 10.0, Diff: 1.2, Sum: 36.9]
      [Termination (ms): Min: 0.0, Avg: 0.1, Max: 0.2, Diff: 0.2, Sum: 0.5]
         [Termination Attempts: Min: 1, Avg: 1.0, Max: 1, Diff: 0, Sum: 4]
      [GC Worker Other (ms): Min: 0.0, Avg: 0.0, Max: 0.0, Diff: 0.0, Sum: 0.2]
      [GC Worker Total (ms): Min: 11.3, Avg: 11.3, Max: 11.4, Diff: 0.1, Sum: 45.3]
      [GC Worker End (ms): Min: 1938382.3, Avg: 1938382.4, Max: 1938382.4, Diff: 0.1]
   [Code Root Fixup: 0.0 ms]
   [Code Root Purge: 0.0 ms]
   [Clear CT: 0.1 ms]
   [Other: 1.3 ms]
      [Choose CSet: 0.0 ms]
      [Ref Proc: 0.2 ms]
      [Ref Enq: 0.0 ms]
      [Redirty Cards: 0.0 ms]
      [Humongous Register: 0.0 ms]
      [Humongous Reclaim: 0.0 ms]
      [Free CSet: 0.1 ms]
   [Eden: 327.0M(327.0M)->0.0B(601.0M) Survivors: 5120.0K->4096.0K Heap: 476.0M(1024.0M)->149.0M(1024.0M)]
 [Times: user=0.03 sys=0.00, real=0.01 secs] 
2019-11-06T04:18:00.106+0800: 2237.251: [GC pause (G1 Evacuation Pause) (young), 0.0223529 secs]
   [Parallel Time: 17.7 ms, GC Workers: 4]
      [GC Worker Start (ms): Min: 2237251.5, Avg: 2237251.5, Max: 2237251.6, Diff: 0.1]
      [Ext Root Scanning (ms): Min: 1.8, Avg: 2.8, Max: 5.4, Diff: 3.5, Sum: 11.3]
      [Update RS (ms): Min: 0.6, Avg: 2.9, Max: 3.9, Diff: 3.3, Sum: 11.5]
         [Processed Buffers: Min: 1, Avg: 7.5, Max: 21, Diff: 20, Sum: 30]
      [Scan RS (ms): Min: 0.0, Avg: 0.1, Max: 0.1, Diff: 0.1, Sum: 0.3]
      [Code Root Scanning (ms): Min: 0.0, Avg: 0.7, Max: 1.6, Diff: 1.6, Sum: 2.9]
      [Object Copy (ms): Min: 10.3, Avg: 10.9, Max: 11.5, Diff: 1.2, Sum: 43.6]
      [Termination (ms): Min: 0.0, Avg: 0.0, Max: 0.1, Diff: 0.0, Sum: 0.1]
         [Termination Attempts: Min: 1, Avg: 1.0, Max: 1, Diff: 0, Sum: 4]
      [GC Worker Other (ms): Min: 0.0, Avg: 0.1, Max: 0.3, Diff: 0.3, Sum: 0.5]
      [GC Worker Total (ms): Min: 17.5, Avg: 17.5, Max: 17.6, Diff: 0.1, Sum: 70.2]
      [GC Worker End (ms): Min: 2237269.1, Avg: 2237269.1, Max: 2237269.1, Diff: 0.0]
   [Code Root Fixup: 0.0 ms]
   [Code Root Purge: 0.0 ms]
   [Clear CT: 0.1 ms]
   [Other: 4.6 ms]
      [Choose CSet: 0.0 ms]
      [Ref Proc: 0.1 ms]
      [Ref Enq: 0.0 ms]
      [Redirty Cards: 0.0 ms]
      [Humongous Register: 0.7 ms]
      [Humongous Reclaim: 0.0 ms]
      [Free CSet: 2.7 ms]
   [Eden: 601.0M(601.0M)->0.0B(485.0M) Survivors: 4096.0K->4096.0K Heap: 750.0M(1024.0M)->149.7M(1024.0M)]
 [Times: user=0.02 sys=0.03, real=0.02 secs] 
2019-11-06T04:21:59.597+0800: 2476.740: [GC pause (G1 Evacuation Pause) (young), 0.0291594 secs]
   [Parallel Time: 22.8 ms, GC Workers: 4]
      [GC Worker Start (ms): Min: 2476743.1, Avg: 2476743.6, Max: 2476744.0, Diff: 0.9]
      [Ext Root Scanning (ms): Min: 1.6, Avg: 4.1, Max: 6.6, Diff: 5.0, Sum: 16.2]
      [Update RS (ms): Min: 0.2, Avg: 2.2, Max: 3.0, Diff: 2.8, Sum: 8.7]
         [Processed Buffers: Min: 1, Avg: 8.0, Max: 24, Diff: 23, Sum: 32]
      [Scan RS (ms): Min: 0.0, Avg: 0.1, Max: 0.1, Diff: 0.1, Sum: 0.2]
      [Code Root Scanning (ms): Min: 0.0, Avg: 0.5, Max: 1.1, Diff: 1.1, Sum: 2.1]
      [Object Copy (ms): Min: 11.5, Avg: 12.1, Max: 12.8, Diff: 1.3, Sum: 48.4]
      [Termination (ms): Min: 0.0, Avg: 1.4, Max: 2.8, Diff: 2.8, Sum: 5.5]
         [Termination Attempts: Min: 1, Avg: 1.0, Max: 1, Diff: 0, Sum: 4]
      [GC Worker Other (ms): Min: 0.0, Avg: 0.3, Max: 1.1, Diff: 1.1, Sum: 1.2]
      [GC Worker Total (ms): Min: 19.1, Avg: 20.6, Max: 22.3, Diff: 3.2, Sum: 82.3]
      [GC Worker End (ms): Min: 2476763.1, Avg: 2476764.1, Max: 2476765.4, Diff: 2.2]
   [Code Root Fixup: 0.0 ms]
   [Code Root Purge: 0.0 ms]
   [Clear CT: 0.2 ms]
   [Other: 6.2 ms]
      [Choose CSet: 0.0 ms]
      [Ref Proc: 2.0 ms]
      [Ref Enq: 0.0 ms]
      [Redirty Cards: 0.1 ms]
      [Humongous Register: 1.7 ms]
      [Humongous Reclaim: 0.0 ms]
      [Free CSet: 1.4 ms]
   [Eden: 485.0M(485.0M)->0.0B(137.0M) Survivors: 4096.0K->5120.0K Heap: 634.7M(1024.0M)->150.8M(1024.0M)]
 [Times: user=0.03 sys=0.02, real=0.03 secs] 
2019-11-06T04:23:07.402+0800: 2544.545: [GC pause (G1 Evacuation Pause) (young), 0.0066028 secs]
   [Parallel Time: 6.0 ms, GC Workers: 4]
      [GC Worker Start (ms): Min: 2544545.5, Avg: 2544545.5, Max: 2544545.6, Diff: 0.0]
      [Ext Root Scanning (ms): Min: 0.0, Avg: 0.4, Max: 0.6, Diff: 0.6, Sum: 1.6]
      [Update RS (ms): Min: 0.2, Avg: 0.5, Max: 0.7, Diff: 0.5, Sum: 2.0]
         [Processed Buffers: Min: 1, Avg: 8.0, Max: 23, Diff: 22, Sum: 32]
      [Scan RS (ms): Min: 0.0, Avg: 0.0, Max: 0.1, Diff: 0.1, Sum: 0.1]
      [Code Root Scanning (ms): Min: 0.0, Avg: 0.1, Max: 0.4, Diff: 0.4, Sum: 0.5]
      [Object Copy (ms): Min: 4.4, Avg: 4.6, Max: 4.7, Diff: 0.3, Sum: 18.4]
      [Termination (ms): Min: 0.0, Avg: 0.0, Max: 0.0, Diff: 0.0, Sum: 0.0]
         [Termination Attempts: Min: 1, Avg: 1.0, Max: 1, Diff: 0, Sum: 4]
      [GC Worker Other (ms): Min: 0.0, Avg: 0.3, Max: 1.1, Diff: 1.0, Sum: 1.2]
      [GC Worker Total (ms): Min: 5.9, Avg: 5.9, Max: 6.0, Diff: 0.0, Sum: 23.7]
      [GC Worker End (ms): Min: 2544551.5, Avg: 2544551.5, Max: 2544551.5, Diff: 0.0]
   [Code Root Fixup: 0.0 ms]
   [Code Root Purge: 0.0 ms]
   [Clear CT: 0.1 ms]
   [Other: 0.5 ms]
      [Choose CSet: 0.0 ms]
      [Ref Proc: 0.1 ms]
      [Ref Enq: 0.0 ms]
      [Redirty Cards: 0.1 ms]
      [Humongous Register: 0.0 ms]
      [Humongous Reclaim: 0.0 ms]
      [Free CSet: 0.1 ms]
   [Eden: 137.0M(137.0M)->0.0B(485.0M) Survivors: 5120.0K->5120.0K Heap: 287.8M(1024.0M)->150.4M(1024.0M)]
 [Times: user=0.03 sys=0.00, real=0.00 secs] 
2019-11-06T04:27:09.141+0800: 2786.283: [GC pause (G1 Evacuation Pause) (young), 0.0097635 secs]
   [Parallel Time: 8.9 ms, GC Workers: 4]
      [GC Worker Start (ms): Min: 2786283.4, Avg: 2786283.4, Max: 2786283.4, Diff: 0.1]
      [Ext Root Scanning (ms): Min: 0.5, Avg: 0.8, Max: 1.8, Diff: 1.3, Sum: 3.3]
      [Update RS (ms): Min: 0.0, Avg: 0.6, Max: 0.9, Diff: 0.9, Sum: 2.3]
         [Processed Buffers: Min: 0, Avg: 8.2, Max: 18, Diff: 18, Sum: 33]
      [Scan RS (ms): Min: 0.0, Avg: 0.1, Max: 0.1, Diff: 0.1, Sum: 0.3]
      [Code Root Scanning (ms): Min: 0.0, Avg: 0.1, Max: 0.3, Diff: 0.3, Sum: 0.5]
      [Object Copy (ms): Min: 7.0, Avg: 7.2, Max: 7.4, Diff: 0.4, Sum: 28.7]
      [Termination (ms): Min: 0.0, Avg: 0.0, Max: 0.0, Diff: 0.0, Sum: 0.0]
         [Termination Attempts: Min: 1, Avg: 1.0, Max: 1, Diff: 0, Sum: 4]
      [GC Worker Other (ms): Min: 0.0, Avg: 0.0, Max: 0.0, Diff: 0.0, Sum: 0.1]
      [GC Worker Total (ms): Min: 8.7, Avg: 8.8, Max: 8.8, Diff: 0.1, Sum: 35.2]
      [GC Worker End (ms): Min: 2786292.2, Avg: 2786292.2, Max: 2786292.2, Diff: 0.0]
   [Code Root Fixup: 0.0 ms]
   [Code Root Purge: 0.0 ms]
   [Clear CT: 0.1 ms]
   [Other: 0.8 ms]
      [Choose CSet: 0.0 ms]
      [Ref Proc: 0.2 ms]
      [Ref Enq: 0.0 ms]
      [Redirty Cards: 0.0 ms]
      [Humongous Register: 0.1 ms]
      [Humongous Reclaim: 0.0 ms]
      [Free CSet: 0.2 ms]
   [Eden: 485.0M(485.0M)->0.0B(609.0M) Survivors: 5120.0K->5120.0K Heap: 635.4M(1024.0M)->150.4M(1024.0M)]
 [Times: user=0.03 sys=0.02, real=0.01 secs] 
2019-11-06T04:32:08.105+0800: 3085.245: [GC pause (G1 Evacuation Pause) (young), 0.0091902 secs]
   [Parallel Time: 8.1 ms, GC Workers: 4]
      [GC Worker Start (ms): Min: 3085245.3, Avg: 3085245.4, Max: 3085245.4, Diff: 0.0]
      [Ext Root Scanning (ms): Min: 0.3, Avg: 0.4, Max: 0.5, Diff: 0.2, Sum: 1.5]
      [Update RS (ms): Min: 0.0, Avg: 0.4, Max: 0.6, Diff: 0.6, Sum: 1.5]
         [Processed Buffers: Min: 0, Avg: 8.2, Max: 20, Diff: 20, Sum: 33]
      [Scan RS (ms): Min: 0.0, Avg: 0.1, Max: 0.2, Diff: 0.2, Sum: 0.4]
      [Code Root Scanning (ms): Min: 0.0, Avg: 0.2, Max: 0.4, Diff: 0.4, Sum: 0.6]
      [Object Copy (ms): Min: 6.7, Avg: 7.0, Max: 7.7, Diff: 1.0, Sum: 28.1]
      [Termination (ms): Min: 0.0, Avg: 0.0, Max: 0.0, Diff: 0.0, Sum: 0.0]
         [Termination Attempts: Min: 1, Avg: 1.0, Max: 1, Diff: 0, Sum: 4]
      [GC Worker Other (ms): Min: 0.0, Avg: 0.0, Max: 0.0, Diff: 0.0, Sum: 0.1]
      [GC Worker Total (ms): Min: 8.0, Avg: 8.1, Max: 8.1, Diff: 0.0, Sum: 32.2]
      [GC Worker End (ms): Min: 3085253.4, Avg: 3085253.4, Max: 3085253.4, Diff: 0.0]
   [Code Root Fixup: 0.0 ms]
   [Code Root Purge: 0.0 ms]
   [Clear CT: 0.1 ms]
   [Other: 0.9 ms]
      [Choose CSet: 0.0 ms]
      [Ref Proc: 0.2 ms]
      [Ref Enq: 0.0 ms]
      [Redirty Cards: 0.1 ms]
      [Humongous Register: 0.0 ms]
      [Humongous Reclaim: 0.0 ms]
      [Free CSet: 0.4 ms]
   [Eden: 609.0M(609.0M)->0.0B(609.0M) Survivors: 5120.0K->5120.0K Heap: 759.4M(1024.0M)->150.4M(1024.0M)]
 [Times: user=0.02 sys=0.01, real=0.01 secs] 
2019-11-06T04:37:07.841+0800: 3384.980: [GC pause (G1 Evacuation Pause) (young), 0.0154026 secs]
   [Parallel Time: 13.2 ms, GC Workers: 4]
      [GC Worker Start (ms): Min: 3384980.6, Avg: 3384980.7, Max: 3384980.8, Diff: 0.2]
      [Ext Root Scanning (ms): Min: 2.0, Avg: 2.7, Max: 4.8, Diff: 2.9, Sum: 10.9]
      [Update RS (ms): Min: 0.0, Avg: 1.5, Max: 2.0, Diff: 2.0, Sum: 5.8]
         [Processed Buffers: Min: 0, Avg: 8.2, Max: 29, Diff: 29, Sum: 33]
      [Scan RS (ms): Min: 0.0, Avg: 0.1, Max: 0.2, Diff: 0.1, Sum: 0.3]
      [Code Root Scanning (ms): Min: 0.0, Avg: 0.6, Max: 1.1, Diff: 1.1, Sum: 2.5]
      [Object Copy (ms): Min: 7.9, Avg: 8.2, Max: 8.7, Diff: 0.8, Sum: 32.7]
      [Termination (ms): Min: 0.0, Avg: 0.0, Max: 0.0, Diff: 0.0, Sum: 0.0]
         [Termination Attempts: Min: 1, Avg: 1.2, Max: 2, Diff: 1, Sum: 5]
      [GC Worker Other (ms): Min: 0.0, Avg: 0.0, Max: 0.0, Diff: 0.0, Sum: 0.1]
      [GC Worker Total (ms): Min: 13.0, Avg: 13.1, Max: 13.1, Diff: 0.2, Sum: 52.3]
      [GC Worker End (ms): Min: 3384993.8, Avg: 3384993.8, Max: 3384993.8, Diff: 0.0]
   [Code Root Fixup: 0.0 ms]
   [Code Root Purge: 0.0 ms]
   [Clear CT: 0.1 ms]
   [Other: 2.0 ms]
      [Choose CSet: 0.0 ms]
      [Ref Proc: 0.1 ms]
      [Ref Enq: 0.0 ms]
      [Redirty Cards: 0.0 ms]
      [Humongous Register: 0.6 ms]
      [Humongous Reclaim: 0.0 ms]
      [Free CSet: 0.8 ms]
   [Eden: 609.0M(609.0M)->0.0B(609.0M) Survivors: 5120.0K->5120.0K Heap: 759.4M(1024.0M)->150.5M(1024.0M)]
 [Times: user=0.02 sys=0.02, real=0.01 secs] 
2019-11-06T04:42:05.090+0800: 3682.228: [GC pause (G1 Evacuation Pause) (young), 0.0250941 secs]
   [Parallel Time: 22.0 ms, GC Workers: 4]
      [GC Worker Start (ms): Min: 3682229.4, Avg: 3682229.6, Max: 3682229.8, Diff: 0.3]
      [Ext Root Scanning (ms): Min: 3.0, Avg: 4.3, Max: 7.5, Diff: 4.5, Sum: 17.2]
      [Update RS (ms): Min: 0.0, Avg: 2.4, Max: 4.1, Diff: 4.1, Sum: 9.6]
         [Processed Buffers: Min: 0, Avg: 8.0, Max: 26, Diff: 26, Sum: 32]
      [Scan RS (ms): Min: 0.0, Avg: 0.1, Max: 0.2, Diff: 0.2, Sum: 0.4]
      [Code Root Scanning (ms): Min: 0.0, Avg: 0.2, Max: 0.4, Diff: 0.4, Sum: 0.9]
      [Object Copy (ms): Min: 14.2, Avg: 14.3, Max: 14.5, Diff: 0.3, Sum: 57.4]
      [Termination (ms): Min: 0.0, Avg: 0.4, Max: 0.6, Diff: 0.6, Sum: 1.4]
         [Termination Attempts: Min: 1, Avg: 1.0, Max: 1, Diff: 0, Sum: 4]
      [GC Worker Other (ms): Min: 0.0, Avg: 0.1, Max: 0.1, Diff: 0.0, Sum: 0.2]
      [GC Worker Total (ms): Min: 21.5, Avg: 21.7, Max: 21.9, Diff: 0.3, Sum: 87.0]
      [GC Worker End (ms): Min: 3682251.3, Avg: 3682251.3, Max: 3682251.3, Diff: 0.1]
   [Code Root Fixup: 0.0 ms]
   [Code Root Purge: 0.0 ms]
   [Clear CT: 0.2 ms]
   [Other: 2.9 ms]
      [Choose CSet: 0.0 ms]
      [Ref Proc: 0.3 ms]
      [Ref Enq: 0.0 ms]
      [Redirty Cards: 0.0 ms]
      [Humongous Register: 1.1 ms]
      [Humongous Reclaim: 0.0 ms]
      [Free CSet: 0.9 ms]
   [Eden: 609.0M(609.0M)->0.0B(608.0M) Survivors: 5120.0K->6144.0K Heap: 759.5M(1024.0M)->151.5M(1024.0M)]
 [Times: user=0.03 sys=0.03, real=0.02 secs] 
2019-11-06T04:46:59.188+0800: 3976.324: [GC pause (G1 Evacuation Pause) (young), 0.0150314 secs]
   [Parallel Time: 12.6 ms, GC Workers: 4]
      [GC Worker Start (ms): Min: 3976325.6, Avg: 3976325.7, Max: 3976325.7, Diff: 0.1]
      [Ext Root Scanning (ms): Min: 1.9, Avg: 2.2, Max: 2.9, Diff: 1.1, Sum: 8.8]
      [Update RS (ms): Min: 0.2, Avg: 0.7, Max: 1.0, Diff: 0.8, Sum: 3.0]
         [Processed Buffers: Min: 3, Avg: 8.0, Max: 15, Diff: 12, Sum: 32]
      [Scan RS (ms): Min: 0.0, Avg: 0.1, Max: 0.2, Diff: 0.1, Sum: 0.4]
      [Code Root Scanning (ms): Min: 0.0, Avg: 0.3, Max: 0.7, Diff: 0.7, Sum: 1.1]
      [Object Copy (ms): Min: 8.6, Avg: 9.0, Max: 9.3, Diff: 0.7, Sum: 35.8]
      [Termination (ms): Min: 0.0, Avg: 0.0, Max: 0.0, Diff: 0.0, Sum: 0.0]
         [Termination Attempts: Min: 1, Avg: 1.0, Max: 1, Diff: 0, Sum: 4]
      [GC Worker Other (ms): Min: 0.1, Avg: 0.1, Max: 0.1, Diff: 0.1, Sum: 0.5]
      [GC Worker Total (ms): Min: 12.3, Avg: 12.4, Max: 12.5, Diff: 0.2, Sum: 49.6]
      [GC Worker End (ms): Min: 3976338.0, Avg: 3976338.0, Max: 3976338.1, Diff: 0.0]
   [Code Root Fixup: 0.0 ms]
   [Code Root Purge: 0.0 ms]
   [Clear CT: 0.2 ms]
   [Other: 2.2 ms]
      [Choose CSet: 0.0 ms]
      [Ref Proc: 0.4 ms]
      [Ref Enq: 0.0 ms]
      [Redirty Cards: 0.0 ms]
      [Humongous Register: 0.8 ms]
      [Humongous Reclaim: 0.0 ms]
      [Free CSet: 0.3 ms]
   [Eden: 608.0M(608.0M)->0.0B(609.0M) Survivors: 6144.0K->5120.0K Heap: 759.5M(1024.0M)->151.0M(1024.0M)]
 [Times: user=0.03 sys=0.02, real=0.02 secs] 
2019-11-06T04:52:00.384+0800: 4277.517: [GC pause (G1 Evacuation Pause) (young), 0.0151855 secs]
   [Parallel Time: 13.8 ms, GC Workers: 4]
      [GC Worker Start (ms): Min: 4277517.6, Avg: 4277517.6, Max: 4277517.7, Diff: 0.1]
      [Ext Root Scanning (ms): Min: 0.7, Avg: 0.7, Max: 0.8, Diff: 0.1, Sum: 2.8]
      [Update RS (ms): Min: 0.4, Avg: 0.5, Max: 0.6, Diff: 0.2, Sum: 2.1]
         [Processed Buffers: Min: 1, Avg: 8.2, Max: 20, Diff: 19, Sum: 33]
      [Scan RS (ms): Min: 0.1, Avg: 0.1, Max: 0.2, Diff: 0.1, Sum: 0.4]
      [Code Root Scanning (ms): Min: 0.0, Avg: 0.2, Max: 0.4, Diff: 0.4, Sum: 0.9]
      [Object Copy (ms): Min: 11.0, Avg: 11.4, Max: 11.6, Diff: 0.6, Sum: 45.6]
      [Termination (ms): Min: 0.0, Avg: 0.5, Max: 0.8, Diff: 0.8, Sum: 2.1]
         [Termination Attempts: Min: 1, Avg: 1.0, Max: 1, Diff: 0, Sum: 4]
      [GC Worker Other (ms): Min: 0.0, Avg: 0.0, Max: 0.1, Diff: 0.1, Sum: 0.1]
      [GC Worker Total (ms): Min: 13.4, Avg: 13.5, Max: 13.7, Diff: 0.2, Sum: 54.1]
      [GC Worker End (ms): Min: 4277531.1, Avg: 4277531.2, Max: 4277531.3, Diff: 0.3]
   [Code Root Fixup: 0.0 ms]
   [Code Root Purge: 0.0 ms]
   [Clear CT: 0.2 ms]
   [Other: 1.2 ms]
      [Choose CSet: 0.0 ms]
      [Ref Proc: 0.7 ms]
      [Ref Enq: 0.0 ms]
      [Redirty Cards: 0.0 ms]
      [Humongous Register: 0.0 ms]
      [Humongous Reclaim: 0.0 ms]
      [Free CSet: 0.2 ms]
   [Eden: 609.0M(609.0M)->0.0B(609.0M) Survivors: 5120.0K->5120.0K Heap: 760.0M(1024.0M)->151.1M(1024.0M)]
 [Times: user=0.03 sys=0.01, real=0.02 secs] 
2019-11-06T04:56:51.615+0800: 4568.746: [GC pause (G1 Evacuation Pause) (young), 0.0212519 secs]
   [Parallel Time: 18.2 ms, GC Workers: 4]
      [GC Worker Start (ms): Min: 4568747.1, Avg: 4568747.2, Max: 4568747.2, Diff: 0.1]
      [Ext Root Scanning (ms): Min: 2.0, Avg: 2.7, Max: 4.7, Diff: 2.7, Sum: 11.0]
      [Update RS (ms): Min: 0.0, Avg: 1.2, Max: 1.8, Diff: 1.8, Sum: 4.9]
         [Processed Buffers: Min: 0, Avg: 8.2, Max: 22, Diff: 22, Sum: 33]
      [Scan RS (ms): Min: 0.0, Avg: 0.2, Max: 0.5, Diff: 0.5, Sum: 0.7]
      [Code Root Scanning (ms): Min: 0.0, Avg: 0.3, Max: 0.7, Diff: 0.7, Sum: 1.1]
      [Object Copy (ms): Min: 13.3, Avg: 13.6, Max: 13.9, Diff: 0.6, Sum: 54.3]
      [Termination (ms): Min: 0.0, Avg: 0.0, Max: 0.0, Diff: 0.0, Sum: 0.0]
         [Termination Attempts: Min: 1, Avg: 1.0, Max: 1, Diff: 0, Sum: 4]
      [GC Worker Other (ms): Min: 0.0, Avg: 0.1, Max: 0.1, Diff: 0.0, Sum: 0.3]
      [GC Worker Total (ms): Min: 18.0, Avg: 18.1, Max: 18.1, Diff: 0.1, Sum: 72.4]
      [GC Worker End (ms): Min: 4568765.3, Avg: 4568765.3, Max: 4568765.3, Diff: 0.0]
   [Code Root Fixup: 0.0 ms]
   [Code Root Purge: 0.0 ms]
   [Clear CT: 0.2 ms]
   [Other: 2.9 ms]
      [Choose CSet: 0.0 ms]
      [Ref Proc: 0.7 ms]
      [Ref Enq: 0.0 ms]
      [Redirty Cards: 0.1 ms]
      [Humongous Register: 0.7 ms]
      [Humongous Reclaim: 0.0 ms]
      [Free CSet: 1.0 ms]
   [Eden: 609.0M(609.0M)->0.0B(608.0M) Survivors: 5120.0K->6144.0K Heap: 760.1M(1024.0M)->151.7M(1024.0M)]
 [Times: user=0.02 sys=0.02, real=0.02 secs] 
2019-11-06T05:01:52.895+0800: 4870.025: [GC pause (G1 Evacuation Pause) (young), 0.0193304 secs]
   [Parallel Time: 16.7 ms, GC Workers: 4]
      [GC Worker Start (ms): Min: 4870026.0, Avg: 4870026.1, Max: 4870026.3, Diff: 0.3]
      [Ext Root Scanning (ms): Min: 4.7, Avg: 5.4, Max: 7.5, Diff: 2.8, Sum: 21.6]
      [Update RS (ms): Min: 0.0, Avg: 1.5, Max: 2.1, Diff: 2.1, Sum: 6.0]
         [Processed Buffers: Min: 0, Avg: 8.5, Max: 26, Diff: 26, Sum: 34]
      [Scan RS (ms): Min: 0.0, Avg: 0.1, Max: 0.1, Diff: 0.1, Sum: 0.3]
      [Code Root Scanning (ms): Min: 0.0, Avg: 0.6, Max: 1.3, Diff: 1.3, Sum: 2.5]
      [Object Copy (ms): Min: 8.2, Avg: 8.8, Max: 9.5, Diff: 1.3, Sum: 35.4]
      [Termination (ms): Min: 0.0, Avg: 0.0, Max: 0.0, Diff: 0.0, Sum: 0.0]
         [Termination Attempts: Min: 1, Avg: 2.0, Max: 3, Diff: 2, Sum: 8]
      [GC Worker Other (ms): Min: 0.1, Avg: 0.1, Max: 0.1, Diff: 0.1, Sum: 0.4]
      [GC Worker Total (ms): Min: 16.4, Avg: 16.5, Max: 16.7, Diff: 0.3, Sum: 66.2]
      [GC Worker End (ms): Min: 4870042.7, Avg: 4870042.7, Max: 4870042.7, Diff: 0.0]
   [Code Root Fixup: 0.0 ms]
   [Code Root Purge: 0.0 ms]
   [Clear CT: 0.2 ms]
   [Other: 2.4 ms]
      [Choose CSet: 0.0 ms]
      [Ref Proc: 0.1 ms]
      [Ref Enq: 0.0 ms]
      [Redirty Cards: 0.0 ms]
      [Humongous Register: 0.8 ms]
      [Humongous Reclaim: 0.0 ms]
      [Free CSet: 0.8 ms]
   [Eden: 608.0M(608.0M)->0.0B(609.0M) Survivors: 6144.0K->5120.0K Heap: 759.7M(1024.0M)->150.8M(1024.0M)]
 [Times: user=0.02 sys=0.03, real=0.02 secs] 
2019-11-06T05:06:54.359+0800: 5171.487: [GC pause (G1 Evacuation Pause) (young), 0.0249114 secs]
   [Parallel Time: 21.2 ms, GC Workers: 4]
      [GC Worker Start (ms): Min: 5171487.8, Avg: 5171488.0, Max: 5171488.1, Diff: 0.2]
      [Ext Root Scanning (ms): Min: 3.3, Avg: 5.6, Max: 11.6, Diff: 8.3, Sum: 22.4]
      [Update RS (ms): Min: 0.0, Avg: 2.7, Max: 5.1, Diff: 5.1, Sum: 10.6]
         [Processed Buffers: Min: 0, Avg: 8.5, Max: 31, Diff: 31, Sum: 34]
      [Scan RS (ms): Min: 0.0, Avg: 0.2, Max: 0.3, Diff: 0.3, Sum: 0.8]
      [Code Root Scanning (ms): Min: 0.0, Avg: 1.1, Max: 3.1, Diff: 3.1, Sum: 4.4]
      [Object Copy (ms): Min: 8.8, Avg: 11.0, Max: 12.2, Diff: 3.5, Sum: 44.1]
      [Termination (ms): Min: 0.0, Avg: 0.3, Max: 0.6, Diff: 0.6, Sum: 1.3]
         [Termination Attempts: Min: 1, Avg: 1.0, Max: 1, Diff: 0, Sum: 4]
      [GC Worker Other (ms): Min: 0.0, Avg: 0.1, Max: 0.1, Diff: 0.1, Sum: 0.2]
      [GC Worker Total (ms): Min: 20.8, Avg: 20.9, Max: 21.1, Diff: 0.3, Sum: 83.8]
      [GC Worker End (ms): Min: 5171508.9, Avg: 5171508.9, Max: 5171508.9, Diff: 0.1]
   [Code Root Fixup: 0.0 ms]
   [Code Root Purge: 0.0 ms]
   [Clear CT: 0.4 ms]
   [Other: 3.3 ms]
      [Choose CSet: 0.0 ms]
      [Ref Proc: 1.0 ms]
      [Ref Enq: 0.0 ms]
      [Redirty Cards: 0.0 ms]
      [Humongous Register: 0.7 ms]
      [Humongous Reclaim: 0.0 ms]
      [Free CSet: 1.0 ms]
   [Eden: 609.0M(609.0M)->0.0B(367.0M) Survivors: 5120.0K->5120.0K Heap: 759.8M(1024.0M)->151.4M(1024.0M)]
 [Times: user=0.03 sys=0.03, real=0.03 secs] 
2019-11-06T05:09:55.785+0800: 5352.912: [GC pause (G1 Evacuation Pause) (young), 0.0103791 secs]
   [Parallel Time: 8.0 ms, GC Workers: 4]
      [GC Worker Start (ms): Min: 5352911.9, Avg: 5352912.2, Max: 5352912.8, Diff: 0.9]
      [Ext Root Scanning (ms): Min: 0.0, Avg: 0.5, Max: 0.8, Diff: 0.8, Sum: 1.9]
      [Update RS (ms): Min: 0.5, Avg: 1.0, Max: 2.3, Diff: 1.8, Sum: 4.2]
         [Processed Buffers: Min: 1, Avg: 7.8, Max: 27, Diff: 26, Sum: 31]
      [Scan RS (ms): Min: 0.0, Avg: 0.0, Max: 0.1, Diff: 0.1, Sum: 0.2]
      [Code Root Scanning (ms): Min: 0.0, Avg: 0.1, Max: 0.2, Diff: 0.2, Sum: 0.4]
      [Object Copy (ms): Min: 4.8, Avg: 5.9, Max: 6.3, Diff: 1.5, Sum: 23.6]
      [Termination (ms): Min: 0.0, Avg: 0.0, Max: 0.0, Diff: 0.0, Sum: 0.0]
         [Termination Attempts: Min: 1, Avg: 1.0, Max: 1, Diff: 0, Sum: 4]
      [GC Worker Other (ms): Min: 0.0, Avg: 0.0, Max: 0.0, Diff: 0.0, Sum: 0.1]
      [GC Worker Total (ms): Min: 7.0, Avg: 7.6, Max: 7.9, Diff: 0.9, Sum: 30.4]
      [GC Worker End (ms): Min: 5352919.8, Avg: 5352919.8, Max: 5352919.8, Diff: 0.0]
   [Code Root Fixup: 0.0 ms]
   [Code Root Purge: 0.0 ms]
   [Clear CT: 0.2 ms]
   [Other: 2.2 ms]
      [Choose CSet: 0.0 ms]
      [Ref Proc: 1.8 ms]
      [Ref Enq: 0.0 ms]
      [Redirty Cards: 0.0 ms]
      [Humongous Register: 0.0 ms]
      [Humongous Reclaim: 0.0 ms]
      [Free CSet: 0.1 ms]
   [Eden: 367.0M(367.0M)->0.0B(608.0M) Survivors: 5120.0K->6144.0K Heap: 518.4M(1024.0M)->151.9M(1024.0M)]
 [Times: user=0.03 sys=0.00, real=0.01 secs] 
2019-11-06T05:14:45.130+0800: 5642.256: [GC pause (G1 Evacuation Pause) (young), 0.0275335 secs]
   [Parallel Time: 24.4 ms, GC Workers: 4]
      [GC Worker Start (ms): Min: 5642257.1, Avg: 5642257.2, Max: 5642257.3, Diff: 0.1]
      [Ext Root Scanning (ms): Min: 0.9, Avg: 2.7, Max: 5.6, Diff: 4.7, Sum: 10.7]
      [Update RS (ms): Min: 0.0, Avg: 2.3, Max: 3.2, Diff: 3.2, Sum: 9.0]
         [Processed Buffers: Min: 0, Avg: 8.8, Max: 32, Diff: 32, Sum: 35]
      [Scan RS (ms): Min: 0.0, Avg: 0.1, Max: 0.2, Diff: 0.2, Sum: 0.3]
      [Code Root Scanning (ms): Min: 0.0, Avg: 0.3, Max: 0.5, Diff: 0.5, Sum: 1.0]
      [Object Copy (ms): Min: 17.6, Avg: 17.9, Max: 18.5, Diff: 0.8, Sum: 71.7]
      [Termination (ms): Min: 0.0, Avg: 0.4, Max: 0.6, Diff: 0.6, Sum: 1.7]
         [Termination Attempts: Min: 1, Avg: 1.0, Max: 1, Diff: 0, Sum: 4]
      [GC Worker Other (ms): Min: 0.0, Avg: 0.6, Max: 1.6, Diff: 1.5, Sum: 2.3]
      [GC Worker Total (ms): Min: 24.1, Avg: 24.2, Max: 24.3, Diff: 0.2, Sum: 96.9]
      [GC Worker End (ms): Min: 5642281.4, Avg: 5642281.4, Max: 5642281.4, Diff: 0.1]
   [Code Root Fixup: 0.0 ms]
   [Code Root Purge: 0.0 ms]
   [Clear CT: 0.2 ms]
   [Other: 3.0 ms]
      [Choose CSet: 0.0 ms]
      [Ref Proc: 0.5 ms]
      [Ref Enq: 0.0 ms]
      [Redirty Cards: 0.0 ms]
      [Humongous Register: 0.7 ms]
      [Humongous Reclaim: 0.0 ms]
      [Free CSet: 1.1 ms]
   [Eden: 608.0M(608.0M)->0.0B(168.0M) Survivors: 6144.0K->4096.0K Heap: 759.9M(1024.0M)->150.5M(1024.0M)]
 [Times: user=0.03 sys=0.05, real=0.02 secs] 
2019-11-06T05:16:04.879+0800: 5722.004: [GC pause (G1 Evacuation Pause) (young), 0.0132312 secs]
   [Parallel Time: 12.5 ms, GC Workers: 4]
      [GC Worker Start (ms): Min: 5722004.4, Avg: 5722004.4, Max: 5722004.4, Diff: 0.0]
      [Ext Root Scanning (ms): Min: 0.0, Avg: 0.6, Max: 1.2, Diff: 1.2, Sum: 2.2]
      [Update RS (ms): Min: 0.0, Avg: 0.5, Max: 1.0, Diff: 1.0, Sum: 2.1]
         [Processed Buffers: Min: 0, Avg: 8.2, Max: 21, Diff: 21, Sum: 33]
      [Scan RS (ms): Min: 0.0, Avg: 0.0, Max: 0.0, Diff: 0.0, Sum: 0.1]
      [Code Root Scanning (ms): Min: 0.0, Avg: 0.1, Max: 0.2, Diff: 0.2, Sum: 0.5]
      [Object Copy (ms): Min: 10.0, Avg: 10.1, Max: 10.3, Diff: 0.3, Sum: 40.5]
      [Termination (ms): Min: 0.0, Avg: 0.0, Max: 0.0, Diff: 0.0, Sum: 0.0]
         [Termination Attempts: Min: 1, Avg: 1.0, Max: 1, Diff: 0, Sum: 4]
      [GC Worker Other (ms): Min: 0.1, Avg: 1.1, Max: 2.2, Diff: 2.1, Sum: 4.3]
      [GC Worker Total (ms): Min: 12.4, Avg: 12.4, Max: 12.4, Diff: 0.0, Sum: 49.6]
      [GC Worker End (ms): Min: 5722016.8, Avg: 5722016.8, Max: 5722016.8, Diff: 0.0]
   [Code Root Fixup: 0.0 ms]
   [Code Root Purge: 0.0 ms]
   [Clear CT: 0.1 ms]
   [Other: 0.7 ms]
      [Choose CSet: 0.0 ms]
      [Ref Proc: 0.1 ms]
      [Ref Enq: 0.0 ms]
      [Redirty Cards: 0.0 ms]
      [Humongous Register: 0.2 ms]
      [Humongous Reclaim: 0.0 ms]
      [Free CSet: 0.1 ms]
   [Eden: 168.0M(168.0M)->0.0B(211.0M) Survivors: 4096.0K->5120.0K Heap: 318.5M(1024.0M)->151.5M(1024.0M)]
 [Times: user=0.03 sys=0.02, real=0.02 secs] 
2019-11-06T05:17:50.134+0800: 5827.258: [GC pause (G1 Evacuation Pause) (young), 0.0199474 secs]
   [Parallel Time: 16.4 ms, GC Workers: 4]
      [GC Worker Start (ms): Min: 5827258.7, Avg: 5827259.2, Max: 5827259.7, Diff: 1.0]
      [Ext Root Scanning (ms): Min: 0.1, Avg: 0.7, Max: 1.3, Diff: 1.2, Sum: 2.7]
      [Update RS (ms): Min: 0.5, Avg: 0.8, Max: 1.0, Diff: 0.5, Sum: 3.0]
         [Processed Buffers: Min: 2, Avg: 8.2, Max: 16, Diff: 14, Sum: 33]
      [Scan RS (ms): Min: 0.0, Avg: 0.0, Max: 0.1, Diff: 0.1, Sum: 0.1]
      [Code Root Scanning (ms): Min: 0.0, Avg: 0.1, Max: 0.3, Diff: 0.3, Sum: 0.3]
      [Object Copy (ms): Min: 13.9, Avg: 14.0, Max: 14.3, Diff: 0.4, Sum: 56.1]
      [Termination (ms): Min: 0.0, Avg: 0.3, Max: 0.6, Diff: 0.6, Sum: 1.3]
         [Termination Attempts: Min: 1, Avg: 1.0, Max: 1, Diff: 0, Sum: 4]
      [GC Worker Other (ms): Min: 0.0, Avg: 0.0, Max: 0.0, Diff: 0.0, Sum: 0.1]
      [GC Worker Total (ms): Min: 15.4, Avg: 15.9, Max: 16.4, Diff: 1.0, Sum: 63.6]
      [GC Worker End (ms): Min: 5827275.1, Avg: 5827275.1, Max: 5827275.1, Diff: 0.1]
   [Code Root Fixup: 0.0 ms]
   [Code Root Purge: 0.0 ms]
   [Clear CT: 0.2 ms]
   [Other: 3.3 ms]
      [Choose CSet: 0.0 ms]
      [Ref Proc: 1.7 ms]
      [Ref Enq: 0.0 ms]
      [Redirty Cards: 0.1 ms]
      [Humongous Register: 0.4 ms]
      [Humongous Reclaim: 0.1 ms]
      [Free CSet: 0.4 ms]
   [Eden: 211.0M(211.0M)->0.0B(197.0M) Survivors: 5120.0K->4096.0K Heap: 362.5M(1024.0M)->150.6M(1024.0M)]
 [Times: user=0.02 sys=0.01, real=0.02 secs] 
2019-11-06T05:19:22.975+0800: 5920.099: [GC pause (G1 Evacuation Pause) (young), 0.0248699 secs]
   [Parallel Time: 22.2 ms, GC Workers: 4]
      [GC Worker Start (ms): Min: 5920100.3, Avg: 5920100.3, Max: 5920100.4, Diff: 0.1]
      [Ext Root Scanning (ms): Min: 2.5, Avg: 4.7, Max: 10.9, Diff: 8.4, Sum: 18.8]
      [Update RS (ms): Min: 0.0, Avg: 3.9, Max: 5.6, Diff: 5.6, Sum: 15.7]
         [Processed Buffers: Min: 0, Avg: 8.0, Max: 29, Diff: 29, Sum: 32]
      [Scan RS (ms): Min: 0.0, Avg: 0.1, Max: 0.4, Diff: 0.4, Sum: 0.4]
      [Code Root Scanning (ms): Min: 0.0, Avg: 1.0, Max: 2.4, Diff: 2.4, Sum: 4.1]
      [Object Copy (ms): Min: 11.0, Avg: 11.7, Max: 12.8, Diff: 1.8, Sum: 46.7]
      [Termination (ms): Min: 0.0, Avg: 0.5, Max: 0.7, Diff: 0.7, Sum: 1.9]
         [Termination Attempts: Min: 1, Avg: 1.0, Max: 1, Diff: 0, Sum: 4]
      [GC Worker Other (ms): Min: 0.0, Avg: 0.1, Max: 0.1, Diff: 0.0, Sum: 0.3]
      [GC Worker Total (ms): Min: 21.9, Avg: 22.0, Max: 22.1, Diff: 0.2, Sum: 88.0]
      [GC Worker End (ms): Min: 5920122.2, Avg: 5920122.3, Max: 5920122.4, Diff: 0.2]
   [Code Root Fixup: 0.0 ms]
   [Code Root Purge: 0.0 ms]
   [Clear CT: 0.1 ms]
   [Other: 2.6 ms]
      [Choose CSet: 0.0 ms]
      [Ref Proc: 0.7 ms]
      [Ref Enq: 0.0 ms]
      [Redirty Cards: 0.0 ms]
      [Humongous Register: 0.8 ms]
      [Humongous Reclaim: 0.0 ms]
      [Free CSet: 0.5 ms]
   [Eden: 197.0M(197.0M)->0.0B(105.0M) Survivors: 4096.0K->5120.0K Heap: 347.6M(1024.0M)->151.2M(1024.0M)]
 [Times: user=0.02 sys=0.02, real=0.03 secs] 
2019-11-06T05:20:14.930+0800: 5972.053: [GC pause (G1 Evacuation Pause) (young), 0.0102280 secs]
   [Parallel Time: 9.2 ms, GC Workers: 4]
      [GC Worker Start (ms): Min: 5972053.3, Avg: 5972053.3, Max: 5972053.4, Diff: 0.0]
      [Ext Root Scanning (ms): Min: 0.0, Avg: 0.6, Max: 1.3, Diff: 1.3, Sum: 2.6]
      [Update RS (ms): Min: 0.4, Avg: 0.5, Max: 0.8, Diff: 0.4, Sum: 2.1]
         [Processed Buffers: Min: 1, Avg: 8.0, Max: 25, Diff: 24, Sum: 32]
      [Scan RS (ms): Min: 0.0, Avg: 0.0, Max: 0.0, Diff: 0.0, Sum: 0.1]
      [Code Root Scanning (ms): Min: 0.0, Avg: 0.1, Max: 0.2, Diff: 0.2, Sum: 0.3]
      [Object Copy (ms): Min: 6.6, Avg: 6.8, Max: 7.2, Diff: 0.6, Sum: 27.1]
      [Termination (ms): Min: 0.0, Avg: 0.5, Max: 0.6, Diff: 0.6, Sum: 1.8]
         [Termination Attempts: Min: 1, Avg: 1.0, Max: 1, Diff: 0, Sum: 4]
      [GC Worker Other (ms): Min: 0.0, Avg: 0.6, Max: 1.5, Diff: 1.5, Sum: 2.5]
      [GC Worker Total (ms): Min: 9.1, Avg: 9.1, Max: 9.2, Diff: 0.1, Sum: 36.6]
      [GC Worker End (ms): Min: 5972062.5, Avg: 5972062.5, Max: 5972062.5, Diff: 0.0]
   [Code Root Fixup: 0.0 ms]
   [Code Root Purge: 0.0 ms]
   [Clear CT: 0.1 ms]
   [Other: 0.9 ms]
      [Choose CSet: 0.0 ms]
      [Ref Proc: 0.5 ms]
      [Ref Enq: 0.0 ms]
      [Redirty Cards: 0.0 ms]
      [Humongous Register: 0.0 ms]
      [Humongous Reclaim: 0.0 ms]
      [Free CSet: 0.1 ms]
   [Eden: 105.0M(105.0M)->0.0B(258.0M) Survivors: 5120.0K->5120.0K Heap: 256.2M(1024.0M)->151.2M(1024.0M)]
 [Times: user=0.03 sys=0.01, real=0.01 secs] 
2019-11-06T05:22:16.336+0800: 6093.459: [GC pause (G1 Evacuation Pause) (young), 0.0122696 secs]
   [Parallel Time: 11.2 ms, GC Workers: 4]
      [GC Worker Start (ms): Min: 6093459.3, Avg: 6093459.8, Max: 6093460.8, Diff: 1.5]
      [Ext Root Scanning (ms): Min: 0.0, Avg: 0.5, Max: 0.9, Diff: 0.9, Sum: 1.9]
      [Update RS (ms): Min: 0.4, Avg: 0.7, Max: 0.8, Diff: 0.4, Sum: 2.9]
         [Processed Buffers: Min: 3, Avg: 9.0, Max: 15, Diff: 12, Sum: 36]
      [Scan RS (ms): Min: 0.0, Avg: 0.0, Max: 0.1, Diff: 0.0, Sum: 0.2]
      [Code Root Scanning (ms): Min: 0.0, Avg: 0.1, Max: 0.2, Diff: 0.2, Sum: 0.4]
      [Object Copy (ms): Min: 8.9, Avg: 9.0, Max: 9.1, Diff: 0.2, Sum: 35.9]
      [Termination (ms): Min: 0.0, Avg: 0.2, Max: 0.2, Diff: 0.2, Sum: 0.6]
         [Termination Attempts: Min: 1, Avg: 1.0, Max: 1, Diff: 0, Sum: 4]
      [GC Worker Other (ms): Min: 0.0, Avg: 0.0, Max: 0.0, Diff: 0.0, Sum: 0.1]
      [GC Worker Total (ms): Min: 9.5, Avg: 10.5, Max: 11.1, Diff: 1.5, Sum: 42.0]
      [GC Worker End (ms): Min: 6093470.3, Avg: 6093470.3, Max: 6093470.3, Diff: 0.1]
   [Code Root Fixup: 0.0 ms]
   [Code Root Purge: 0.0 ms]
   [Clear CT: 0.1 ms]
   [Other: 1.0 ms]
      [Choose CSet: 0.0 ms]
      [Ref Proc: 0.2 ms]
      [Ref Enq: 0.0 ms]
      [Redirty Cards: 0.0 ms]
      [Humongous Register: 0.4 ms]
      [Humongous Reclaim: 0.0 ms]
      [Free CSet: 0.2 ms]
   [Eden: 258.0M(258.0M)->0.0B(356.0M) Survivors: 5120.0K->5120.0K Heap: 409.2M(1024.0M)->151.7M(1024.0M)]
 [Times: user=0.03 sys=0.01, real=0.01 secs] 
2019-11-06T07:29:07.879+0800: 6260.850: [GC pause (G1 Evacuation Pause) (young), 0.0277586 secs]
   [Parallel Time: 18.9 ms, GC Workers: 4]
      [GC Worker Start (ms): Min: 6260855.7, Avg: 6260855.8, Max: 6260855.9, Diff: 0.2]
      [Ext Root Scanning (ms): Min: 1.5, Avg: 1.9, Max: 3.0, Diff: 1.5, Sum: 7.7]
      [Update RS (ms): Min: 1.3, Avg: 2.3, Max: 3.0, Diff: 1.7, Sum: 9.4]
         [Processed Buffers: Min: 2, Avg: 10.2, Max: 19, Diff: 17, Sum: 41]
      [Scan RS (ms): Min: 0.0, Avg: 0.0, Max: 0.1, Diff: 0.1, Sum: 0.2]
      [Code Root Scanning (ms): Min: 0.0, Avg: 0.2, Max: 0.3, Diff: 0.3, Sum: 0.6]
      [Object Copy (ms): Min: 13.2, Avg: 13.5, Max: 13.8, Diff: 0.6, Sum: 54.1]
      [Termination (ms): Min: 0.0, Avg: 0.3, Max: 0.4, Diff: 0.4, Sum: 1.1]
         [Termination Attempts: Min: 1, Avg: 1.0, Max: 1, Diff: 0, Sum: 4]
      [GC Worker Other (ms): Min: 0.3, Avg: 0.4, Max: 0.5, Diff: 0.1, Sum: 1.6]
      [GC Worker Total (ms): Min: 18.6, Avg: 18.7, Max: 18.7, Diff: 0.1, Sum: 74.7]
      [GC Worker End (ms): Min: 6260874.5, Avg: 6260874.5, Max: 6260874.5, Diff: 0.1]
   [Code Root Fixup: 0.0 ms]
   [Code Root Purge: 0.0 ms]
   [Clear CT: 0.2 ms]
   [Other: 8.6 ms]
      [Choose CSet: 0.0 ms]
      [Ref Proc: 0.8 ms]
      [Ref Enq: 0.0 ms]
      [Redirty Cards: 0.1 ms]
      [Humongous Register: 1.6 ms]
      [Humongous Reclaim: 0.0 ms]
      [Free CSet: 0.7 ms]
   [Eden: 356.0M(356.0M)->0.0B(225.0M) Survivors: 5120.0K->5120.0K Heap: 507.7M(1024.0M)->151.3M(1024.0M)]
 [Times: user=0.02 sys=0.05, real=0.03 secs] 
2019-11-06T07:30:57.594+0800: 6370.564: [GC pause (G1 Evacuation Pause) (young), 0.0158346 secs]
   [Parallel Time: 12.4 ms, GC Workers: 4]
      [GC Worker Start (ms): Min: 6370564.0, Avg: 6370564.0, Max: 6370564.0, Diff: 0.0]
      [Ext Root Scanning (ms): Min: 1.1, Avg: 1.3, Max: 1.7, Diff: 0.6, Sum: 5.2]
      [Update RS (ms): Min: 0.5, Avg: 0.7, Max: 0.8, Diff: 0.3, Sum: 2.8]
         [Processed Buffers: Min: 1, Avg: 7.8, Max: 25, Diff: 24, Sum: 31]
      [Scan RS (ms): Min: 0.0, Avg: 0.0, Max: 0.1, Diff: 0.0, Sum: 0.1]
      [Code Root Scanning (ms): Min: 0.0, Avg: 0.2, Max: 0.7, Diff: 0.7, Sum: 0.8]
      [Object Copy (ms): Min: 7.8, Avg: 8.2, Max: 8.8, Diff: 1.0, Sum: 32.9]
      [Termination (ms): Min: 0.0, Avg: 1.5, Max: 2.0, Diff: 2.0, Sum: 5.9]
         [Termination Attempts: Min: 1, Avg: 1.0, Max: 1, Diff: 0, Sum: 4]
      [GC Worker Other (ms): Min: 0.0, Avg: 0.0, Max: 0.1, Diff: 0.1, Sum: 0.2]
      [GC Worker Total (ms): Min: 11.5, Avg: 12.0, Max: 12.4, Diff: 0.9, Sum: 47.9]
      [GC Worker End (ms): Min: 6370575.5, Avg: 6370576.0, Max: 6370576.4, Diff: 0.9]
   [Code Root Fixup: 0.0 ms]
   [Code Root Purge: 0.0 ms]
   [Clear CT: 0.7 ms]
   [Other: 2.7 ms]
      [Choose CSet: 0.0 ms]
      [Ref Proc: 1.4 ms]
      [Ref Enq: 0.1 ms]
      [Redirty Cards: 0.2 ms]
      [Humongous Register: 0.1 ms]
      [Humongous Reclaim: 0.0 ms]
      [Free CSet: 0.2 ms]
   [Eden: 225.0M(225.0M)->0.0B(352.0M) Survivors: 5120.0K->5120.0K Heap: 376.3M(1024.0M)->151.4M(1024.0M)]
 [Times: user=0.03 sys=0.02, real=0.02 secs] 
2019-11-06T07:33:52.256+0800: 6545.225: [GC pause (G1 Evacuation Pause) (young), 0.0163642 secs]
   [Parallel Time: 12.9 ms, GC Workers: 4]
      [GC Worker Start (ms): Min: 6545226.1, Avg: 6545226.2, Max: 6545226.3, Diff: 0.3]
      [Ext Root Scanning (ms): Min: 1.4, Avg: 1.8, Max: 2.6, Diff: 1.2, Sum: 7.1]
      [Update RS (ms): Min: 1.2, Avg: 1.7, Max: 1.9, Diff: 0.7, Sum: 6.7]
         [Processed Buffers: Min: 1, Avg: 8.0, Max: 18, Diff: 17, Sum: 32]
      [Scan RS (ms): Min: 0.0, Avg: 0.1, Max: 0.2, Diff: 0.1, Sum: 0.2]
      [Code Root Scanning (ms): Min: 0.0, Avg: 0.1, Max: 0.2, Diff: 0.2, Sum: 0.3]
      [Object Copy (ms): Min: 8.9, Avg: 8.9, Max: 9.0, Diff: 0.1, Sum: 35.8]
      [Termination (ms): Min: 0.0, Avg: 0.1, Max: 0.2, Diff: 0.2, Sum: 0.6]
         [Termination Attempts: Min: 1, Avg: 1.0, Max: 1, Diff: 0, Sum: 4]
      [GC Worker Other (ms): Min: 0.0, Avg: 0.0, Max: 0.0, Diff: 0.0, Sum: 0.2]
      [GC Worker Total (ms): Min: 12.6, Avg: 12.7, Max: 12.8, Diff: 0.2, Sum: 50.9]
      [GC Worker End (ms): Min: 6545238.8, Avg: 6545238.9, Max: 6545238.9, Diff: 0.1]
   [Code Root Fixup: 0.0 ms]
   [Code Root Purge: 0.0 ms]
   [Clear CT: 0.1 ms]
   [Other: 3.3 ms]
      [Choose CSet: 0.0 ms]
      [Ref Proc: 0.8 ms]
      [Ref Enq: 0.0 ms]
      [Redirty Cards: 0.1 ms]
      [Humongous Register: 1.2 ms]
      [Humongous Reclaim: 0.0 ms]
      [Free CSet: 0.8 ms]
   [Eden: 352.0M(352.0M)->0.0B(465.0M) Survivors: 5120.0K->5120.0K Heap: 503.4M(1024.0M)->151.5M(1024.0M)]
 [Times: user=0.03 sys=0.02, real=0.02 secs] 
2019-11-06T07:37:42.593+0800: 6775.560: [GC pause (G1 Evacuation Pause) (young), 0.0235164 secs]
   [Parallel Time: 18.5 ms, GC Workers: 4]
      [GC Worker Start (ms): Min: 6775562.7, Avg: 6775562.9, Max: 6775563.2, Diff: 0.5]
      [Ext Root Scanning (ms): Min: 2.2, Avg: 4.3, Max: 10.1, Diff: 8.0, Sum: 17.3]
      [Update RS (ms): Min: 0.0, Avg: 3.2, Max: 4.6, Diff: 4.6, Sum: 12.8]
         [Processed Buffers: Min: 0, Avg: 9.0, Max: 31, Diff: 31, Sum: 36]
      [Scan RS (ms): Min: 0.0, Avg: 0.2, Max: 0.6, Diff: 0.5, Sum: 0.8]
      [Code Root Scanning (ms): Min: 0.0, Avg: 0.3, Max: 0.9, Diff: 0.9, Sum: 1.3]
      [Object Copy (ms): Min: 8.1, Avg: 10.0, Max: 10.9, Diff: 2.8, Sum: 40.0]
      [Termination (ms): Min: 0.0, Avg: 0.0, Max: 0.0, Diff: 0.0, Sum: 0.0]
         [Termination Attempts: Min: 1, Avg: 1.0, Max: 1, Diff: 0, Sum: 4]
      [GC Worker Other (ms): Min: 0.0, Avg: 0.1, Max: 0.1, Diff: 0.1, Sum: 0.3]
      [GC Worker Total (ms): Min: 17.8, Avg: 18.1, Max: 18.3, Diff: 0.5, Sum: 72.5]
      [GC Worker End (ms): Min: 6775581.1, Avg: 6775581.1, Max: 6775581.1, Diff: 0.0]
   [Code Root Fixup: 0.0 ms]
   [Code Root Purge: 0.0 ms]
   [Clear CT: 0.1 ms]
   [Other: 4.9 ms]
      [Choose CSet: 0.0 ms]
      [Ref Proc: 0.8 ms]
      [Ref Enq: 0.0 ms]
      [Redirty Cards: 0.0 ms]
      [Humongous Register: 2.2 ms]
      [Humongous Reclaim: 0.0 ms]
      [Free CSet: 0.9 ms]
   [Eden: 465.0M(465.0M)->0.0B(337.0M) Survivors: 5120.0K->5120.0K Heap: 616.5M(1024.0M)->151.6M(1024.0M)]
 [Times: user=0.03 sys=0.03, real=0.02 secs] 
2019-11-06T07:40:28.991+0800: 6941.957: [GC pause (G1 Evacuation Pause) (young), 0.0200980 secs]
   [Parallel Time: 15.9 ms, GC Workers: 4]
      [GC Worker Start (ms): Min: 6941958.4, Avg: 6941958.4, Max: 6941958.5, Diff: 0.2]
      [Ext Root Scanning (ms): Min: 3.2, Avg: 4.0, Max: 6.3, Diff: 3.1, Sum: 16.1]
      [Update RS (ms): Min: 0.0, Avg: 1.8, Max: 2.6, Diff: 2.6, Sum: 7.3]
         [Processed Buffers: Min: 0, Avg: 8.2, Max: 24, Diff: 24, Sum: 33]
      [Scan RS (ms): Min: 0.0, Avg: 0.0, Max: 0.1, Diff: 0.1, Sum: 0.2]
      [Code Root Scanning (ms): Min: 0.0, Avg: 0.1, Max: 0.3, Diff: 0.3, Sum: 0.4]
      [Object Copy (ms): Min: 9.5, Avg: 9.7, Max: 9.8, Diff: 0.3, Sum: 38.7]
      [Termination (ms): Min: 0.0, Avg: 0.0, Max: 0.0, Diff: 0.0, Sum: 0.0]
         [Termination Attempts: Min: 1, Avg: 1.2, Max: 2, Diff: 1, Sum: 5]
      [GC Worker Other (ms): Min: 0.0, Avg: 0.1, Max: 0.1, Diff: 0.1, Sum: 0.2]
      [GC Worker Total (ms): Min: 15.6, Avg: 15.7, Max: 15.8, Diff: 0.2, Sum: 63.0]
      [GC Worker End (ms): Min: 6941974.2, Avg: 6941974.2, Max: 6941974.2, Diff: 0.0]
   [Code Root Fixup: 0.0 ms]
   [Code Root Purge: 0.0 ms]
   [Clear CT: 0.1 ms]
   [Other: 4.0 ms]
      [Choose CSet: 0.0 ms]
      [Ref Proc: 1.3 ms]
      [Ref Enq: 0.0 ms]
      [Redirty Cards: 0.0 ms]
      [Humongous Register: 1.3 ms]
      [Humongous Reclaim: 0.0 ms]
      [Free CSet: 0.7 ms]
   [Eden: 337.0M(337.0M)->0.0B(385.0M) Survivors: 5120.0K->5120.0K Heap: 488.6M(1024.0M)->151.7M(1024.0M)]
 [Times: user=0.02 sys=0.03, real=0.02 secs] 
2019-11-06T07:43:42.011+0800: 7134.975: [GC pause (G1 Evacuation Pause) (young), 0.0189094 secs]
   [Parallel Time: 14.9 ms, GC Workers: 4]
      [GC Worker Start (ms): Min: 7134977.2, Avg: 7134977.3, Max: 7134977.4, Diff: 0.2]
      [Ext Root Scanning (ms): Min: 1.8, Avg: 3.0, Max: 5.1, Diff: 3.3, Sum: 11.9]
      [Update RS (ms): Min: 0.0, Avg: 1.3, Max: 2.0, Diff: 2.0, Sum: 5.2]
         [Processed Buffers: Min: 0, Avg: 8.2, Max: 30, Diff: 30, Sum: 33]
      [Scan RS (ms): Min: 0.0, Avg: 0.1, Max: 0.1, Diff: 0.1, Sum: 0.3]
      [Code Root Scanning (ms): Min: 0.0, Avg: 0.2, Max: 0.5, Diff: 0.5, Sum: 0.8]
      [Object Copy (ms): Min: 8.9, Avg: 9.3, Max: 9.8, Diff: 0.9, Sum: 37.2]
      [Termination (ms): Min: 0.0, Avg: 0.5, Max: 0.7, Diff: 0.7, Sum: 1.9]
         [Termination Attempts: Min: 1, Avg: 1.0, Max: 1, Diff: 0, Sum: 4]
      [GC Worker Other (ms): Min: 0.0, Avg: 0.2, Max: 0.7, Diff: 0.7, Sum: 0.9]
      [GC Worker Total (ms): Min: 14.4, Avg: 14.5, Max: 14.8, Diff: 0.4, Sum: 58.1]
      [GC Worker End (ms): Min: 7134991.7, Avg: 7134991.8, Max: 7134992.0, Diff: 0.3]
   [Code Root Fixup: 0.0 ms]
   [Code Root Purge: 0.0 ms]
   [Clear CT: 0.1 ms]
   [Other: 3.9 ms]
      [Choose CSet: 0.0 ms]
      [Ref Proc: 1.2 ms]
      [Ref Enq: 0.0 ms]
      [Redirty Cards: 0.0 ms]
      [Humongous Register: 1.4 ms]
      [Humongous Reclaim: 0.0 ms]
      [Free CSet: 0.6 ms]
   [Eden: 385.0M(385.0M)->0.0B(525.0M) Survivors: 5120.0K->5120.0K Heap: 536.7M(1024.0M)->151.7M(1024.0M)]
 [Times: user=0.03 sys=0.03, real=0.02 secs] 
2019-11-06T07:48:04.373+0800: 7397.335: [GC pause (G1 Evacuation Pause) (young), 0.0128579 secs]
   [Parallel Time: 9.6 ms, GC Workers: 4]
      [GC Worker Start (ms): Min: 7397335.1, Avg: 7397335.2, Max: 7397335.2, Diff: 0.0]
      [Ext Root Scanning (ms): Min: 0.4, Avg: 0.4, Max: 0.5, Diff: 0.1, Sum: 1.5]
      [Update RS (ms): Min: 0.4, Avg: 0.5, Max: 0.5, Diff: 0.1, Sum: 1.9]
         [Processed Buffers: Min: 1, Avg: 8.5, Max: 17, Diff: 16, Sum: 34]
      [Scan RS (ms): Min: 0.0, Avg: 0.1, Max: 0.1, Diff: 0.1, Sum: 0.3]
      [Code Root Scanning (ms): Min: 0.0, Avg: 0.0, Max: 0.1, Diff: 0.1, Sum: 0.1]
      [Object Copy (ms): Min: 7.4, Avg: 7.7, Max: 8.0, Diff: 0.6, Sum: 31.0]
      [Termination (ms): Min: 0.0, Avg: 0.6, Max: 1.1, Diff: 1.1, Sum: 2.2]
         [Termination Attempts: Min: 1, Avg: 1.2, Max: 2, Diff: 1, Sum: 5]
      [GC Worker Other (ms): Min: 0.0, Avg: 0.0, Max: 0.0, Diff: 0.0, Sum: 0.0]
      [GC Worker Total (ms): Min: 9.0, Avg: 9.3, Max: 9.6, Diff: 0.6, Sum: 37.1]
      [GC Worker End (ms): Min: 7397344.1, Avg: 7397344.4, Max: 7397344.7, Diff: 0.6]
   [Code Root Fixup: 0.0 ms]
   [Code Root Purge: 0.0 ms]
   [Clear CT: 0.5 ms]
   [Other: 2.7 ms]
      [Choose CSet: 0.0 ms]
      [Ref Proc: 1.5 ms]
      [Ref Enq: 0.0 ms]
      [Redirty Cards: 0.2 ms]
      [Humongous Register: 0.0 ms]
      [Humongous Reclaim: 0.0 ms]
      [Free CSet: 0.7 ms]
   [Eden: 525.0M(525.0M)->0.0B(609.0M) Survivors: 5120.0K->5120.0K Heap: 676.7M(1024.0M)->151.7M(1024.0M)]
 [Times: user=0.03 sys=0.01, real=0.01 secs] 
2019-11-06T07:53:08.657+0800: 7701.616: [GC pause (G1 Evacuation Pause) (young), 0.0232610 secs]
   [Parallel Time: 19.7 ms, GC Workers: 4]
      [GC Worker Start (ms): Min: 7701617.8, Avg: 7701617.9, Max: 7701618.0, Diff: 0.2]
      [Ext Root Scanning (ms): Min: 2.9, Avg: 3.8, Max: 6.2, Diff: 3.3, Sum: 15.1]
      [Update RS (ms): Min: 0.0, Avg: 1.8, Max: 3.4, Diff: 3.4, Sum: 7.1]
         [Processed Buffers: Min: 0, Avg: 8.2, Max: 29, Diff: 29, Sum: 33]
      [Scan RS (ms): Min: 0.0, Avg: 0.1, Max: 0.2, Diff: 0.2, Sum: 0.5]
      [Code Root Scanning (ms): Min: 0.0, Avg: 0.2, Max: 0.4, Diff: 0.4, Sum: 0.7]
      [Object Copy (ms): Min: 12.5, Avg: 13.2, Max: 13.5, Diff: 1.1, Sum: 52.7]
      [Termination (ms): Min: 0.0, Avg: 0.4, Max: 0.5, Diff: 0.5, Sum: 1.5]
         [Termination Attempts: Min: 1, Avg: 1.0, Max: 1, Diff: 0, Sum: 4]
      [GC Worker Other (ms): Min: 0.0, Avg: 0.0, Max: 0.1, Diff: 0.1, Sum: 0.2]
      [GC Worker Total (ms): Min: 19.4, Avg: 19.4, Max: 19.5, Diff: 0.1, Sum: 77.7]
      [GC Worker End (ms): Min: 7701637.2, Avg: 7701637.3, Max: 7701637.3, Diff: 0.1]
   [Code Root Fixup: 0.0 ms]
   [Code Root Purge: 0.0 ms]
   [Clear CT: 0.2 ms]
   [Other: 3.4 ms]
      [Choose CSet: 0.0 ms]
      [Ref Proc: 0.7 ms]
      [Ref Enq: 0.0 ms]
      [Redirty Cards: 0.1 ms]
      [Humongous Register: 0.9 ms]
      [Humongous Reclaim: 0.0 ms]
      [Free CSet: 1.0 ms]
   [Eden: 609.0M(609.0M)->0.0B(575.0M) Survivors: 5120.0K->6144.0K Heap: 760.7M(1024.0M)->152.7M(1024.0M)]
 [Times: user=0.03 sys=0.04, real=0.03 secs] 
2019-11-06T07:57:53.047+0800: 7986.004: [GC pause (G1 Evacuation Pause) (young), 0.0209013 secs]
   [Parallel Time: 18.0 ms, GC Workers: 4]
      [GC Worker Start (ms): Min: 7986005.2, Avg: 7986005.4, Max: 7986005.5, Diff: 0.2]
      [Ext Root Scanning (ms): Min: 2.6, Avg: 4.7, Max: 8.2, Diff: 5.6, Sum: 18.8]
      [Update RS (ms): Min: 0.0, Avg: 1.6, Max: 2.5, Diff: 2.5, Sum: 6.5]
         [Processed Buffers: Min: 0, Avg: 8.5, Max: 19, Diff: 19, Sum: 34]
      [Scan RS (ms): Min: 0.0, Avg: 0.1, Max: 0.1, Diff: 0.1, Sum: 0.3]
      [Code Root Scanning (ms): Min: 0.0, Avg: 0.1, Max: 0.2, Diff: 0.2, Sum: 0.2]
      [Object Copy (ms): Min: 9.6, Avg: 10.1, Max: 10.4, Diff: 0.8, Sum: 40.5]
      [Termination (ms): Min: 0.0, Avg: 0.0, Max: 0.0, Diff: 0.0, Sum: 0.0]
         [Termination Attempts: Min: 1, Avg: 1.5, Max: 3, Diff: 2, Sum: 6]
      [GC Worker Other (ms): Min: 0.1, Avg: 1.3, Max: 2.7, Diff: 2.6, Sum: 5.0]
      [GC Worker Total (ms): Min: 17.7, Avg: 17.8, Max: 18.0, Diff: 0.2, Sum: 71.3]
      [GC Worker End (ms): Min: 7986023.2, Avg: 7986023.2, Max: 7986023.2, Diff: 0.0]
   [Code Root Fixup: 0.0 ms]
   [Code Root Purge: 0.0 ms]
   [Clear CT: 0.1 ms]
   [Other: 2.7 ms]
      [Choose CSet: 0.0 ms]
      [Ref Proc: 0.2 ms]
      [Ref Enq: 0.0 ms]
      [Redirty Cards: 0.0 ms]
      [Humongous Register: 0.9 ms]
      [Humongous Reclaim: 0.0 ms]
      [Free CSet: 0.7 ms]
   [Eden: 575.0M(575.0M)->0.0B(568.0M) Survivors: 6144.0K->5120.0K Heap: 727.7M(1024.0M)->151.7M(1024.0M)]
 [Times: user=0.03 sys=0.03, real=0.03 secs] 
2019-11-06T08:02:35.110+0800: 8268.071: [GC pause (G1 Evacuation Pause) (young), 0.0133330 secs]
   [Parallel Time: 11.6 ms, GC Workers: 4]
      [GC Worker Start (ms): Min: 8268070.7, Avg: 8268070.8, Max: 8268070.8, Diff: 0.1]
      [Ext Root Scanning (ms): Min: 0.0, Avg: 0.5, Max: 0.7, Diff: 0.7, Sum: 2.1]
      [Update RS (ms): Min: 0.0, Avg: 1.0, Max: 1.4, Diff: 1.4, Sum: 4.0]
         [Processed Buffers: Min: 0, Avg: 8.2, Max: 27, Diff: 27, Sum: 33]
      [Scan RS (ms): Min: 0.1, Avg: 0.1, Max: 0.2, Diff: 0.1, Sum: 0.5]
      [Code Root Scanning (ms): Min: 0.0, Avg: 0.6, Max: 2.0, Diff: 2.0, Sum: 2.2]
      [Object Copy (ms): Min: 7.1, Avg: 8.3, Max: 8.9, Diff: 1.8, Sum: 33.2]
      [Termination (ms): Min: 0.0, Avg: 0.3, Max: 0.6, Diff: 0.6, Sum: 1.3]
         [Termination Attempts: Min: 1, Avg: 1.0, Max: 1, Diff: 0, Sum: 4]
      [GC Worker Other (ms): Min: 0.0, Avg: 0.6, Max: 2.4, Diff: 2.3, Sum: 2.4]
      [GC Worker Total (ms): Min: 11.3, Avg: 11.4, Max: 11.6, Diff: 0.2, Sum: 45.7]
      [GC Worker End (ms): Min: 8268082.1, Avg: 8268082.2, Max: 8268082.3, Diff: 0.2]
   [Code Root Fixup: 0.0 ms]
   [Code Root Purge: 0.0 ms]
   [Clear CT: 0.2 ms]
   [Other: 1.6 ms]
      [Choose CSet: 0.0 ms]
      [Ref Proc: 0.9 ms]
      [Ref Enq: 0.0 ms]
      [Redirty Cards: 0.1 ms]
      [Humongous Register: 0.0 ms]
      [Humongous Reclaim: 0.0 ms]
      [Free CSet: 0.3 ms]
   [Eden: 568.0M(568.0M)->0.0B(608.0M) Survivors: 5120.0K->6144.0K Heap: 719.7M(1024.0M)->152.9M(1024.0M)]
 [Times: user=0.03 sys=0.00, real=0.01 secs] 
2019-11-06T08:07:38.359+0800: 8571.318: [GC pause (G1 Evacuation Pause) (young), 0.0232714 secs]
   [Parallel Time: 20.0 ms, GC Workers: 4]
      [GC Worker Start (ms): Min: 8571319.9, Avg: 8571320.0, Max: 8571320.1, Diff: 0.2]
      [Ext Root Scanning (ms): Min: 2.8, Avg: 4.1, Max: 7.8, Diff: 4.9, Sum: 16.4]
      [Update RS (ms): Min: 0.0, Avg: 3.9, Max: 6.0, Diff: 6.0, Sum: 15.6]
         [Processed Buffers: Min: 2, Avg: 8.8, Max: 24, Diff: 22, Sum: 35]
      [Scan RS (ms): Min: 0.0, Avg: 0.1, Max: 0.2, Diff: 0.2, Sum: 0.4]
      [Code Root Scanning (ms): Min: 0.0, Avg: 0.1, Max: 0.2, Diff: 0.2, Sum: 0.3]
      [Object Copy (ms): Min: 10.6, Avg: 11.4, Max: 11.8, Diff: 1.2, Sum: 45.8]
      [Termination (ms): Min: 0.0, Avg: 0.0, Max: 0.0, Diff: 0.0, Sum: 0.0]
         [Termination Attempts: Min: 1, Avg: 1.8, Max: 2, Diff: 1, Sum: 7]
      [GC Worker Other (ms): Min: 0.0, Avg: 0.1, Max: 0.1, Diff: 0.1, Sum: 0.3]
      [GC Worker Total (ms): Min: 19.6, Avg: 19.7, Max: 19.8, Diff: 0.2, Sum: 78.8]
      [GC Worker End (ms): Min: 8571339.7, Avg: 8571339.7, Max: 8571339.7, Diff: 0.0]
   [Code Root Fixup: 0.0 ms]
   [Code Root Purge: 0.0 ms]
   [Clear CT: 0.2 ms]
   [Other: 3.1 ms]
      [Choose CSet: 0.0 ms]
      [Ref Proc: 0.2 ms]
      [Ref Enq: 0.0 ms]
      [Redirty Cards: 0.0 ms]
      [Humongous Register: 1.0 ms]
      [Humongous Reclaim: 0.0 ms]
      [Free CSet: 1.1 ms]
   [Eden: 608.0M(608.0M)->0.0B(609.0M) Survivors: 6144.0K->5120.0K Heap: 760.9M(1024.0M)->152.0M(1024.0M)]
 [Times: user=0.03 sys=0.03, real=0.03 secs] 
2019-11-06T08:12:40.530+0800: 8873.488: [GC pause (G1 Evacuation Pause) (young), 0.0197204 secs]
   [Parallel Time: 17.4 ms, GC Workers: 4]
      [GC Worker Start (ms): Min: 8873488.6, Avg: 8873488.7, Max: 8873488.8, Diff: 0.2]
      [Ext Root Scanning (ms): Min: 2.3, Avg: 3.2, Max: 5.5, Diff: 3.2, Sum: 12.7]
      [Update RS (ms): Min: 0.0, Avg: 1.8, Max: 3.0, Diff: 3.0, Sum: 7.3]
         [Processed Buffers: Min: 0, Avg: 8.2, Max: 22, Diff: 22, Sum: 33]
      [Scan RS (ms): Min: 0.0, Avg: 0.3, Max: 1.0, Diff: 0.9, Sum: 1.2]
      [Code Root Scanning (ms): Min: 0.0, Avg: 0.0, Max: 0.1, Diff: 0.1, Sum: 0.2]
      [Object Copy (ms): Min: 11.5, Avg: 11.8, Max: 12.2, Diff: 0.7, Sum: 47.2]
      [Termination (ms): Min: 0.0, Avg: 0.0, Max: 0.0, Diff: 0.0, Sum: 0.0]
         [Termination Attempts: Min: 1, Avg: 1.0, Max: 1, Diff: 0, Sum: 4]
      [GC Worker Other (ms): Min: 0.0, Avg: 0.1, Max: 0.1, Diff: 0.1, Sum: 0.2]
      [GC Worker Total (ms): Min: 17.1, Avg: 17.2, Max: 17.3, Diff: 0.2, Sum: 68.8]
      [GC Worker End (ms): Min: 8873505.9, Avg: 8873505.9, Max: 8873505.9, Diff: 0.0]
   [Code Root Fixup: 0.0 ms]
   [Code Root Purge: 0.0 ms]
   [Clear CT: 0.1 ms]
   [Other: 2.2 ms]
      [Choose CSet: 0.0 ms]
      [Ref Proc: 0.3 ms]
      [Ref Enq: 0.0 ms]
      [Redirty Cards: 0.0 ms]
      [Humongous Register: 0.6 ms]
      [Humongous Reclaim: 0.0 ms]
      [Free CSet: 0.8 ms]
   [Eden: 609.0M(609.0M)->0.0B(609.0M) Survivors: 5120.0K->5120.0K Heap: 761.0M(1024.0M)->152.5M(1024.0M)]
 [Times: user=0.03 sys=0.03, real=0.02 secs] 
2019-11-06T08:18:28.758+0800: 9221.714: [GC pause (G1 Evacuation Pause) (young), 0.0111292 secs]
   [Parallel Time: 9.6 ms, GC Workers: 4]
      [GC Worker Start (ms): Min: 9221714.2, Avg: 9221714.2, Max: 9221714.4, Diff: 0.2]
      [Ext Root Scanning (ms): Min: 0.3, Avg: 0.5, Max: 0.6, Diff: 0.3, Sum: 2.0]
      [Update RS (ms): Min: 0.5, Avg: 0.6, Max: 0.7, Diff: 0.1, Sum: 2.3]
         [Processed Buffers: Min: 2, Avg: 8.5, Max: 15, Diff: 13, Sum: 34]
      [Scan RS (ms): Min: 0.0, Avg: 0.1, Max: 0.1, Diff: 0.1, Sum: 0.3]
      [Code Root Scanning (ms): Min: 0.0, Avg: 0.0, Max: 0.0, Diff: 0.0, Sum: 0.1]
      [Object Copy (ms): Min: 7.1, Avg: 7.5, Max: 8.2, Diff: 1.2, Sum: 30.0]
      [Termination (ms): Min: 0.0, Avg: 0.8, Max: 1.2, Diff: 1.2, Sum: 3.1]
         [Termination Attempts: Min: 1, Avg: 1.5, Max: 3, Diff: 2, Sum: 6]
      [GC Worker Other (ms): Min: 0.0, Avg: 0.0, Max: 0.0, Diff: 0.0, Sum: 0.0]
      [GC Worker Total (ms): Min: 9.3, Avg: 9.5, Max: 9.6, Diff: 0.3, Sum: 37.8]
      [GC Worker End (ms): Min: 9221723.6, Avg: 9221723.7, Max: 9221723.8, Diff: 0.1]
   [Code Root Fixup: 0.0 ms]
   [Code Root Purge: 0.0 ms]
   [Clear CT: 0.1 ms]
   [Other: 1.4 ms]
      [Choose CSet: 0.0 ms]
      [Ref Proc: 0.6 ms]
      [Ref Enq: 0.0 ms]
      [Redirty Cards: 0.0 ms]
      [Humongous Register: 0.1 ms]
      [Humongous Reclaim: 0.0 ms]
      [Free CSet: 0.4 ms]
   [Eden: 609.0M(609.0M)->0.0B(609.0M) Survivors: 5120.0K->5120.0K Heap: 761.5M(1024.0M)->152.5M(1024.0M)]
 [Times: user=0.02 sys=0.01, real=0.02 secs] 
2019-11-06T08:29:28.937+0800: 9881.890: [GC pause (G1 Evacuation Pause) (young), 0.0267310 secs]
   [Parallel Time: 23.3 ms, GC Workers: 4]
      [GC Worker Start (ms): Min: 9881891.7, Avg: 9881891.7, Max: 9881891.8, Diff: 0.2]
      [Ext Root Scanning (ms): Min: 1.4, Avg: 3.5, Max: 6.1, Diff: 4.6, Sum: 14.0]
      [Update RS (ms): Min: 1.0, Avg: 2.9, Max: 3.6, Diff: 2.5, Sum: 11.7]
         [Processed Buffers: Min: 2, Avg: 9.2, Max: 22, Diff: 20, Sum: 37]
      [Scan RS (ms): Min: 0.1, Avg: 0.1, Max: 0.1, Diff: 0.0, Sum: 0.4]
      [Code Root Scanning (ms): Min: 0.0, Avg: 0.1, Max: 0.2, Diff: 0.2, Sum: 0.4]
      [Object Copy (ms): Min: 15.5, Avg: 15.6, Max: 15.8, Diff: 0.2, Sum: 62.4]
      [Termination (ms): Min: 0.0, Avg: 0.3, Max: 0.4, Diff: 0.4, Sum: 1.1]
         [Termination Attempts: Min: 1, Avg: 1.0, Max: 1, Diff: 0, Sum: 4]
      [GC Worker Other (ms): Min: 0.0, Avg: 0.5, Max: 2.0, Diff: 1.9, Sum: 2.1]
      [GC Worker Total (ms): Min: 23.0, Avg: 23.0, Max: 23.1, Diff: 0.2, Sum: 92.2]
      [GC Worker End (ms): Min: 9881914.7, Avg: 9881914.8, Max: 9881914.9, Diff: 0.2]
   [Code Root Fixup: 0.0 ms]
   [Code Root Purge: 0.1 ms]
   [Clear CT: 0.2 ms]
   [Other: 3.2 ms]
      [Choose CSet: 0.0 ms]
      [Ref Proc: 0.6 ms]
      [Ref Enq: 0.0 ms]
      [Redirty Cards: 0.1 ms]
      [Humongous Register: 0.8 ms]
      [Humongous Reclaim: 0.0 ms]
      [Free CSet: 1.0 ms]
   [Eden: 609.0M(609.0M)->0.0B(584.0M) Survivors: 5120.0K->6144.0K Heap: 761.5M(1024.0M)->153.5M(1024.0M)]
 [Times: user=0.04 sys=0.05, real=0.03 secs] 
2019-11-06T08:34:17.597+0800: 10170.549: [GC pause (G1 Evacuation Pause) (young), 0.0246643 secs]
   [Parallel Time: 21.9 ms, GC Workers: 4]
      [GC Worker Start (ms): Min: 10170550.1, Avg: 10170550.3, Max: 10170550.4, Diff: 0.2]
      [Ext Root Scanning (ms): Min: 1.9, Avg: 3.7, Max: 7.6, Diff: 5.6, Sum: 14.8]
      [Update RS (ms): Min: 0.0, Avg: 1.8, Max: 2.5, Diff: 2.5, Sum: 7.3]
         [Processed Buffers: Min: 0, Avg: 8.5, Max: 17, Diff: 17, Sum: 34]
      [Scan RS (ms): Min: 0.0, Avg: 0.1, Max: 0.1, Diff: 0.1, Sum: 0.3]
      [Code Root Scanning (ms): Min: 0.0, Avg: 0.1, Max: 0.1, Diff: 0.1, Sum: 0.3]
      [Object Copy (ms): Min: 14.2, Avg: 15.8, Max: 16.4, Diff: 2.2, Sum: 63.1]
      [Termination (ms): Min: 0.0, Avg: 0.0, Max: 0.0, Diff: 0.0, Sum: 0.0]
         [Termination Attempts: Min: 1, Avg: 1.0, Max: 1, Diff: 0, Sum: 4]
      [GC Worker Other (ms): Min: 0.0, Avg: 0.2, Max: 0.8, Diff: 0.8, Sum: 1.0]
      [GC Worker Total (ms): Min: 21.6, Avg: 21.7, Max: 21.8, Diff: 0.2, Sum: 86.8]
      [GC Worker End (ms): Min: 10170572.0, Avg: 10170572.0, Max: 10170572.0, Diff: 0.0]
   [Code Root Fixup: 0.0 ms]
   [Code Root Purge: 0.0 ms]
   [Clear CT: 0.2 ms]
   [Other: 2.6 ms]
      [Choose CSet: 0.0 ms]
      [Ref Proc: 0.2 ms]
      [Ref Enq: 0.0 ms]
      [Redirty Cards: 0.0 ms]
      [Humongous Register: 0.9 ms]
      [Humongous Reclaim: 0.0 ms]
      [Free CSet: 0.8 ms]
   [Eden: 584.0M(584.0M)->0.0B(459.0M) Survivors: 6144.0K->7168.0K Heap: 737.5M(1024.0M)->154.0M(1024.0M)]
 [Times: user=0.03 sys=0.04, real=0.03 secs] 
2019-11-06T08:38:04.861+0800: 10397.812: [GC pause (G1 Evacuation Pause) (young), 0.0453512 secs]
   [Parallel Time: 27.9 ms, GC Workers: 4]
      [GC Worker Start (ms): Min: 10397817.0, Avg: 10397817.2, Max: 10397817.5, Diff: 0.5]
      [Ext Root Scanning (ms): Min: 4.6, Avg: 6.2, Max: 10.3, Diff: 5.7, Sum: 24.6]
      [Update RS (ms): Min: 0.0, Avg: 3.6, Max: 6.3, Diff: 6.3, Sum: 14.4]
         [Processed Buffers: Min: 0, Avg: 8.2, Max: 30, Diff: 30, Sum: 33]
      [Scan RS (ms): Min: 0.0, Avg: 0.1, Max: 0.2, Diff: 0.2, Sum: 0.5]
      [Code Root Scanning (ms): Min: 0.0, Avg: 0.6, Max: 1.5, Diff: 1.5, Sum: 2.4]
      [Object Copy (ms): Min: 15.7, Avg: 16.0, Max: 16.3, Diff: 0.6, Sum: 64.0]
      [Termination (ms): Min: 0.0, Avg: 0.4, Max: 0.7, Diff: 0.7, Sum: 1.5]
         [Termination Attempts: Min: 1, Avg: 1.0, Max: 1, Diff: 0, Sum: 4]
      [GC Worker Other (ms): Min: 0.0, Avg: 0.1, Max: 0.3, Diff: 0.3, Sum: 0.6]
      [GC Worker Total (ms): Min: 26.7, Avg: 27.0, Max: 27.4, Diff: 0.7, Sum: 108.0]
      [GC Worker End (ms): Min: 10397844.2, Avg: 10397844.2, Max: 10397844.4, Diff: 0.2]
   [Code Root Fixup: 0.0 ms]
   [Code Root Purge: 0.0 ms]
   [Clear CT: 0.3 ms]
   [Other: 17.1 ms]
      [Choose CSet: 0.0 ms]
      [Ref Proc: 11.5 ms]
      [Ref Enq: 0.0 ms]
      [Redirty Cards: 0.1 ms]
      [Humongous Register: 3.3 ms]
      [Humongous Reclaim: 0.0 ms]
      [Free CSet: 0.9 ms]
   [Eden: 459.0M(459.0M)->0.0B(46.0M) Survivors: 7168.0K->5120.0K Heap: 613.0M(1024.0M)->152.2M(1024.0M)]
 [Times: user=0.03 sys=0.04, real=0.04 secs] 
2019-11-06T08:38:27.966+0800: 10420.916: [GC pause (G1 Evacuation Pause) (young), 0.0076976 secs]
   [Parallel Time: 6.8 ms, GC Workers: 4]
      [GC Worker Start (ms): Min: 10420916.1, Avg: 10420916.1, Max: 10420916.1, Diff: 0.0]
      [Ext Root Scanning (ms): Min: 0.5, Avg: 0.5, Max: 0.6, Diff: 0.1, Sum: 2.0]
      [Update RS (ms): Min: 0.8, Avg: 0.9, Max: 1.0, Diff: 0.3, Sum: 3.5]
         [Processed Buffers: Min: 2, Avg: 7.2, Max: 18, Diff: 16, Sum: 29]
      [Scan RS (ms): Min: 0.0, Avg: 0.0, Max: 0.0, Diff: 0.0, Sum: 0.0]
      [Code Root Scanning (ms): Min: 0.0, Avg: 0.0, Max: 0.0, Diff: 0.0, Sum: 0.1]
      [Object Copy (ms): Min: 5.1, Avg: 5.2, Max: 5.3, Diff: 0.2, Sum: 20.8]
      [Termination (ms): Min: 0.0, Avg: 0.0, Max: 0.0, Diff: 0.0, Sum: 0.0]
         [Termination Attempts: Min: 1, Avg: 1.0, Max: 1, Diff: 0, Sum: 4]
      [GC Worker Other (ms): Min: 0.0, Avg: 0.0, Max: 0.0, Diff: 0.0, Sum: 0.1]
      [GC Worker Total (ms): Min: 6.6, Avg: 6.6, Max: 6.6, Diff: 0.0, Sum: 26.5]
      [GC Worker End (ms): Min: 10420922.7, Avg: 10420922.7, Max: 10420922.7, Diff: 0.0]
   [Code Root Fixup: 0.0 ms]
   [Code Root Purge: 0.0 ms]
   [Clear CT: 0.1 ms]
   [Other: 0.8 ms]
      [Choose CSet: 0.0 ms]
      [Ref Proc: 0.5 ms]
      [Ref Enq: 0.0 ms]
      [Redirty Cards: 0.1 ms]
      [Humongous Register: 0.0 ms]
      [Humongous Reclaim: 0.0 ms]
      [Free CSet: 0.1 ms]
   [Eden: 46.0M(46.0M)->0.0B(46.0M) Survivors: 5120.0K->5120.0K Heap: 198.2M(1024.0M)->152.2M(1024.0M)]
 [Times: user=0.03 sys=0.00, real=0.01 secs] 
2019-11-06T08:38:50.700+0800: 10443.651: [GC pause (G1 Evacuation Pause) (young), 0.0071418 secs]
   [Parallel Time: 6.1 ms, GC Workers: 4]
      [GC Worker Start (ms): Min: 10443650.8, Avg: 10443650.8, Max: 10443650.8, Diff: 0.0]
      [Ext Root Scanning (ms): Min: 0.4, Avg: 0.5, Max: 0.5, Diff: 0.1, Sum: 1.8]
      [Update RS (ms): Min: 0.5, Avg: 0.6, Max: 0.7, Diff: 0.2, Sum: 2.5]
         [Processed Buffers: Min: 1, Avg: 7.2, Max: 20, Diff: 19, Sum: 29]
      [Scan RS (ms): Min: 0.0, Avg: 0.0, Max: 0.0, Diff: 0.0, Sum: 0.0]
      [Code Root Scanning (ms): Min: 0.0, Avg: 0.0, Max: 0.0, Diff: 0.0, Sum: 0.1]
      [Object Copy (ms): Min: 4.7, Avg: 4.7, Max: 4.8, Diff: 0.1, Sum: 18.9]
      [Termination (ms): Min: 0.0, Avg: 0.0, Max: 0.0, Diff: 0.0, Sum: 0.0]
         [Termination Attempts: Min: 1, Avg: 1.0, Max: 1, Diff: 0, Sum: 4]
      [GC Worker Other (ms): Min: 0.0, Avg: 0.0, Max: 0.0, Diff: 0.0, Sum: 0.1]
      [GC Worker Total (ms): Min: 5.8, Avg: 5.8, Max: 5.9, Diff: 0.0, Sum: 23.4]
      [GC Worker End (ms): Min: 10443656.6, Avg: 10443656.6, Max: 10443656.6, Diff: 0.0]
   [Code Root Fixup: 0.0 ms]
   [Code Root Purge: 0.0 ms]
   [Clear CT: 0.1 ms]
   [Other: 0.9 ms]
      [Choose CSet: 0.0 ms]
      [Ref Proc: 0.7 ms]
      [Ref Enq: 0.0 ms]
      [Redirty Cards: 0.0 ms]
      [Humongous Register: 0.0 ms]
      [Humongous Reclaim: 0.0 ms]
      [Free CSet: 0.0 ms]
   [Eden: 46.0M(46.0M)->0.0B(84.0M) Survivors: 5120.0K->5120.0K Heap: 198.2M(1024.0M)->152.2M(1024.0M)]
 [Times: user=0.02 sys=0.00, real=0.00 secs] 
2019-11-06T08:39:32.448+0800: 10485.398: [GC pause (G1 Evacuation Pause) (young), 0.0089944 secs]
   [Parallel Time: 7.3 ms, GC Workers: 4]
      [GC Worker Start (ms): Min: 10485398.1, Avg: 10485398.2, Max: 10485398.4, Diff: 0.3]
      [Ext Root Scanning (ms): Min: 0.7, Avg: 0.8, Max: 1.0, Diff: 0.3, Sum: 3.4]
      [Update RS (ms): Min: 0.8, Avg: 1.1, Max: 1.9, Diff: 1.1, Sum: 4.6]
         [Processed Buffers: Min: 1, Avg: 7.2, Max: 14, Diff: 13, Sum: 29]
      [Scan RS (ms): Min: 0.0, Avg: 0.0, Max: 0.1, Diff: 0.1, Sum: 0.1]
      [Code Root Scanning (ms): Min: 0.0, Avg: 0.0, Max: 0.0, Diff: 0.0, Sum: 0.1]
      [Object Copy (ms): Min: 4.2, Avg: 4.8, Max: 5.2, Diff: 1.0, Sum: 19.4]
      [Termination (ms): Min: 0.0, Avg: 0.0, Max: 0.0, Diff: 0.0, Sum: 0.0]
         [Termination Attempts: Min: 1, Avg: 1.0, Max: 1, Diff: 0, Sum: 4]
      [GC Worker Other (ms): Min: 0.0, Avg: 0.0, Max: 0.0, Diff: 0.0, Sum: 0.1]
      [GC Worker Total (ms): Min: 6.7, Avg: 6.9, Max: 7.1, Diff: 0.3, Sum: 27.6]
      [GC Worker End (ms): Min: 10485405.1, Avg: 10485405.1, Max: 10485405.1, Diff: 0.0]
   [Code Root Fixup: 0.0 ms]
   [Code Root Purge: 0.0 ms]
   [Clear CT: 0.1 ms]
   [Other: 1.6 ms]
      [Choose CSet: 0.0 ms]
      [Ref Proc: 1.3 ms]
      [Ref Enq: 0.0 ms]
      [Redirty Cards: 0.0 ms]
      [Humongous Register: 0.0 ms]
      [Humongous Reclaim: 0.0 ms]
      [Free CSet: 0.1 ms]
   [Eden: 84.0M(84.0M)->0.0B(303.0M) Survivors: 5120.0K->5120.0K Heap: 236.2M(1024.0M)->152.2M(1024.0M)]
 [Times: user=0.03 sys=0.00, real=0.01 secs] 
2019-11-06T08:42:03.039+0800: 10635.989: [GC pause (G1 Evacuation Pause) (young), 0.0096055 secs]
   [Parallel Time: 7.7 ms, GC Workers: 4]
      [GC Worker Start (ms): Min: 10635988.6, Avg: 10635988.6, Max: 10635988.6, Diff: 0.0]
      [Ext Root Scanning (ms): Min: 0.4, Avg: 0.5, Max: 0.5, Diff: 0.1, Sum: 1.9]
      [Update RS (ms): Min: 0.5, Avg: 0.6, Max: 0.7, Diff: 0.2, Sum: 2.5]
         [Processed Buffers: Min: 1, Avg: 7.8, Max: 18, Diff: 17, Sum: 31]
      [Scan RS (ms): Min: 0.0, Avg: 0.0, Max: 0.1, Diff: 0.1, Sum: 0.2]
      [Code Root Scanning (ms): Min: 0.0, Avg: 0.0, Max: 0.1, Diff: 0.1, Sum: 0.1]
      [Object Copy (ms): Min: 6.1, Avg: 6.1, Max: 6.3, Diff: 0.2, Sum: 24.6]
      [Termination (ms): Min: 0.0, Avg: 0.2, Max: 0.2, Diff: 0.2, Sum: 0.6]
         [Termination Attempts: Min: 1, Avg: 1.0, Max: 1, Diff: 0, Sum: 4]
      [GC Worker Other (ms): Min: 0.0, Avg: 0.0, Max: 0.0, Diff: 0.0, Sum: 0.1]
      [GC Worker Total (ms): Min: 7.5, Avg: 7.5, Max: 7.5, Diff: 0.0, Sum: 29.9]
      [GC Worker End (ms): Min: 10635996.1, Avg: 10635996.1, Max: 10635996.1, Diff: 0.0]
   [Code Root Fixup: 0.0 ms]
   [Code Root Purge: 0.0 ms]
   [Clear CT: 0.1 ms]
   [Other: 1.8 ms]
      [Choose CSet: 0.0 ms]
      [Ref Proc: 1.5 ms]
      [Ref Enq: 0.0 ms]
      [Redirty Cards: 0.0 ms]
      [Humongous Register: 0.0 ms]
      [Humongous Reclaim: 0.0 ms]
      [Free CSet: 0.1 ms]
   [Eden: 303.0M(303.0M)->0.0B(608.0M) Survivors: 5120.0K->6144.0K Heap: 455.2M(1024.0M)->153.2M(1024.0M)]
 [Times: user=0.03 sys=0.00, real=0.02 secs] 
2019-11-06T08:47:04.006+0800: 10936.954: [GC pause (G1 Evacuation Pause) (young), 0.0123275 secs]
   [Parallel Time: 11.5 ms, GC Workers: 4]
      [GC Worker Start (ms): Min: 10936953.7, Avg: 10936953.7, Max: 10936953.8, Diff: 0.0]
      [Ext Root Scanning (ms): Min: 0.4, Avg: 0.5, Max: 0.6, Diff: 0.2, Sum: 2.1]
      [Update RS (ms): Min: 0.6, Avg: 0.6, Max: 0.8, Diff: 0.2, Sum: 2.6]
         [Processed Buffers: Min: 1, Avg: 8.5, Max: 21, Diff: 20, Sum: 34]
      [Scan RS (ms): Min: 0.0, Avg: 0.1, Max: 0.2, Diff: 0.1, Sum: 0.4]
      [Code Root Scanning (ms): Min: 0.0, Avg: 0.0, Max: 0.1, Diff: 0.1, Sum: 0.1]
      [Object Copy (ms): Min: 9.6, Avg: 9.9, Max: 10.1, Diff: 0.5, Sum: 39.4]
      [Termination (ms): Min: 0.0, Avg: 0.2, Max: 0.4, Diff: 0.4, Sum: 0.8]
         [Termination Attempts: Min: 1, Avg: 1.0, Max: 1, Diff: 0, Sum: 4]
      [GC Worker Other (ms): Min: 0.0, Avg: 0.0, Max: 0.0, Diff: 0.0, Sum: 0.1]
      [GC Worker Total (ms): Min: 11.3, Avg: 11.4, Max: 11.4, Diff: 0.1, Sum: 45.5]
      [GC Worker End (ms): Min: 10936965.1, Avg: 10936965.1, Max: 10936965.2, Diff: 0.1]
   [Code Root Fixup: 0.0 ms]
   [Code Root Purge: 0.0 ms]
   [Clear CT: 0.1 ms]
   [Other: 0.7 ms]
      [Choose CSet: 0.0 ms]
      [Ref Proc: 0.1 ms]
      [Ref Enq: 0.0 ms]
      [Redirty Cards: 0.0 ms]
      [Humongous Register: 0.0 ms]
      [Humongous Reclaim: 0.0 ms]
      [Free CSet: 0.3 ms]
   [Eden: 608.0M(608.0M)->0.0B(609.0M) Survivors: 6144.0K->5120.0K Heap: 761.2M(1024.0M)->152.3M(1024.0M)]
 [Times: user=0.03 sys=0.01, real=0.02 secs] 
2019-11-06T09:12:28.737+0800: 11233.502: [GC pause (G1 Evacuation Pause) (young), 0.0168849 secs]
   [Parallel Time: 12.6 ms, GC Workers: 4]
      [GC Worker Start (ms): Min: 11233503.7, Avg: 11233503.7, Max: 11233503.8, Diff: 0.1]
      [Ext Root Scanning (ms): Min: 1.9, Avg: 2.6, Max: 4.3, Diff: 2.3, Sum: 10.2]
      [Update RS (ms): Min: 0.0, Avg: 1.9, Max: 3.1, Diff: 3.1, Sum: 7.6]
         [Processed Buffers: Min: 1, Avg: 9.8, Max: 19, Diff: 18, Sum: 39]
      [Scan RS (ms): Min: 0.0, Avg: 0.1, Max: 0.2, Diff: 0.2, Sum: 0.3]
      [Code Root Scanning (ms): Min: 0.0, Avg: 0.0, Max: 0.1, Diff: 0.1, Sum: 0.1]
      [Object Copy (ms): Min: 6.8, Avg: 7.4, Max: 7.8, Diff: 1.1, Sum: 29.6]
      [Termination (ms): Min: 0.0, Avg: 0.3, Max: 0.5, Diff: 0.5, Sum: 1.3]
         [Termination Attempts: Min: 1, Avg: 1.0, Max: 1, Diff: 0, Sum: 4]
      [GC Worker Other (ms): Min: 0.0, Avg: 0.0, Max: 0.1, Diff: 0.0, Sum: 0.2]
      [GC Worker Total (ms): Min: 12.2, Avg: 12.4, Max: 12.5, Diff: 0.2, Sum: 49.4]
      [GC Worker End (ms): Min: 11233516.0, Avg: 11233516.1, Max: 11233516.1, Diff: 0.1]
   [Code Root Fixup: 0.0 ms]
   [Code Root Purge: 0.0 ms]
   [Clear CT: 0.4 ms]
   [Other: 3.9 ms]
      [Choose CSet: 0.0 ms]
      [Ref Proc: 1.0 ms]
      [Ref Enq: 0.0 ms]
      [Redirty Cards: 0.1 ms]
      [Humongous Register: 0.9 ms]
      [Humongous Reclaim: 0.0 ms]
      [Free CSet: 1.4 ms]
   [Eden: 609.0M(609.0M)->0.0B(609.0M) Survivors: 5120.0K->5120.0K Heap: 761.3M(1024.0M)->153.0M(1024.0M)]
 [Times: user=0.03 sys=0.02, real=0.02 secs] 
2019-11-06T09:17:27.147+0800: 11531.912: [GC pause (G1 Evacuation Pause) (young), 0.0318494 secs]
   [Parallel Time: 27.7 ms, GC Workers: 4]
      [GC Worker Start (ms): Min: 11531912.8, Avg: 11531912.9, Max: 11531913.0, Diff: 0.2]
      [Ext Root Scanning (ms): Min: 3.4, Avg: 4.9, Max: 8.9, Diff: 5.5, Sum: 19.7]
      [Update RS (ms): Min: 1.2, Avg: 5.4, Max: 7.3, Diff: 6.1, Sum: 21.5]
         [Processed Buffers: Min: 2, Avg: 10.0, Max: 28, Diff: 26, Sum: 40]
      [Scan RS (ms): Min: 0.0, Avg: 0.1, Max: 0.2, Diff: 0.2, Sum: 0.4]
      [Code Root Scanning (ms): Min: 0.0, Avg: 0.1, Max: 0.2, Diff: 0.2, Sum: 0.2]
      [Object Copy (ms): Min: 13.1, Avg: 13.8, Max: 14.5, Diff: 1.4, Sum: 55.3]
      [Termination (ms): Min: 0.0, Avg: 1.2, Max: 3.4, Diff: 3.4, Sum: 4.9]
         [Termination Attempts: Min: 1, Avg: 2.0, Max: 3, Diff: 2, Sum: 8]
      [GC Worker Other (ms): Min: 0.0, Avg: 0.0, Max: 0.0, Diff: 0.0, Sum: 0.2]
      [GC Worker Total (ms): Min: 24.8, Avg: 25.5, Max: 27.6, Diff: 2.8, Sum: 102.2]
      [GC Worker End (ms): Min: 11531937.7, Avg: 11531938.4, Max: 11531940.4, Diff: 2.7]
   [Code Root Fixup: 0.0 ms]
   [Code Root Purge: 0.0 ms]
   [Clear CT: 0.4 ms]
   [Other: 3.7 ms]
      [Choose CSet: 0.0 ms]
      [Ref Proc: 0.8 ms]
      [Ref Enq: 0.0 ms]
      [Redirty Cards: 0.1 ms]
      [Humongous Register: 0.8 ms]
      [Humongous Reclaim: 0.0 ms]
      [Free CSet: 1.4 ms]
   [Eden: 609.0M(609.0M)->0.0B(287.0M) Survivors: 5120.0K->5120.0K Heap: 762.0M(1024.0M)->154.1M(1024.0M)]
 [Times: user=0.03 sys=0.03, real=0.04 secs] 
2019-11-06T09:19:48.230+0800: 11672.994: [GC pause (G1 Evacuation Pause) (young), 0.0125143 secs]
   [Parallel Time: 9.5 ms, GC Workers: 4]
      [GC Worker Start (ms): Min: 11672993.9, Avg: 11672994.1, Max: 11672994.3, Diff: 0.4]
      [Ext Root Scanning (ms): Min: 0.5, Avg: 0.7, Max: 0.9, Diff: 0.4, Sum: 2.7]
      [Update RS (ms): Min: 0.9, Avg: 1.0, Max: 1.1, Diff: 0.3, Sum: 4.0]
         [Processed Buffers: Min: 2, Avg: 8.5, Max: 15, Diff: 13, Sum: 34]
      [Scan RS (ms): Min: 0.0, Avg: 0.0, Max: 0.1, Diff: 0.1, Sum: 0.2]
      [Code Root Scanning (ms): Min: 0.0, Avg: 0.0, Max: 0.1, Diff: 0.1, Sum: 0.1]
      [Object Copy (ms): Min: 6.4, Avg: 6.6, Max: 7.1, Diff: 0.7, Sum: 26.6]
      [Termination (ms): Min: 0.0, Avg: 0.6, Max: 0.9, Diff: 0.9, Sum: 2.4]
         [Termination Attempts: Min: 1, Avg: 1.0, Max: 1, Diff: 0, Sum: 4]
      [GC Worker Other (ms): Min: 0.0, Avg: 0.0, Max: 0.0, Diff: 0.0, Sum: 0.1]
      [GC Worker Total (ms): Min: 8.8, Avg: 9.0, Max: 9.2, Diff: 0.4, Sum: 36.1]
      [GC Worker End (ms): Min: 11673003.0, Avg: 11673003.1, Max: 11673003.3, Diff: 0.3]
   [Code Root Fixup: 0.0 ms]
   [Code Root Purge: 0.0 ms]
   [Clear CT: 0.1 ms]
   [Other: 2.9 ms]
      [Choose CSet: 0.0 ms]
      [Ref Proc: 2.3 ms]
      [Ref Enq: 0.0 ms]
      [Redirty Cards: 0.1 ms]
      [Humongous Register: 0.0 ms]
      [Humongous Reclaim: 0.0 ms]
      [Free CSet: 0.2 ms]
   [Eden: 287.0M(287.0M)->0.0B(492.0M) Survivors: 5120.0K->5120.0K Heap: 441.1M(1024.0M)->154.3M(1024.0M)]
 [Times: user=0.03 sys=0.00, real=0.01 secs] 
2019-11-06T09:23:49.840+0800: 11914.574: [GC pause (G1 Evacuation Pause) (young), 0.0293237 secs]
   [Parallel Time: 25.5 ms, GC Workers: 4]
      [GC Worker Start (ms): Min: 11914575.3, Avg: 11914575.5, Max: 11914575.5, Diff: 0.2]
      [Ext Root Scanning (ms): Min: 3.6, Avg: 5.6, Max: 10.8, Diff: 7.2, Sum: 22.4]
      [Update RS (ms): Min: 0.4, Avg: 3.1, Max: 4.4, Diff: 4.0, Sum: 12.4]
         [Processed Buffers: Min: 1, Avg: 8.8, Max: 21, Diff: 20, Sum: 35]
      [Scan RS (ms): Min: 0.0, Avg: 0.1, Max: 0.1, Diff: 0.1, Sum: 0.3]
      [Code Root Scanning (ms): Min: 0.0, Avg: 0.0, Max: 0.1, Diff: 0.1, Sum: 0.2]
      [Object Copy (ms): Min: 13.7, Avg: 13.8, Max: 13.9, Diff: 0.2, Sum: 55.2]
      [Termination (ms): Min: 0.0, Avg: 0.1, Max: 0.2, Diff: 0.2, Sum: 0.5]
         [Termination Attempts: Min: 1, Avg: 1.0, Max: 1, Diff: 0, Sum: 4]
      [GC Worker Other (ms): Min: 0.0, Avg: 2.5, Max: 3.7, Diff: 3.6, Sum: 10.1]
      [GC Worker Total (ms): Min: 25.2, Avg: 25.3, Max: 25.4, Diff: 0.2, Sum: 101.0]
      [GC Worker End (ms): Min: 11914600.7, Avg: 11914600.7, Max: 11914600.7, Diff: 0.1]
   [Code Root Fixup: 0.0 ms]
   [Code Root Purge: 0.0 ms]
   [Clear CT: 0.1 ms]
   [Other: 3.7 ms]
      [Choose CSet: 0.0 ms]
      [Ref Proc: 1.1 ms]
      [Ref Enq: 0.0 ms]
      [Redirty Cards: 0.0 ms]
      [Humongous Register: 1.1 ms]
      [Humongous Reclaim: 0.0 ms]
      [Free CSet: 1.0 ms]
   [Eden: 492.0M(492.0M)->0.0B(133.0M) Survivors: 5120.0K->6144.0K Heap: 646.3M(1024.0M)->154.8M(1024.0M)]
 [Times: user=0.03 sys=0.04, real=0.03 secs] 
2019-11-06T09:24:54.824+0800: 11979.558: [GC pause (G1 Evacuation Pause) (young), 0.0188905 secs]
   [Parallel Time: 16.4 ms, GC Workers: 4]
      [GC Worker Start (ms): Min: 11979559.5, Avg: 11979559.6, Max: 11979559.6, Diff: 0.1]
      [Ext Root Scanning (ms): Min: 2.4, Avg: 3.4, Max: 6.1, Diff: 3.7, Sum: 13.6]
      [Update RS (ms): Min: 0.0, Avg: 2.7, Max: 4.3, Diff: 4.3, Sum: 10.9]
         [Processed Buffers: Min: 0, Avg: 8.2, Max: 28, Diff: 28, Sum: 33]
      [Scan RS (ms): Min: 0.0, Avg: 0.0, Max: 0.0, Diff: 0.0, Sum: 0.1]
      [Code Root Scanning (ms): Min: 0.0, Avg: 0.1, Max: 0.2, Diff: 0.2, Sum: 0.3]
      [Object Copy (ms): Min: 9.2, Avg: 9.5, Max: 9.7, Diff: 0.5, Sum: 37.9]
      [Termination (ms): Min: 0.0, Avg: 0.4, Max: 0.6, Diff: 0.6, Sum: 1.6]
         [Termination Attempts: Min: 1, Avg: 1.5, Max: 2, Diff: 1, Sum: 6]
      [GC Worker Other (ms): Min: 0.1, Avg: 0.1, Max: 0.1, Diff: 0.0, Sum: 0.3]
      [GC Worker Total (ms): Min: 16.1, Avg: 16.2, Max: 16.2, Diff: 0.1, Sum: 64.7]
      [GC Worker End (ms): Min: 11979575.7, Avg: 11979575.8, Max: 11979575.8, Diff: 0.0]
   [Code Root Fixup: 0.0 ms]
   [Code Root Purge: 0.0 ms]
   [Clear CT: 0.1 ms]
   [Other: 2.5 ms]
      [Choose CSet: 0.0 ms]
      [Ref Proc: 0.1 ms]
      [Ref Enq: 0.0 ms]
      [Redirty Cards: 0.0 ms]
      [Humongous Register: 1.2 ms]
      [Humongous Reclaim: 0.0 ms]
      [Free CSet: 0.5 ms]
   [Eden: 133.0M(133.0M)->0.0B(175.0M) Survivors: 6144.0K->5120.0K Heap: 287.8M(1024.0M)->153.9M(1024.0M)]
 [Times: user=0.03 sys=0.03, real=0.02 secs] 
2019-11-06T09:26:20.804+0800: 12065.537: [GC pause (G1 Evacuation Pause) (young), 0.0155098 secs]
   [Parallel Time: 14.3 ms, GC Workers: 4]
      [GC Worker Start (ms): Min: 12065536.9, Avg: 12065536.9, Max: 12065537.0, Diff: 0.1]
      [Ext Root Scanning (ms): Min: 0.4, Avg: 0.5, Max: 0.6, Diff: 0.1, Sum: 2.0]
      [Update RS (ms): Min: 0.7, Avg: 0.8, Max: 0.9, Diff: 0.2, Sum: 3.2]
         [Processed Buffers: Min: 3, Avg: 8.5, Max: 18, Diff: 15, Sum: 34]
      [Scan RS (ms): Min: 0.0, Avg: 0.0, Max: 0.1, Diff: 0.1, Sum: 0.1]
      [Code Root Scanning (ms): Min: 0.0, Avg: 0.0, Max: 0.1, Diff: 0.1, Sum: 0.1]
      [Object Copy (ms): Min: 12.1, Avg: 12.3, Max: 12.9, Diff: 0.7, Sum: 49.4]
      [Termination (ms): Min: 0.0, Avg: 0.5, Max: 0.6, Diff: 0.6, Sum: 1.8]
         [Termination Attempts: Min: 1, Avg: 1.0, Max: 1, Diff: 0, Sum: 4]
      [GC Worker Other (ms): Min: 0.0, Avg: 0.0, Max: 0.0, Diff: 0.0, Sum: 0.1]
      [GC Worker Total (ms): Min: 14.1, Avg: 14.2, Max: 14.2, Diff: 0.1, Sum: 56.7]
      [GC Worker End (ms): Min: 12065551.1, Avg: 12065551.1, Max: 12065551.1, Diff: 0.0]
   [Code Root Fixup: 0.0 ms]
   [Code Root Purge: 0.0 ms]
   [Clear CT: 0.1 ms]
   [Other: 1.2 ms]
      [Choose CSet: 0.0 ms]
      [Ref Proc: 0.7 ms]
      [Ref Enq: 0.0 ms]
      [Redirty Cards: 0.0 ms]
      [Humongous Register: 0.0 ms]
      [Humongous Reclaim: 0.0 ms]
      [Free CSet: 0.2 ms]
   [Eden: 175.0M(175.0M)->0.0B(249.0M) Survivors: 5120.0K->5120.0K Heap: 328.9M(1024.0M)->153.9M(1024.0M)]
 [Times: user=0.03 sys=0.01, real=0.02 secs] 
2019-11-06T09:28:23.145+0800: 12187.877: [GC pause (G1 Evacuation Pause) (young), 0.0120279 secs]
   [Parallel Time: 11.0 ms, GC Workers: 4]
      [GC Worker Start (ms): Min: 12187877.5, Avg: 12187877.6, Max: 12187877.8, Diff: 0.3]
      [Ext Root Scanning (ms): Min: 0.5, Avg: 1.2, Max: 2.6, Diff: 2.1, Sum: 4.7]
      [Update RS (ms): Min: 0.0, Avg: 0.9, Max: 1.4, Diff: 1.4, Sum: 3.4]
         [Processed Buffers: Min: 0, Avg: 8.0, Max: 25, Diff: 25, Sum: 32]
      [Scan RS (ms): Min: 0.0, Avg: 0.0, Max: 0.1, Diff: 0.1, Sum: 0.2]
      [Code Root Scanning (ms): Min: 0.0, Avg: 0.0, Max: 0.1, Diff: 0.1, Sum: 0.1]
      [Object Copy (ms): Min: 8.3, Avg: 8.7, Max: 9.2, Diff: 1.0, Sum: 34.8]
      [Termination (ms): Min: 0.0, Avg: 0.0, Max: 0.0, Diff: 0.0, Sum: 0.0]
         [Termination Attempts: Min: 1, Avg: 1.2, Max: 2, Diff: 1, Sum: 5]
      [GC Worker Other (ms): Min: 0.0, Avg: 0.0, Max: 0.1, Diff: 0.0, Sum: 0.1]
      [GC Worker Total (ms): Min: 10.6, Avg: 10.8, Max: 10.9, Diff: 0.3, Sum: 43.3]
      [GC Worker End (ms): Min: 12187888.4, Avg: 12187888.4, Max: 12187888.4, Diff: 0.0]
   [Code Root Fixup: 0.0 ms]
   [Code Root Purge: 0.0 ms]
   [Clear CT: 0.1 ms]
   [Other: 1.0 ms]
      [Choose CSet: 0.0 ms]
      [Ref Proc: 0.1 ms]
      [Ref Enq: 0.0 ms]
      [Redirty Cards: 0.1 ms]
      [Humongous Register: 0.2 ms]
      [Humongous Reclaim: 0.0 ms]
      [Free CSet: 0.2 ms]
   [Eden: 249.0M(249.0M)->0.0B(417.0M) Survivors: 5120.0K->5120.0K Heap: 402.9M(1024.0M)->154.0M(1024.0M)]
 [Times: user=0.03 sys=0.01, real=0.01 secs] 
2019-11-06T09:31:47.747+0800: 12392.478: [GC pause (G1 Evacuation Pause) (young), 0.0220797 secs]
   [Parallel Time: 19.3 ms, GC Workers: 4]
      [GC Worker Start (ms): Min: 12392479.8, Avg: 12392479.9, Max: 12392480.0, Diff: 0.2]
      [Ext Root Scanning (ms): Min: 3.9, Avg: 5.1, Max: 8.3, Diff: 4.4, Sum: 20.2]
      [Update RS (ms): Min: 0.0, Avg: 2.9, Max: 3.9, Diff: 3.9, Sum: 11.4]
         [Processed Buffers: Min: 0, Avg: 8.5, Max: 27, Diff: 27, Sum: 34]
      [Scan RS (ms): Min: 0.0, Avg: 0.1, Max: 0.1, Diff: 0.1, Sum: 0.2]
      [Code Root Scanning (ms): Min: 0.0, Avg: 0.1, Max: 0.2, Diff: 0.2, Sum: 0.3]
      [Object Copy (ms): Min: 10.8, Avg: 11.0, Max: 11.1, Diff: 0.3, Sum: 44.0]
      [Termination (ms): Min: 0.0, Avg: 0.0, Max: 0.0, Diff: 0.0, Sum: 0.0]
         [Termination Attempts: Min: 1, Avg: 1.0, Max: 1, Diff: 0, Sum: 4]
      [GC Worker Other (ms): Min: 0.0, Avg: 0.1, Max: 0.1, Diff: 0.1, Sum: 0.2]
      [GC Worker Total (ms): Min: 19.1, Avg: 19.1, Max: 19.2, Diff: 0.1, Sum: 76.5]
      [GC Worker End (ms): Min: 12392499.0, Avg: 12392499.0, Max: 12392499.1, Diff: 0.0]
   [Code Root Fixup: 0.0 ms]
   [Code Root Purge: 0.0 ms]
   [Clear CT: 0.1 ms]
   [Other: 2.6 ms]
      [Choose CSet: 0.0 ms]
      [Ref Proc: 0.1 ms]
      [Ref Enq: 0.0 ms]
      [Redirty Cards: 0.0 ms]
      [Humongous Register: 1.2 ms]
      [Humongous Reclaim: 0.0 ms]
      [Free CSet: 0.6 ms]
   [Eden: 417.0M(417.0M)->0.0B(371.0M) Survivors: 5120.0K->6144.0K Heap: 571.0M(1024.0M)->155.5M(1024.0M)]
 [Times: user=0.03 sys=0.04, real=0.03 secs] 
2019-11-06T09:34:50.034+0800: 12574.764: [GC pause (G1 Evacuation Pause) (young), 0.0081032 secs]
   [Parallel Time: 7.2 ms, GC Workers: 4]
      [GC Worker Start (ms): Min: 12574764.0, Avg: 12574764.0, Max: 12574764.1, Diff: 0.1]
      [Ext Root Scanning (ms): Min: 0.7, Avg: 0.8, Max: 1.0, Diff: 0.3, Sum: 3.3]
      [Update RS (ms): Min: 1.2, Avg: 1.3, Max: 1.4, Diff: 0.2, Sum: 5.1]
         [Processed Buffers: Min: 2, Avg: 8.5, Max: 26, Diff: 24, Sum: 34]
      [Scan RS (ms): Min: 0.0, Avg: 0.1, Max: 0.1, Diff: 0.1, Sum: 0.2]
      [Code Root Scanning (ms): Min: 0.0, Avg: 0.0, Max: 0.0, Diff: 0.0, Sum: 0.1]
      [Object Copy (ms): Min: 4.9, Avg: 4.9, Max: 5.0, Diff: 0.1, Sum: 19.6]
      [Termination (ms): Min: 0.0, Avg: 0.0, Max: 0.0, Diff: 0.0, Sum: 0.0]
         [Termination Attempts: Min: 1, Avg: 1.2, Max: 2, Diff: 1, Sum: 5]
      [GC Worker Other (ms): Min: 0.0, Avg: 0.0, Max: 0.0, Diff: 0.0, Sum: 0.1]
      [GC Worker Total (ms): Min: 7.1, Avg: 7.1, Max: 7.2, Diff: 0.1, Sum: 28.5]
      [GC Worker End (ms): Min: 12574771.2, Avg: 12574771.2, Max: 12574771.2, Diff: 0.0]
   [Code Root Fixup: 0.0 ms]
   [Code Root Purge: 0.0 ms]
   [Clear CT: 0.1 ms]
   [Other: 0.8 ms]
      [Choose CSet: 0.0 ms]
      [Ref Proc: 0.1 ms]
      [Ref Enq: 0.0 ms]
      [Redirty Cards: 0.0 ms]
      [Humongous Register: 0.2 ms]
      [Humongous Reclaim: 0.0 ms]
      [Free CSet: 0.2 ms]
   [Eden: 371.0M(371.0M)->0.0B(609.0M) Survivors: 6144.0K->5120.0K Heap: 526.5M(1024.0M)->154.8M(1024.0M)]
 [Times: user=0.03 sys=0.00, real=0.01 secs] 
2019-11-06T09:39:50.682+0800: 12875.409: [GC pause (G1 Evacuation Pause) (young), 0.0130526 secs]
   [Parallel Time: 11.3 ms, GC Workers: 4]
      [GC Worker Start (ms): Min: 12875409.5, Avg: 12875409.6, Max: 12875409.6, Diff: 0.1]
      [Ext Root Scanning (ms): Min: 0.4, Avg: 0.5, Max: 0.6, Diff: 0.1, Sum: 2.0]
      [Update RS (ms): Min: 1.0, Avg: 1.1, Max: 1.2, Diff: 0.3, Sum: 4.5]
         [Processed Buffers: Min: 2, Avg: 8.8, Max: 17, Diff: 15, Sum: 35]
      [Scan RS (ms): Min: 0.1, Avg: 0.1, Max: 0.2, Diff: 0.1, Sum: 0.4]
      [Code Root Scanning (ms): Min: 0.0, Avg: 0.0, Max: 0.1, Diff: 0.1, Sum: 0.1]
      [Object Copy (ms): Min: 9.3, Avg: 9.4, Max: 9.4, Diff: 0.1, Sum: 37.6]
      [Termination (ms): Min: 0.0, Avg: 0.0, Max: 0.0, Diff: 0.0, Sum: 0.0]
         [Termination Attempts: Min: 1, Avg: 1.0, Max: 1, Diff: 0, Sum: 4]
      [GC Worker Other (ms): Min: 0.0, Avg: 0.1, Max: 0.1, Diff: 0.0, Sum: 0.2]
      [GC Worker Total (ms): Min: 11.2, Avg: 11.2, Max: 11.2, Diff: 0.0, Sum: 44.8]
      [GC Worker End (ms): Min: 12875420.7, Avg: 12875420.8, Max: 12875420.8, Diff: 0.0]
   [Code Root Fixup: 0.0 ms]
   [Code Root Purge: 0.0 ms]
   [Clear CT: 0.1 ms]
   [Other: 1.6 ms]
      [Choose CSet: 0.0 ms]
      [Ref Proc: 0.2 ms]
      [Ref Enq: 0.0 ms]
      [Redirty Cards: 0.0 ms]
      [Humongous Register: 0.0 ms]
      [Humongous Reclaim: 0.0 ms]
      [Free CSet: 1.1 ms]
   [Eden: 609.0M(609.0M)->0.0B(609.0M) Survivors: 5120.0K->5120.0K Heap: 763.8M(1024.0M)->155.4M(1024.0M)]
 [Times: user=0.03 sys=0.02, real=0.01 secs] 
2019-11-06T09:44:51.554+0800: 13176.280: [GC pause (G1 Evacuation Pause) (young), 0.0223362 secs]
   [Parallel Time: 19.2 ms, GC Workers: 4]
      [GC Worker Start (ms): Min: 13176280.9, Avg: 13176280.9, Max: 13176281.0, Diff: 0.1]
      [Ext Root Scanning (ms): Min: 3.5, Avg: 5.4, Max: 10.4, Diff: 7.0, Sum: 21.8]
      [Update RS (ms): Min: 0.0, Avg: 3.3, Max: 6.7, Diff: 6.7, Sum: 13.3]
         [Processed Buffers: Min: 0, Avg: 8.8, Max: 32, Diff: 32, Sum: 35]
      [Scan RS (ms): Min: 0.0, Avg: 0.1, Max: 0.3, Diff: 0.3, Sum: 0.5]
      [Code Root Scanning (ms): Min: 0.0, Avg: 0.6, Max: 2.3, Diff: 2.3, Sum: 2.3]
      [Object Copy (ms): Min: 7.9, Avg: 9.0, Max: 10.7, Diff: 2.8, Sum: 36.1]
      [Termination (ms): Min: 0.0, Avg: 0.4, Max: 0.6, Diff: 0.6, Sum: 1.5]
         [Termination Attempts: Min: 1, Avg: 1.0, Max: 1, Diff: 0, Sum: 4]
      [GC Worker Other (ms): Min: 0.0, Avg: 0.1, Max: 0.2, Diff: 0.1, Sum: 0.4]
      [GC Worker Total (ms): Min: 18.9, Avg: 19.0, Max: 19.0, Diff: 0.1, Sum: 75.8]
      [GC Worker End (ms): Min: 13176299.8, Avg: 13176299.9, Max: 13176300.0, Diff: 0.1]
   [Code Root Fixup: 0.0 ms]
   [Code Root Purge: 0.0 ms]
   [Clear CT: 0.1 ms]
   [Other: 3.0 ms]
      [Choose CSet: 0.0 ms]
      [Ref Proc: 0.6 ms]
      [Ref Enq: 0.0 ms]
      [Redirty Cards: 0.0 ms]
      [Humongous Register: 0.9 ms]
      [Humongous Reclaim: 0.0 ms]
      [Free CSet: 0.9 ms]
   [Eden: 609.0M(609.0M)->0.0B(610.0M) Survivors: 5120.0K->4096.0K Heap: 764.4M(1024.0M)->154.4M(1024.0M)]
 [Times: user=0.02 sys=0.02, real=0.02 secs] 
2019-11-06T09:49:51.928+0800: 13476.652: [GC pause (G1 Evacuation Pause) (young), 0.0083936 secs]
   [Parallel Time: 7.6 ms, GC Workers: 4]
      [GC Worker Start (ms): Min: 13476652.0, Avg: 13476652.0, Max: 13476652.0, Diff: 0.0]
      [Ext Root Scanning (ms): Min: 0.5, Avg: 0.5, Max: 0.6, Diff: 0.1, Sum: 2.2]
      [Update RS (ms): Min: 0.7, Avg: 0.8, Max: 0.9, Diff: 0.2, Sum: 3.2]
         [Processed Buffers: Min: 3, Avg: 8.8, Max: 13, Diff: 10, Sum: 35]
      [Scan RS (ms): Min: 0.0, Avg: 0.1, Max: 0.2, Diff: 0.1, Sum: 0.4]
      [Code Root Scanning (ms): Min: 0.0, Avg: 0.0, Max: 0.0, Diff: 0.0, Sum: 0.1]
      [Object Copy (ms): Min: 5.4, Avg: 5.7, Max: 6.0, Diff: 0.6, Sum: 22.8]
      [Termination (ms): Min: 0.0, Avg: 0.4, Max: 0.6, Diff: 0.6, Sum: 1.4]
         [Termination Attempts: Min: 1, Avg: 1.0, Max: 1, Diff: 0, Sum: 4]
      [GC Worker Other (ms): Min: 0.0, Avg: 0.0, Max: 0.0, Diff: 0.0, Sum: 0.1]
      [GC Worker Total (ms): Min: 7.5, Avg: 7.5, Max: 7.6, Diff: 0.1, Sum: 30.1]
      [GC Worker End (ms): Min: 13476659.5, Avg: 13476659.5, Max: 13476659.5, Diff: 0.1]
   [Code Root Fixup: 0.0 ms]
   [Code Root Purge: 0.0 ms]
   [Clear CT: 0.1 ms]
   [Other: 0.6 ms]
      [Choose CSet: 0.0 ms]
      [Ref Proc: 0.1 ms]
      [Ref Enq: 0.0 ms]
      [Redirty Cards: 0.0 ms]
      [Humongous Register: 0.0 ms]
      [Humongous Reclaim: 0.0 ms]
      [Free CSet: 0.2 ms]
   [Eden: 610.0M(610.0M)->0.0B(609.0M) Survivors: 4096.0K->5120.0K Heap: 764.4M(1024.0M)->154.8M(1024.0M)]
 [Times: user=0.02 sys=0.01, real=0.01 secs] 
2019-11-06T09:54:52.850+0800: 13777.571: [GC pause (G1 Evacuation Pause) (young), 0.0083143 secs]
   [Parallel Time: 7.0 ms, GC Workers: 4]
      [GC Worker Start (ms): Min: 13777571.5, Avg: 13777571.5, Max: 13777571.6, Diff: 0.1]
      [Ext Root Scanning (ms): Min: 0.6, Avg: 0.7, Max: 0.8, Diff: 0.1, Sum: 2.7]
      [Update RS (ms): Min: 0.9, Avg: 1.0, Max: 1.1, Diff: 0.2, Sum: 4.0]
         [Processed Buffers: Min: 3, Avg: 8.8, Max: 22, Diff: 19, Sum: 35]
      [Scan RS (ms): Min: 0.0, Avg: 0.1, Max: 0.2, Diff: 0.2, Sum: 0.5]
      [Code Root Scanning (ms): Min: 0.0, Avg: 0.0, Max: 0.1, Diff: 0.1, Sum: 0.2]
      [Object Copy (ms): Min: 5.1, Avg: 5.1, Max: 5.1, Diff: 0.1, Sum: 20.4]
      [Termination (ms): Min: 0.0, Avg: 0.0, Max: 0.0, Diff: 0.0, Sum: 0.0]
         [Termination Attempts: Min: 1, Avg: 1.0, Max: 1, Diff: 0, Sum: 4]
      [GC Worker Other (ms): Min: 0.0, Avg: 0.0, Max: 0.0, Diff: 0.0, Sum: 0.1]
      [GC Worker Total (ms): Min: 6.9, Avg: 7.0, Max: 7.0, Diff: 0.1, Sum: 27.8]
      [GC Worker End (ms): Min: 13777578.5, Avg: 13777578.5, Max: 13777578.5, Diff: 0.0]
   [Code Root Fixup: 0.0 ms]
   [Code Root Purge: 0.0 ms]
   [Clear CT: 0.4 ms]
   [Other: 0.8 ms]
      [Choose CSet: 0.0 ms]
      [Ref Proc: 0.2 ms]
      [Ref Enq: 0.0 ms]
      [Redirty Cards: 0.1 ms]
      [Humongous Register: 0.1 ms]
      [Humongous Reclaim: 0.0 ms]
      [Free CSet: 0.3 ms]
   [Eden: 609.0M(609.0M)->0.0B(609.0M) Survivors: 5120.0K->5120.0K Heap: 763.8M(1024.0M)->154.9M(1024.0M)]
 [Times: user=0.03 sys=0.01, real=0.02 secs] 
2019-11-06T09:59:53.093+0800: 14077.815: [GC pause (G1 Evacuation Pause) (young), 0.0064969 secs]
   [Parallel Time: 5.8 ms, GC Workers: 4]
      [GC Worker Start (ms): Min: 14077814.7, Avg: 14077815.2, Max: 14077815.6, Diff: 0.9]
      [Ext Root Scanning (ms): Min: 0.0, Avg: 0.3, Max: 0.7, Diff: 0.7, Sum: 1.4]
      [Update RS (ms): Min: 0.6, Avg: 0.6, Max: 0.7, Diff: 0.1, Sum: 2.5]
         [Processed Buffers: Min: 2, Avg: 8.8, Max: 19, Diff: 17, Sum: 35]
      [Scan RS (ms): Min: 0.0, Avg: 0.1, Max: 0.2, Diff: 0.1, Sum: 0.3]
      [Code Root Scanning (ms): Min: 0.0, Avg: 0.0, Max: 0.1, Diff: 0.1, Sum: 0.1]
      [Object Copy (ms): Min: 4.2, Avg: 4.2, Max: 4.3, Diff: 0.1, Sum: 16.8]
      [Termination (ms): Min: 0.0, Avg: 0.0, Max: 0.0, Diff: 0.0, Sum: 0.0]
         [Termination Attempts: Min: 1, Avg: 1.0, Max: 1, Diff: 0, Sum: 4]
      [GC Worker Other (ms): Min: 0.0, Avg: 0.0, Max: 0.0, Diff: 0.0, Sum: 0.1]
      [GC Worker Total (ms): Min: 4.9, Avg: 5.3, Max: 5.8, Diff: 0.9, Sum: 21.3]
      [GC Worker End (ms): Min: 14077820.5, Avg: 14077820.5, Max: 14077820.5, Diff: 0.0]
   [Code Root Fixup: 0.0 ms]
   [Code Root Purge: 0.0 ms]
   [Clear CT: 0.1 ms]
   [Other: 0.5 ms]
      [Choose CSet: 0.0 ms]
      [Ref Proc: 0.1 ms]
      [Ref Enq: 0.0 ms]
      [Redirty Cards: 0.0 ms]
      [Humongous Register: 0.0 ms]
      [Humongous Reclaim: 0.0 ms]
      [Free CSet: 0.2 ms]
   [Eden: 609.0M(609.0M)->0.0B(609.0M) Survivors: 5120.0K->5120.0K Heap: 763.9M(1024.0M)->154.9M(1024.0M)]
 [Times: user=0.02 sys=0.00, real=0.01 secs] 
2019-11-06T10:04:53.192+0800: 14377.912: [GC pause (G1 Evacuation Pause) (young), 0.0194410 secs]
   [Parallel Time: 16.8 ms, GC Workers: 4]
      [GC Worker Start (ms): Min: 14377912.9, Avg: 14377912.9, Max: 14377913.0, Diff: 0.1]
      [Ext Root Scanning (ms): Min: 2.6, Avg: 3.9, Max: 7.3, Diff: 4.8, Sum: 15.5]
      [Update RS (ms): Min: 0.0, Avg: 2.5, Max: 3.5, Diff: 3.5, Sum: 10.1]
         [Processed Buffers: Min: 0, Avg: 8.5, Max: 20, Diff: 20, Sum: 34]
      [Scan RS (ms): Min: 0.0, Avg: 0.1, Max: 0.2, Diff: 0.2, Sum: 0.4]
      [Code Root Scanning (ms): Min: 0.0, Avg: 0.0, Max: 0.1, Diff: 0.1, Sum: 0.1]
      [Object Copy (ms): Min: 9.3, Avg: 10.0, Max: 10.3, Diff: 1.0, Sum: 40.0]
      [Termination (ms): Min: 0.0, Avg: 0.0, Max: 0.0, Diff: 0.0, Sum: 0.0]
         [Termination Attempts: Min: 1, Avg: 1.0, Max: 1, Diff: 0, Sum: 4]
      [GC Worker Other (ms): Min: 0.1, Avg: 0.1, Max: 0.2, Diff: 0.2, Sum: 0.4]
      [GC Worker Total (ms): Min: 16.5, Avg: 16.6, Max: 16.7, Diff: 0.2, Sum: 66.5]
      [GC Worker End (ms): Min: 14377929.5, Avg: 14377929.6, Max: 14377929.6, Diff: 0.0]
   [Code Root Fixup: 0.0 ms]
   [Code Root Purge: 0.0 ms]
   [Clear CT: 0.1 ms]
   [Other: 2.5 ms]
      [Choose CSet: 0.0 ms]
      [Ref Proc: 0.2 ms]
      [Ref Enq: 0.0 ms]
      [Redirty Cards: 0.1 ms]
      [Humongous Register: 0.9 ms]
      [Humongous Reclaim: 0.0 ms]
      [Free CSet: 0.8 ms]
   [Eden: 609.0M(609.0M)->0.0B(609.0M) Survivors: 5120.0K->5120.0K Heap: 763.9M(1024.0M)->154.9M(1024.0M)]
 [Times: user=0.02 sys=0.03, real=0.02 secs] 
2019-11-06T10:09:50.583+0800: 14675.301: [GC pause (G1 Evacuation Pause) (young), 0.0146042 secs]
   [Parallel Time: 11.0 ms, GC Workers: 4]
      [GC Worker Start (ms): Min: 14675301.8, Avg: 14675302.4, Max: 14675303.1, Diff: 1.3]
      [Ext Root Scanning (ms): Min: 0.0, Avg: 0.5, Max: 1.1, Diff: 1.1, Sum: 2.2]
      [Update RS (ms): Min: 0.0, Avg: 1.4, Max: 2.1, Diff: 2.1, Sum: 5.7]
         [Processed Buffers: Min: 0, Avg: 8.5, Max: 19, Diff: 19, Sum: 34]
      [Scan RS (ms): Min: 0.0, Avg: 0.1, Max: 0.2, Diff: 0.2, Sum: 0.3]
      [Code Root Scanning (ms): Min: 0.0, Avg: 0.0, Max: 0.1, Diff: 0.1, Sum: 0.1]
      [Object Copy (ms): Min: 5.9, Avg: 6.1, Max: 6.5, Diff: 0.6, Sum: 24.4]
      [Termination (ms): Min: 0.0, Avg: 1.2, Max: 1.7, Diff: 1.7, Sum: 4.9]
         [Termination Attempts: Min: 1, Avg: 1.5, Max: 2, Diff: 1, Sum: 6]
      [GC Worker Other (ms): Min: 0.0, Avg: 0.5, Max: 1.9, Diff: 1.9, Sum: 1.9]
      [GC Worker Total (ms): Min: 8.5, Avg: 9.9, Max: 10.8, Diff: 2.3, Sum: 39.6]
      [GC Worker End (ms): Min: 14675311.6, Avg: 14675312.3, Max: 14675312.6, Diff: 1.0]
   [Code Root Fixup: 0.0 ms]
   [Code Root Purge: 0.0 ms]
   [Clear CT: 0.9 ms]
   [Other: 2.7 ms]
      [Choose CSet: 0.0 ms]
      [Ref Proc: 0.9 ms]
      [Ref Enq: 0.0 ms]
      [Redirty Cards: 0.3 ms]
      [Humongous Register: 0.1 ms]
      [Humongous Reclaim: 0.0 ms]
      [Free CSet: 1.0 ms]
   [Eden: 609.0M(609.0M)->0.0B(609.0M) Survivors: 5120.0K->5120.0K Heap: 763.9M(1024.0M)->155.0M(1024.0M)]
 [Times: user=0.03 sys=0.01, real=0.01 secs] 
2019-11-06T10:14:49.819+0800: 14974.535: [GC pause (G1 Evacuation Pause) (young), 0.0088746 secs]
   [Parallel Time: 7.8 ms, GC Workers: 4]
      [GC Worker Start (ms): Min: 14974535.0, Avg: 14974535.0, Max: 14974535.2, Diff: 0.2]
      [Ext Root Scanning (ms): Min: 1.1, Avg: 1.5, Max: 2.4, Diff: 1.3, Sum: 6.0]
      [Update RS (ms): Min: 0.0, Avg: 1.0, Max: 1.4, Diff: 1.4, Sum: 4.0]
         [Processed Buffers: Min: 0, Avg: 8.8, Max: 24, Diff: 24, Sum: 35]
      [Scan RS (ms): Min: 0.1, Avg: 0.1, Max: 0.2, Diff: 0.1, Sum: 0.4]
      [Code Root Scanning (ms): Min: 0.0, Avg: 0.0, Max: 0.0, Diff: 0.0, Sum: 0.1]
      [Object Copy (ms): Min: 4.9, Avg: 5.0, Max: 5.0, Diff: 0.1, Sum: 19.9]
      [Termination (ms): Min: 0.0, Avg: 0.0, Max: 0.0, Diff: 0.0, Sum: 0.0]
         [Termination Attempts: Min: 1, Avg: 1.0, Max: 1, Diff: 0, Sum: 4]
      [GC Worker Other (ms): Min: 0.1, Avg: 0.1, Max: 0.1, Diff: 0.1, Sum: 0.3]
      [GC Worker Total (ms): Min: 7.6, Avg: 7.7, Max: 7.8, Diff: 0.2, Sum: 30.7]
      [GC Worker End (ms): Min: 14974542.7, Avg: 14974542.7, Max: 14974542.7, Diff: 0.1]
   [Code Root Fixup: 0.0 ms]
   [Code Root Purge: 0.0 ms]
   [Clear CT: 0.2 ms]
   [Other: 0.9 ms]
      [Choose CSet: 0.0 ms]
      [Ref Proc: 0.3 ms]
      [Ref Enq: 0.0 ms]
      [Redirty Cards: 0.1 ms]
      [Humongous Register: 0.1 ms]
      [Humongous Reclaim: 0.0 ms]
      [Free CSet: 0.3 ms]
   [Eden: 609.0M(609.0M)->0.0B(609.0M) Survivors: 5120.0K->5120.0K Heap: 764.0M(1024.0M)->155.1M(1024.0M)]
 [Times: user=0.03 sys=0.01, real=0.02 secs] 
2019-11-06T10:19:49.871+0800: 15274.586: [GC pause (G1 Evacuation Pause) (young), 0.0078353 secs]
   [Parallel Time: 7.2 ms, GC Workers: 4]
      [GC Worker Start (ms): Min: 15274585.8, Avg: 15274585.8, Max: 15274585.8, Diff: 0.0]
      [Ext Root Scanning (ms): Min: 0.5, Avg: 0.5, Max: 0.6, Diff: 0.1, Sum: 2.1]
      [Update RS (ms): Min: 1.3, Avg: 1.3, Max: 1.4, Diff: 0.1, Sum: 5.3]
         [Processed Buffers: Min: 3, Avg: 9.5, Max: 21, Diff: 18, Sum: 38]
      [Scan RS (ms): Min: 0.1, Avg: 0.1, Max: 0.2, Diff: 0.2, Sum: 0.6]
      [Code Root Scanning (ms): Min: 0.0, Avg: 0.1, Max: 0.2, Diff: 0.2, Sum: 0.3]
      [Object Copy (ms): Min: 4.8, Avg: 5.0, Max: 5.1, Diff: 0.3, Sum: 20.0]
      [Termination (ms): Min: 0.0, Avg: 0.0, Max: 0.0, Diff: 0.0, Sum: 0.0]
         [Termination Attempts: Min: 1, Avg: 1.0, Max: 1, Diff: 0, Sum: 4]
      [GC Worker Other (ms): Min: 0.0, Avg: 0.0, Max: 0.0, Diff: 0.0, Sum: 0.1]
      [GC Worker Total (ms): Min: 7.1, Avg: 7.1, Max: 7.1, Diff: 0.0, Sum: 28.4]
      [GC Worker End (ms): Min: 15274592.9, Avg: 15274592.9, Max: 15274592.9, Diff: 0.0]
   [Code Root Fixup: 0.0 ms]
   [Code Root Purge: 0.0 ms]
   [Clear CT: 0.1 ms]
   [Other: 0.5 ms]
      [Choose CSet: 0.0 ms]
      [Ref Proc: 0.1 ms]
      [Ref Enq: 0.0 ms]
      [Redirty Cards: 0.0 ms]
      [Humongous Register: 0.0 ms]
      [Humongous Reclaim: 0.0 ms]
      [Free CSet: 0.2 ms]
   [Eden: 609.0M(609.0M)->0.0B(610.0M) Survivors: 5120.0K->4096.0K Heap: 764.1M(1024.0M)->154.7M(1024.0M)]
 [Times: user=0.02 sys=0.01, real=0.01 secs] 
2019-11-06T10:24:50.725+0800: 15575.438: [GC pause (G1 Evacuation Pause) (young), 0.0108712 secs]
   [Parallel Time: 10.2 ms, GC Workers: 4]
      [GC Worker Start (ms): Min: 15575438.0, Avg: 15575438.0, Max: 15575438.0, Diff: 0.0]
      [Ext Root Scanning (ms): Min: 0.7, Avg: 0.7, Max: 0.8, Diff: 0.1, Sum: 2.9]
      [Update RS (ms): Min: 0.3, Avg: 0.4, Max: 0.5, Diff: 0.2, Sum: 1.7]
         [Processed Buffers: Min: 3, Avg: 8.2, Max: 24, Diff: 21, Sum: 33]
      [Scan RS (ms): Min: 0.0, Avg: 0.1, Max: 0.2, Diff: 0.2, Sum: 0.5]
      [Code Root Scanning (ms): Min: 0.0, Avg: 0.0, Max: 0.1, Diff: 0.0, Sum: 0.1]
      [Object Copy (ms): Min: 8.1, Avg: 8.2, Max: 8.6, Diff: 0.6, Sum: 32.9]
      [Termination (ms): Min: 0.0, Avg: 0.5, Max: 0.7, Diff: 0.7, Sum: 2.0]
         [Termination Attempts: Min: 1, Avg: 1.0, Max: 1, Diff: 0, Sum: 4]
      [GC Worker Other (ms): Min: 0.0, Avg: 0.0, Max: 0.0, Diff: 0.0, Sum: 0.1]
      [GC Worker Total (ms): Min: 10.0, Avg: 10.0, Max: 10.1, Diff: 0.0, Sum: 40.2]
      [GC Worker End (ms): Min: 15575448.0, Avg: 15575448.0, Max: 15575448.1, Diff: 0.1]
   [Code Root Fixup: 0.0 ms]
   [Code Root Purge: 0.0 ms]
   [Clear CT: 0.1 ms]
   [Other: 0.6 ms]
      [Choose CSet: 0.0 ms]
      [Ref Proc: 0.2 ms]
      [Ref Enq: 0.0 ms]
      [Redirty Cards: 0.0 ms]
      [Humongous Register: 0.0 ms]
      [Humongous Reclaim: 0.0 ms]
      [Free CSet: 0.1 ms]
   [Eden: 610.0M(610.0M)->0.0B(608.0M) Survivors: 4096.0K->6144.0K Heap: 764.7M(1024.0M)->156.1M(1024.0M)]
 [Times: user=0.02 sys=0.00, real=0.01 secs] 
2019-11-06T10:29:50.849+0800: 15875.560: [GC pause (G1 Evacuation Pause) (young), 0.0237753 secs]
   [Parallel Time: 20.0 ms, GC Workers: 4]
      [GC Worker Start (ms): Min: 15875561.5, Avg: 15875561.6, Max: 15875561.7, Diff: 0.1]
      [Ext Root Scanning (ms): Min: 4.8, Avg: 7.2, Max: 14.1, Diff: 9.3, Sum: 28.8]
      [Update RS (ms): Min: 0.0, Avg: 1.3, Max: 1.8, Diff: 1.8, Sum: 5.3]
         [Processed Buffers: Min: 0, Avg: 9.0, Max: 26, Diff: 26, Sum: 36]
      [Scan RS (ms): Min: 0.0, Avg: 0.1, Max: 0.2, Diff: 0.2, Sum: 0.4]
      [Code Root Scanning (ms): Min: 0.0, Avg: 0.0, Max: 0.1, Diff: 0.1, Sum: 0.1]
      [Object Copy (ms): Min: 5.2, Avg: 10.7, Max: 12.9, Diff: 7.7, Sum: 42.9]
      [Termination (ms): Min: 0.0, Avg: 0.4, Max: 0.5, Diff: 0.5, Sum: 1.6]
         [Termination Attempts: Min: 1, Avg: 1.2, Max: 2, Diff: 1, Sum: 5]
      [GC Worker Other (ms): Min: 0.0, Avg: 0.1, Max: 0.2, Diff: 0.1, Sum: 0.3]
      [GC Worker Total (ms): Min: 19.8, Avg: 19.9, Max: 19.9, Diff: 0.1, Sum: 79.4]
      [GC Worker End (ms): Min: 15875581.4, Avg: 15875581.5, Max: 15875581.5, Diff: 0.0]
   [Code Root Fixup: 0.0 ms]
   [Code Root Purge: 0.0 ms]
   [Clear CT: 0.2 ms]
   [Other: 3.6 ms]
      [Choose CSet: 0.0 ms]
      [Ref Proc: 1.1 ms]
      [Ref Enq: 0.0 ms]
      [Redirty Cards: 0.0 ms]
      [Humongous Register: 0.8 ms]
      [Humongous Reclaim: 0.0 ms]
      [Free CSet: 0.9 ms]
   [Eden: 608.0M(608.0M)->0.0B(609.0M) Survivors: 6144.0K->5120.0K Heap: 764.1M(1024.0M)->155.2M(1024.0M)]
 [Times: user=0.03 sys=0.02, real=0.03 secs] 
2019-11-06T10:34:50.404+0800: 16175.116: [GC pause (G1 Evacuation Pause) (young), 0.0127790 secs]
   [Parallel Time: 11.2 ms, GC Workers: 4]
      [GC Worker Start (ms): Min: 16175115.9, Avg: 16175116.0, Max: 16175116.0, Diff: 0.1]
      [Ext Root Scanning (ms): Min: 0.9, Avg: 1.3, Max: 2.4, Diff: 1.5, Sum: 5.2]
      [Update RS (ms): Min: 0.0, Avg: 0.4, Max: 0.7, Diff: 0.7, Sum: 1.6]
         [Processed Buffers: Min: 0, Avg: 8.5, Max: 20, Diff: 20, Sum: 34]
      [Scan RS (ms): Min: 0.0, Avg: 0.1, Max: 0.2, Diff: 0.2, Sum: 0.4]
      [Code Root Scanning (ms): Min: 0.0, Avg: 0.0, Max: 0.0, Diff: 0.0, Sum: 0.1]
      [Object Copy (ms): Min: 8.0, Avg: 8.9, Max: 9.4, Diff: 1.4, Sum: 35.6]
      [Termination (ms): Min: 0.0, Avg: 0.3, Max: 0.7, Diff: 0.7, Sum: 1.4]
         [Termination Attempts: Min: 1, Avg: 1.0, Max: 1, Diff: 0, Sum: 4]
      [GC Worker Other (ms): Min: 0.0, Avg: 0.0, Max: 0.0, Diff: 0.0, Sum: 0.1]
      [GC Worker Total (ms): Min: 11.0, Avg: 11.1, Max: 11.1, Diff: 0.1, Sum: 44.3]
      [GC Worker End (ms): Min: 16175127.1, Avg: 16175127.1, Max: 16175127.1, Diff: 0.0]
   [Code Root Fixup: 0.0 ms]
   [Code Root Purge: 0.0 ms]
   [Clear CT: 0.1 ms]
   [Other: 1.4 ms]
      [Choose CSet: 0.0 ms]
      [Ref Proc: 0.8 ms]
      [Ref Enq: 0.0 ms]
      [Redirty Cards: 0.1 ms]
      [Humongous Register: 0.1 ms]
      [Humongous Reclaim: 0.0 ms]
      [Free CSet: 0.3 ms]
   [Eden: 609.0M(609.0M)->0.0B(608.0M) Survivors: 5120.0K->6144.0K Heap: 764.2M(1024.0M)->156.1M(1024.0M)]
 [Times: user=0.03 sys=0.01, real=0.01 secs] 
2019-11-06T10:39:50.580+0800: 16475.290: [GC pause (G1 Evacuation Pause) (young), 0.0255276 secs]
   [Parallel Time: 20.0 ms, GC Workers: 4]
      [GC Worker Start (ms): Min: 16475291.6, Avg: 16475291.7, Max: 16475291.8, Diff: 0.2]
      [Ext Root Scanning (ms): Min: 2.6, Avg: 4.6, Max: 8.7, Diff: 6.1, Sum: 18.4]
      [Update RS (ms): Min: 0.0, Avg: 1.9, Max: 2.5, Diff: 2.5, Sum: 7.4]
         [Processed Buffers: Min: 0, Avg: 8.5, Max: 27, Diff: 27, Sum: 34]
      [Scan RS (ms): Min: 0.0, Avg: 0.1, Max: 0.1, Diff: 0.1, Sum: 0.3]
      [Code Root Scanning (ms): Min: 0.0, Avg: 0.0, Max: 0.0, Diff: 0.0, Sum: 0.1]
      [Object Copy (ms): Min: 11.1, Avg: 12.4, Max: 12.9, Diff: 1.8, Sum: 49.8]
      [Termination (ms): Min: 0.0, Avg: 0.4, Max: 0.6, Diff: 0.6, Sum: 1.7]
         [Termination Attempts: Min: 1, Avg: 1.0, Max: 1, Diff: 0, Sum: 4]
      [GC Worker Other (ms): Min: 0.0, Avg: 0.3, Max: 1.1, Diff: 1.1, Sum: 1.4]
      [GC Worker Total (ms): Min: 19.8, Avg: 19.8, Max: 19.8, Diff: 0.0, Sum: 79.1]
      [GC Worker End (ms): Min: 16475311.4, Avg: 16475311.5, Max: 16475311.5, Diff: 0.2]
   [Code Root Fixup: 0.0 ms]
   [Code Root Purge: 0.0 ms]
   [Clear CT: 0.2 ms]
   [Other: 5.3 ms]
      [Choose CSet: 0.0 ms]
      [Ref Proc: 2.5 ms]
      [Ref Enq: 0.0 ms]
      [Redirty Cards: 0.0 ms]
      [Humongous Register: 0.9 ms]
      [Humongous Reclaim: 0.0 ms]
      [Free CSet: 1.1 ms]
   [Eden: 608.0M(608.0M)->0.0B(610.0M) Survivors: 6144.0K->4096.0K Heap: 764.1M(1024.0M)->154.7M(1024.0M)]
 [Times: user=0.02 sys=0.03, real=0.02 secs] 
2019-11-06T10:44:51.687+0800: 16776.396: [GC pause (G1 Evacuation Pause) (young), 0.0370410 secs]
   [Parallel Time: 33.7 ms, GC Workers: 4]
      [GC Worker Start (ms): Min: 16776397.5, Avg: 16776397.6, Max: 16776397.6, Diff: 0.1]
      [Ext Root Scanning (ms): Min: 3.9, Avg: 6.0, Max: 11.0, Diff: 7.1, Sum: 24.2]
      [Update RS (ms): Min: 0.0, Avg: 2.6, Max: 3.9, Diff: 3.9, Sum: 10.5]
         [Processed Buffers: Min: 0, Avg: 8.5, Max: 22, Diff: 22, Sum: 34]
      [Scan RS (ms): Min: 0.0, Avg: 0.1, Max: 0.3, Diff: 0.2, Sum: 0.4]
      [Code Root Scanning (ms): Min: 0.0, Avg: 0.0, Max: 0.1, Diff: 0.1, Sum: 0.1]
      [Object Copy (ms): Min: 22.0, Avg: 24.2, Max: 25.3, Diff: 3.4, Sum: 96.6]
      [Termination (ms): Min: 0.0, Avg: 0.4, Max: 0.5, Diff: 0.5, Sum: 1.6]
         [Termination Attempts: Min: 1, Avg: 1.2, Max: 2, Diff: 1, Sum: 5]
      [GC Worker Other (ms): Min: 0.0, Avg: 0.2, Max: 0.6, Diff: 0.6, Sum: 0.8]
      [GC Worker Total (ms): Min: 33.4, Avg: 33.5, Max: 33.6, Diff: 0.2, Sum: 134.1]
      [GC Worker End (ms): Min: 16776431.0, Avg: 16776431.1, Max: 16776431.1, Diff: 0.1]
   [Code Root Fixup: 0.0 ms]
   [Code Root Purge: 0.0 ms]
   [Clear CT: 0.1 ms]
   [Other: 3.2 ms]
      [Choose CSet: 0.0 ms]
      [Ref Proc: 0.5 ms]
      [Ref Enq: 0.0 ms]
      [Redirty Cards: 0.0 ms]
      [Humongous Register: 1.2 ms]
      [Humongous Reclaim: 0.0 ms]
      [Free CSet: 0.9 ms]
   [Eden: 610.0M(610.0M)->0.0B(127.0M) Survivors: 4096.0K->4096.0K Heap: 764.7M(1024.0M)->154.2M(1024.0M)]
 [Times: user=0.02 sys=0.04, real=0.04 secs] 
2019-11-06T10:45:54.503+0800: 16839.211: [GC pause (G1 Evacuation Pause) (young), 0.0238463 secs]
   [Parallel Time: 13.9 ms, GC Workers: 4]
      [GC Worker Start (ms): Min: 16839215.8, Avg: 16839215.9, Max: 16839216.0, Diff: 0.2]
      [Ext Root Scanning (ms): Min: 3.3, Avg: 4.2, Max: 6.8, Diff: 3.5, Sum: 16.9]
      [Update RS (ms): Min: 0.0, Avg: 1.6, Max: 2.4, Diff: 2.4, Sum: 6.3]
         [Processed Buffers: Min: 0, Avg: 8.5, Max: 17, Diff: 17, Sum: 34]
      [Scan RS (ms): Min: 0.0, Avg: 0.0, Max: 0.1, Diff: 0.1, Sum: 0.2]
      [Code Root Scanning (ms): Min: 0.0, Avg: 0.0, Max: 0.1, Diff: 0.1, Sum: 0.1]
      [Object Copy (ms): Min: 6.6, Avg: 7.4, Max: 7.7, Diff: 1.1, Sum: 29.4]
      [Termination (ms): Min: 0.0, Avg: 0.1, Max: 0.2, Diff: 0.2, Sum: 0.5]
         [Termination Attempts: Min: 1, Avg: 1.0, Max: 1, Diff: 0, Sum: 4]
      [GC Worker Other (ms): Min: 0.0, Avg: 0.2, Max: 0.7, Diff: 0.6, Sum: 0.9]
      [GC Worker Total (ms): Min: 13.4, Avg: 13.6, Max: 13.6, Diff: 0.2, Sum: 54.3]
      [GC Worker End (ms): Min: 16839229.4, Avg: 16839229.5, Max: 16839229.5, Diff: 0.1]
   [Code Root Fixup: 0.0 ms]
   [Code Root Purge: 0.0 ms]
   [Clear CT: 0.0 ms]
   [Other: 9.9 ms]
      [Choose CSet: 0.0 ms]
      [Ref Proc: 4.3 ms]
      [Ref Enq: 0.0 ms]
      [Redirty Cards: 0.0 ms]
      [Humongous Register: 1.8 ms]
      [Humongous Reclaim: 0.0 ms]
      [Free CSet: 0.6 ms]
   [Eden: 127.0M(127.0M)->0.0B(45.0M) Survivors: 4096.0K->6144.0K Heap: 281.2M(1024.0M)->156.1M(1024.0M)]
 [Times: user=0.02 sys=0.02, real=0.02 secs] 
2019-11-06T10:46:16.453+0800: 16861.161: [GC pause (G1 Evacuation Pause) (young), 0.0114014 secs]
   [Parallel Time: 9.6 ms, GC Workers: 4]
      [GC Worker Start (ms): Min: 16861161.6, Avg: 16861161.6, Max: 16861161.6, Diff: 0.0]
      [Ext Root Scanning (ms): Min: 0.6, Avg: 0.8, Max: 1.1, Diff: 0.5, Sum: 3.2]
      [Update RS (ms): Min: 0.0, Avg: 0.3, Max: 0.4, Diff: 0.4, Sum: 1.0]
         [Processed Buffers: Min: 0, Avg: 7.5, Max: 22, Diff: 22, Sum: 30]
      [Scan RS (ms): Min: 0.0, Avg: 0.0, Max: 0.0, Diff: 0.0, Sum: 0.0]
      [Code Root Scanning (ms): Min: 0.0, Avg: 0.0, Max: 0.0, Diff: 0.0, Sum: 0.0]
      [Object Copy (ms): Min: 6.3, Avg: 6.6, Max: 6.9, Diff: 0.6, Sum: 26.4]
      [Termination (ms): Min: 0.0, Avg: 0.9, Max: 2.1, Diff: 2.1, Sum: 3.8]
         [Termination Attempts: Min: 1, Avg: 1.2, Max: 2, Diff: 1, Sum: 5]
      [GC Worker Other (ms): Min: 0.0, Avg: 0.0, Max: 0.0, Diff: 0.0, Sum: 0.1]
      [GC Worker Total (ms): Min: 7.9, Avg: 8.6, Max: 9.6, Diff: 1.6, Sum: 34.5]
      [GC Worker End (ms): Min: 16861169.5, Avg: 16861170.2, Max: 16861171.1, Diff: 1.6]
   [Code Root Fixup: 0.0 ms]
   [Code Root Purge: 0.0 ms]
   [Clear CT: 0.1 ms]
   [Other: 1.7 ms]
      [Choose CSet: 0.0 ms]
      [Ref Proc: 1.2 ms]
      [Ref Enq: 0.0 ms]
      [Redirty Cards: 0.1 ms]
      [Humongous Register: 0.0 ms]
      [Humongous Reclaim: 0.0 ms]
      [Free CSet: 0.1 ms]
   [Eden: 45.0M(45.0M)->0.0B(70.0M) Survivors: 6144.0K->4096.0K Heap: 201.1M(1024.0M)->154.7M(1024.0M)]
 [Times: user=0.01 sys=0.01, real=0.01 secs] 
2019-11-06T10:46:50.593+0800: 16895.301: [GC pause (G1 Evacuation Pause) (young), 0.0294149 secs]
   [Parallel Time: 25.2 ms, GC Workers: 4]
      [GC Worker Start (ms): Min: 16895304.6, Avg: 16895304.7, Max: 16895304.8, Diff: 0.2]
      [Ext Root Scanning (ms): Min: 8.6, Avg: 9.6, Max: 12.4, Diff: 3.8, Sum: 38.3]
      [Update RS (ms): Min: 0.0, Avg: 1.1, Max: 2.2, Diff: 2.2, Sum: 4.2]
         [Processed Buffers: Min: 0, Avg: 7.5, Max: 26, Diff: 26, Sum: 30]
      [Scan RS (ms): Min: 0.0, Avg: 0.0, Max: 0.0, Diff: 0.0, Sum: 0.0]
      [Code Root Scanning (ms): Min: 0.0, Avg: 0.0, Max: 0.0, Diff: 0.0, Sum: 0.0]
      [Object Copy (ms): Min: 12.2, Avg: 13.8, Max: 15.0, Diff: 2.8, Sum: 55.4]
      [Termination (ms): Min: 0.0, Avg: 0.2, Max: 0.4, Diff: 0.4, Sum: 0.8]
         [Termination Attempts: Min: 1, Avg: 1.0, Max: 1, Diff: 0, Sum: 4]
      [GC Worker Other (ms): Min: 0.0, Avg: 0.0, Max: 0.1, Diff: 0.1, Sum: 0.2]
      [GC Worker Total (ms): Min: 24.6, Avg: 24.7, Max: 24.9, Diff: 0.3, Sum: 98.9]
      [GC Worker End (ms): Min: 16895329.4, Avg: 16895329.4, Max: 16895329.6, Diff: 0.2]
   [Code Root Fixup: 0.0 ms]
   [Code Root Purge: 0.0 ms]
   [Clear CT: 0.2 ms]
   [Other: 4.1 ms]
      [Choose CSet: 0.0 ms]
      [Ref Proc: 0.1 ms]
      [Ref Enq: 0.0 ms]
      [Redirty Cards: 0.0 ms]
      [Humongous Register: 2.5 ms]
      [Humongous Reclaim: 0.0 ms]
      [Free CSet: 0.6 ms]
   [Eden: 70.0M(70.0M)->0.0B(46.0M) Survivors: 4096.0K->5120.0K Heap: 224.7M(1024.0M)->155.2M(1024.0M)]
 [Times: user=0.02 sys=0.03, real=0.03 secs] 
2019-11-06T10:47:13.226+0800: 16917.933: [GC pause (G1 Evacuation Pause) (young), 0.0094901 secs]
   [Parallel Time: 8.9 ms, GC Workers: 4]
      [GC Worker Start (ms): Min: 16917933.4, Avg: 16917933.4, Max: 16917933.5, Diff: 0.0]
      [Ext Root Scanning (ms): Min: 0.8, Avg: 0.8, Max: 0.8, Diff: 0.0, Sum: 3.0]
      [Update RS (ms): Min: 0.2, Avg: 0.3, Max: 0.3, Diff: 0.2, Sum: 1.0]
         [Processed Buffers: Min: 1, Avg: 6.5, Max: 15, Diff: 14, Sum: 26]
      [Scan RS (ms): Min: 0.0, Avg: 0.0, Max: 0.0, Diff: 0.0, Sum: 0.0]
      [Code Root Scanning (ms): Min: 0.0, Avg: 0.0, Max: 0.0, Diff: 0.0, Sum: 0.0]
      [Object Copy (ms): Min: 5.6, Avg: 6.3, Max: 6.9, Diff: 1.3, Sum: 25.2]
      [Termination (ms): Min: 0.0, Avg: 1.1, Max: 2.2, Diff: 2.2, Sum: 4.4]
         [Termination Attempts: Min: 1, Avg: 1.0, Max: 1, Diff: 0, Sum: 4]
      [GC Worker Other (ms): Min: 0.0, Avg: 0.0, Max: 0.0, Diff: 0.0, Sum: 0.0]
      [GC Worker Total (ms): Min: 7.9, Avg: 8.4, Max: 8.8, Diff: 0.9, Sum: 33.7]
      [GC Worker End (ms): Min: 16917941.4, Avg: 16917941.9, Max: 16917942.3, Diff: 0.9]
   [Code Root Fixup: 0.0 ms]
   [Code Root Purge: 0.0 ms]
   [Clear CT: 0.1 ms]
   [Other: 0.5 ms]
      [Choose CSet: 0.0 ms]
      [Ref Proc: 0.1 ms]
      [Ref Enq: 0.0 ms]
      [Redirty Cards: 0.1 ms]
      [Humongous Register: 0.0 ms]
      [Humongous Reclaim: 0.0 ms]
      [Free CSet: 0.1 ms]
   [Eden: 46.0M(46.0M)->0.0B(94.0M) Survivors: 5120.0K->5120.0K Heap: 201.2M(1024.0M)->155.2M(1024.0M)]
 [Times: user=0.01 sys=0.00, real=0.01 secs] 
2019-11-06T10:47:59.740+0800: 16964.448: [GC pause (G1 Evacuation Pause) (young), 0.0204221 secs]
   [Parallel Time: 16.9 ms, GC Workers: 4]
      [GC Worker Start (ms): Min: 16964449.9, Avg: 16964449.9, Max: 16964450.0, Diff: 0.1]
      [Ext Root Scanning (ms): Min: 2.5, Avg: 3.6, Max: 5.6, Diff: 3.1, Sum: 14.3]
      [Update RS (ms): Min: 0.0, Avg: 1.0, Max: 1.7, Diff: 1.7, Sum: 3.8]
         [Processed Buffers: Min: 0, Avg: 7.5, Max: 25, Diff: 25, Sum: 30]
      [Scan RS (ms): Min: 0.0, Avg: 0.0, Max: 0.0, Diff: 0.0, Sum: 0.0]
      [Code Root Scanning (ms): Min: 0.0, Avg: 0.0, Max: 0.0, Diff: 0.0, Sum: 0.0]
      [Object Copy (ms): Min: 10.7, Avg: 11.5, Max: 12.3, Diff: 1.6, Sum: 45.9]
      [Termination (ms): Min: 0.0, Avg: 0.4, Max: 0.8, Diff: 0.8, Sum: 1.7]
         [Termination Attempts: Min: 1, Avg: 1.0, Max: 1, Diff: 0, Sum: 4]
      [GC Worker Other (ms): Min: 0.0, Avg: 0.2, Max: 0.6, Diff: 0.6, Sum: 0.7]
      [GC Worker Total (ms): Min: 16.5, Avg: 16.7, Max: 16.7, Diff: 0.2, Sum: 66.6]
      [GC Worker End (ms): Min: 16964466.5, Avg: 16964466.6, Max: 16964466.6, Diff: 0.1]
   [Code Root Fixup: 0.0 ms]
   [Code Root Purge: 0.0 ms]
   [Clear CT: 0.0 ms]
   [Other: 3.5 ms]
      [Choose CSet: 0.0 ms]
      [Ref Proc: 0.6 ms]
      [Ref Enq: 0.0 ms]
      [Redirty Cards: 0.0 ms]
      [Humongous Register: 1.7 ms]
      [Humongous Reclaim: 0.0 ms]
      [Free CSet: 0.6 ms]
   [Eden: 94.0M(94.0M)->0.0B(113.0M) Survivors: 5120.0K->5120.0K Heap: 249.2M(1024.0M)->155.2M(1024.0M)]
 [Times: user=0.01 sys=0.03, real=0.02 secs] 
2019-11-06T10:48:55.506+0800: 17020.213: [GC pause (G1 Evacuation Pause) (young), 0.0283908 secs]
   [Parallel Time: 24.2 ms, GC Workers: 4]
      [GC Worker Start (ms): Min: 17020213.5, Avg: 17020213.5, Max: 17020213.5, Diff: 0.0]
      [Ext Root Scanning (ms): Min: 0.0, Avg: 0.9, Max: 1.7, Diff: 1.6, Sum: 3.8]
      [Update RS (ms): Min: 0.2, Avg: 0.5, Max: 0.8, Diff: 0.6, Sum: 2.1]
         [Processed Buffers: Min: 1, Avg: 7.5, Max: 16, Diff: 15, Sum: 30]
      [Scan RS (ms): Min: 0.0, Avg: 0.0, Max: 0.0, Diff: 0.0, Sum: 0.1]
      [Code Root Scanning (ms): Min: 0.0, Avg: 0.0, Max: 0.0, Diff: 0.0, Sum: 0.0]
      [Object Copy (ms): Min: 11.2, Avg: 11.4, Max: 11.7, Diff: 0.5, Sum: 45.6]
      [Termination (ms): Min: 0.0, Avg: 5.4, Max: 10.5, Diff: 10.5, Sum: 21.5]
         [Termination Attempts: Min: 1, Avg: 1.0, Max: 1, Diff: 0, Sum: 4]
      [GC Worker Other (ms): Min: 0.1, Avg: 0.8, Max: 1.9, Diff: 1.8, Sum: 3.0]
      [GC Worker Total (ms): Min: 14.0, Avg: 19.0, Max: 24.0, Diff: 10.1, Sum: 76.1]
      [GC Worker End (ms): Min: 17020227.5, Avg: 17020232.5, Max: 17020237.5, Diff: 10.0]
   [Code Root Fixup: 0.0 ms]
   [Code Root Purge: 0.0 ms]
   [Clear CT: 0.0 ms]
   [Other: 4.2 ms]
      [Choose CSet: 0.0 ms]
      [Ref Proc: 3.2 ms]
      [Ref Enq: 0.0 ms]
      [Redirty Cards: 0.0 ms]
      [Humongous Register: 0.1 ms]
      [Humongous Reclaim: 0.0 ms]
      [Free CSet: 0.1 ms]
   [Eden: 113.0M(113.0M)->0.0B(94.0M) Survivors: 5120.0K->5120.0K Heap: 268.2M(1024.0M)->155.2M(1024.0M)]
 [Times: user=0.02 sys=0.01, real=0.03 secs] 
2019-11-06T10:49:41.685+0800: 17066.392: [GC pause (G1 Evacuation Pause) (young), 0.0051746 secs]
   [Parallel Time: 4.6 ms, GC Workers: 4]
      [GC Worker Start (ms): Min: 17066392.4, Avg: 17066392.4, Max: 17066392.4, Diff: 0.1]
      [Ext Root Scanning (ms): Min: 0.6, Avg: 0.6, Max: 0.7, Diff: 0.2, Sum: 2.5]
      [Update RS (ms): Min: 0.3, Avg: 0.4, Max: 0.6, Diff: 0.3, Sum: 1.5]
         [Processed Buffers: Min: 3, Avg: 7.8, Max: 12, Diff: 9, Sum: 31]
      [Scan RS (ms): Min: 0.0, Avg: 0.0, Max: 0.0, Diff: 0.0, Sum: 0.1]
      [Code Root Scanning (ms): Min: 0.0, Avg: 0.0, Max: 0.0, Diff: 0.0, Sum: 0.0]
      [Object Copy (ms): Min: 3.3, Avg: 3.4, Max: 3.5, Diff: 0.2, Sum: 13.7]
      [Termination (ms): Min: 0.0, Avg: 0.0, Max: 0.0, Diff: 0.0, Sum: 0.0]
         [Termination Attempts: Min: 1, Avg: 1.0, Max: 1, Diff: 0, Sum: 4]
      [GC Worker Other (ms): Min: 0.0, Avg: 0.0, Max: 0.0, Diff: 0.0, Sum: 0.1]
      [GC Worker Total (ms): Min: 4.4, Avg: 4.5, Max: 4.5, Diff: 0.1, Sum: 17.9]
      [GC Worker End (ms): Min: 17066396.9, Avg: 17066396.9, Max: 17066396.9, Diff: 0.0]
   [Code Root Fixup: 0.0 ms]
   [Code Root Purge: 0.0 ms]
   [Clear CT: 0.1 ms]
   [Other: 0.5 ms]
      [Choose CSet: 0.0 ms]
      [Ref Proc: 0.1 ms]
      [Ref Enq: 0.0 ms]
      [Redirty Cards: 0.0 ms]
      [Humongous Register: 0.1 ms]
      [Humongous Reclaim: 0.0 ms]
      [Free CSet: 0.1 ms]
   [Eden: 94.0M(94.0M)->0.0B(266.0M) Survivors: 5120.0K->5120.0K Heap: 249.2M(1024.0M)->155.2M(1024.0M)]
 [Times: user=0.02 sys=0.00, real=0.01 secs] 
2019-11-06T10:51:51.649+0800: 17196.355: [GC pause (G1 Evacuation Pause) (young), 0.0102740 secs]
   [Parallel Time: 9.6 ms, GC Workers: 4]
      [GC Worker Start (ms): Min: 17196355.3, Avg: 17196355.4, Max: 17196355.4, Diff: 0.1]
      [Ext Root Scanning (ms): Min: 0.6, Avg: 1.3, Max: 2.2, Diff: 1.6, Sum: 5.3]
      [Update RS (ms): Min: 0.0, Avg: 0.3, Max: 0.5, Diff: 0.5, Sum: 1.0]
         [Processed Buffers: Min: 0, Avg: 7.8, Max: 16, Diff: 16, Sum: 31]
      [Scan RS (ms): Min: 0.0, Avg: 0.0, Max: 0.1, Diff: 0.1, Sum: 0.1]
      [Code Root Scanning (ms): Min: 0.0, Avg: 0.0, Max: 0.0, Diff: 0.0, Sum: 0.0]
      [Object Copy (ms): Min: 7.3, Avg: 7.9, Max: 8.3, Diff: 1.1, Sum: 31.5]
      [Termination (ms): Min: 0.0, Avg: 0.0, Max: 0.0, Diff: 0.0, Sum: 0.0]
         [Termination Attempts: Min: 1, Avg: 1.0, Max: 1, Diff: 0, Sum: 4]
      [GC Worker Other (ms): Min: 0.0, Avg: 0.0, Max: 0.0, Diff: 0.0, Sum: 0.1]
      [GC Worker Total (ms): Min: 9.5, Avg: 9.5, Max: 9.6, Diff: 0.1, Sum: 38.1]
      [GC Worker End (ms): Min: 17196364.9, Avg: 17196364.9, Max: 17196364.9, Diff: 0.0]
   [Code Root Fixup: 0.0 ms]
   [Code Root Purge: 0.0 ms]
   [Clear CT: 0.1 ms]
   [Other: 0.6 ms]
      [Choose CSet: 0.0 ms]
      [Ref Proc: 0.1 ms]
      [Ref Enq: 0.0 ms]
      [Redirty Cards: 0.0 ms]
      [Humongous Register: 0.0 ms]
      [Humongous Reclaim: 0.0 ms]
      [Free CSet: 0.3 ms]
   [Eden: 266.0M(266.0M)->0.0B(400.0M) Survivors: 5120.0K->5120.0K Heap: 421.2M(1024.0M)->155.3M(1024.0M)]
 [Times: user=0.02 sys=0.01, real=0.01 secs] 
2019-11-06T10:55:10.260+0800: 17394.965: [GC pause (G1 Evacuation Pause) (young), 0.0104093 secs]
   [Parallel Time: 9.6 ms, GC Workers: 4]
      [GC Worker Start (ms): Min: 17394965.2, Avg: 17394965.5, Max: 17394965.9, Diff: 0.6]
      [Ext Root Scanning (ms): Min: 0.0, Avg: 0.3, Max: 0.6, Diff: 0.6, Sum: 1.4]
      [Update RS (ms): Min: 0.2, Avg: 0.5, Max: 1.1, Diff: 0.9, Sum: 2.0]
         [Processed Buffers: Min: 1, Avg: 8.2, Max: 23, Diff: 22, Sum: 33]
      [Scan RS (ms): Min: 0.0, Avg: 0.1, Max: 0.1, Diff: 0.1, Sum: 0.2]
      [Code Root Scanning (ms): Min: 0.0, Avg: 0.0, Max: 0.0, Diff: 0.0, Sum: 0.0]
      [Object Copy (ms): Min: 7.8, Avg: 8.3, Max: 8.5, Diff: 0.8, Sum: 33.2]
      [Termination (ms): Min: 0.0, Avg: 0.0, Max: 0.0, Diff: 0.0, Sum: 0.0]
         [Termination Attempts: Min: 1, Avg: 1.0, Max: 1, Diff: 0, Sum: 4]
      [GC Worker Other (ms): Min: 0.0, Avg: 0.0, Max: 0.0, Diff: 0.0, Sum: 0.1]
      [GC Worker Total (ms): Min: 8.9, Avg: 9.2, Max: 9.5, Diff: 0.6, Sum: 37.0]
      [GC Worker End (ms): Min: 17394974.7, Avg: 17394974.7, Max: 17394974.7, Diff: 0.0]
   [Code Root Fixup: 0.0 ms]
   [Code Root Purge: 0.0 ms]
   [Clear CT: 0.1 ms]
   [Other: 0.8 ms]
      [Choose CSet: 0.0 ms]
      [Ref Proc: 0.1 ms]
      [Ref Enq: 0.0 ms]
      [Redirty Cards: 0.0 ms]
      [Humongous Register: 0.0 ms]
      [Humongous Reclaim: 0.0 ms]
      [Free CSet: 0.4 ms]
   [Eden: 400.0M(400.0M)->0.0B(577.0M) Survivors: 5120.0K->4096.0K Heap: 555.3M(1024.0M)->154.6M(1024.0M)]
 [Times: user=0.02 sys=0.00, real=0.01 secs] 
2019-11-06T10:59:56.368+0800: 17681.072: [GC pause (G1 Evacuation Pause) (young), 0.0199493 secs]
   [Parallel Time: 17.3 ms, GC Workers: 4]
      [GC Worker Start (ms): Min: 17681073.6, Avg: 17681073.7, Max: 17681073.8, Diff: 0.2]
      [Ext Root Scanning (ms): Min: 2.7, Avg: 3.8, Max: 6.5, Diff: 3.7, Sum: 15.4]
      [Update RS (ms): Min: 0.0, Avg: 2.3, Max: 3.4, Diff: 3.4, Sum: 9.2]
         [Processed Buffers: Min: 0, Avg: 9.2, Max: 26, Diff: 26, Sum: 37]
      [Scan RS (ms): Min: 0.0, Avg: 0.1, Max: 0.1, Diff: 0.1, Sum: 0.3]
      [Code Root Scanning (ms): Min: 0.0, Avg: 0.0, Max: 0.0, Diff: 0.0, Sum: 0.0]
      [Object Copy (ms): Min: 10.1, Avg: 10.3, Max: 10.5, Diff: 0.5, Sum: 41.0]
      [Termination (ms): Min: 0.0, Avg: 0.4, Max: 0.8, Diff: 0.8, Sum: 1.4]
         [Termination Attempts: Min: 1, Avg: 1.0, Max: 1, Diff: 0, Sum: 4]
      [GC Worker Other (ms): Min: 0.0, Avg: 0.1, Max: 0.1, Diff: 0.1, Sum: 0.3]
      [GC Worker Total (ms): Min: 16.8, Avg: 16.9, Max: 17.1, Diff: 0.2, Sum: 67.6]
      [GC Worker End (ms): Min: 17681090.5, Avg: 17681090.6, Max: 17681090.8, Diff: 0.3]
   [Code Root Fixup: 0.0 ms]
   [Code Root Purge: 0.0 ms]
   [Clear CT: 0.1 ms]
   [Other: 2.6 ms]
      [Choose CSet: 0.0 ms]
      [Ref Proc: 0.2 ms]
      [Ref Enq: 0.0 ms]
      [Redirty Cards: 0.0 ms]
      [Humongous Register: 1.0 ms]
      [Humongous Reclaim: 0.0 ms]
      [Free CSet: 0.8 ms]
   [Eden: 577.0M(577.0M)->0.0B(554.0M) Survivors: 4096.0K->5120.0K Heap: 731.6M(1024.0M)->155.7M(1024.0M)]
 [Times: user=0.03 sys=0.02, real=0.03 secs] 
2019-11-06T11:04:30.980+0800: 17955.682: [GC pause (G1 Evacuation Pause) (young), 0.0069646 secs]
   [Parallel Time: 5.4 ms, GC Workers: 4]
      [GC Worker Start (ms): Min: 17955682.7, Avg: 17955682.7, Max: 17955682.7, Diff: 0.0]
      [Ext Root Scanning (ms): Min: 0.6, Avg: 0.6, Max: 0.7, Diff: 0.1, Sum: 2.6]
      [Update RS (ms): Min: 0.2, Avg: 0.4, Max: 0.5, Diff: 0.2, Sum: 1.5]
         [Processed Buffers: Min: 1, Avg: 9.0, Max: 20, Diff: 19, Sum: 36]
      [Scan RS (ms): Min: 0.0, Avg: 0.1, Max: 0.2, Diff: 0.2, Sum: 0.4]
      [Code Root Scanning (ms): Min: 0.0, Avg: 0.0, Max: 0.0, Diff: 0.0, Sum: 0.0]
      [Object Copy (ms): Min: 4.1, Avg: 4.1, Max: 4.1, Diff: 0.0, Sum: 16.4]
      [Termination (ms): Min: 0.0, Avg: 0.0, Max: 0.0, Diff: 0.0, Sum: 0.0]
         [Termination Attempts: Min: 1, Avg: 1.0, Max: 1, Diff: 0, Sum: 4]
      [GC Worker Other (ms): Min: 0.0, Avg: 0.1, Max: 0.1, Diff: 0.1, Sum: 0.3]
      [GC Worker Total (ms): Min: 5.2, Avg: 5.3, Max: 5.3, Diff: 0.1, Sum: 21.1]
      [GC Worker End (ms): Min: 17955687.9, Avg: 17955688.0, Max: 17955688.0, Diff: 0.1]
   [Code Root Fixup: 0.0 ms]
   [Code Root Purge: 0.0 ms]
   [Clear CT: 0.1 ms]
   [Other: 1.5 ms]
      [Choose CSet: 0.0 ms]
      [Ref Proc: 0.9 ms]
      [Ref Enq: 0.0 ms]
      [Redirty Cards: 0.0 ms]
      [Humongous Register: 0.1 ms]
      [Humongous Reclaim: 0.0 ms]
      [Free CSet: 0.2 ms]
   [Eden: 554.0M(554.0M)->0.0B(609.0M) Survivors: 5120.0K->5120.0K Heap: 709.7M(1024.0M)->155.8M(1024.0M)]
 [Times: user=0.02 sys=0.00, real=0.00 secs] 
2019-11-06T11:09:30.547+0800: 18255.248: [GC pause (G1 Evacuation Pause) (young), 0.0169214 secs]
   [Parallel Time: 13.1 ms, GC Workers: 4]
      [GC Worker Start (ms): Min: 18255249.5, Avg: 18255249.6, Max: 18255249.7, Diff: 0.2]
      [Ext Root Scanning (ms): Min: 3.3, Avg: 4.4, Max: 7.2, Diff: 3.9, Sum: 17.6]
      [Update RS (ms): Min: 0.0, Avg: 1.7, Max: 4.2, Diff: 4.2, Sum: 6.9]
         [Processed Buffers: Min: 0, Avg: 8.5, Max: 29, Diff: 29, Sum: 34]
      [Scan RS (ms): Min: 0.0, Avg: 0.1, Max: 0.2, Diff: 0.2, Sum: 0.4]
      [Code Root Scanning (ms): Min: 0.0, Avg: 0.0, Max: 0.0, Diff: 0.0, Sum: 0.0]
      [Object Copy (ms): Min: 5.1, Avg: 6.5, Max: 7.7, Diff: 2.7, Sum: 26.1]
      [Termination (ms): Min: 0.0, Avg: 0.0, Max: 0.0, Diff: 0.0, Sum: 0.0]
         [Termination Attempts: Min: 1, Avg: 1.0, Max: 1, Diff: 0, Sum: 4]
      [GC Worker Other (ms): Min: 0.0, Avg: 0.1, Max: 0.1, Diff: 0.0, Sum: 0.2]
      [GC Worker Total (ms): Min: 12.7, Avg: 12.8, Max: 12.9, Diff: 0.2, Sum: 51.3]
      [GC Worker End (ms): Min: 18255262.4, Avg: 18255262.4, Max: 18255262.4, Diff: 0.0]
   [Code Root Fixup: 0.0 ms]
   [Code Root Purge: 0.0 ms]
   [Clear CT: 0.3 ms]
   [Other: 3.5 ms]
      [Choose CSet: 0.0 ms]
      [Ref Proc: 1.0 ms]
      [Ref Enq: 0.0 ms]
      [Redirty Cards: 0.0 ms]
      [Humongous Register: 0.8 ms]
      [Humongous Reclaim: 0.0 ms]
      [Free CSet: 1.0 ms]
   [Eden: 609.0M(609.0M)->0.0B(609.0M) Survivors: 5120.0K->5120.0K Heap: 764.8M(1024.0M)->155.7M(1024.0M)]
 [Times: user=0.02 sys=0.02, real=0.02 secs] 
2019-11-06T11:14:32.320+0800: 18557.019: [GC pause (G1 Evacuation Pause) (young), 0.0093921 secs]
   [Parallel Time: 8.5 ms, GC Workers: 4]
      [GC Worker Start (ms): Min: 18557019.2, Avg: 18557019.3, Max: 18557019.3, Diff: 0.1]
      [Ext Root Scanning (ms): Min: 0.8, Avg: 0.8, Max: 0.9, Diff: 0.1, Sum: 3.4]
      [Update RS (ms): Min: 0.8, Avg: 1.0, Max: 1.4, Diff: 0.6, Sum: 4.1]
         [Processed Buffers: Min: 2, Avg: 9.5, Max: 30, Diff: 28, Sum: 38]
      [Scan RS (ms): Min: 0.0, Avg: 0.5, Max: 1.9, Diff: 1.9, Sum: 2.1]
      [Code Root Scanning (ms): Min: 0.0, Avg: 0.0, Max: 0.0, Diff: 0.0, Sum: 0.1]
      [Object Copy (ms): Min: 4.3, Avg: 5.7, Max: 6.3, Diff: 2.0, Sum: 22.9]
      [Termination (ms): Min: 0.0, Avg: 0.0, Max: 0.0, Diff: 0.0, Sum: 0.0]
         [Termination Attempts: Min: 1, Avg: 1.0, Max: 1, Diff: 0, Sum: 4]
      [GC Worker Other (ms): Min: 0.0, Avg: 0.2, Max: 0.5, Diff: 0.4, Sum: 0.6]
      [GC Worker Total (ms): Min: 8.3, Avg: 8.3, Max: 8.4, Diff: 0.1, Sum: 33.2]
      [GC Worker End (ms): Min: 18557027.6, Avg: 18557027.6, Max: 18557027.6, Diff: 0.1]
   [Code Root Fixup: 0.0 ms]
   [Code Root Purge: 0.0 ms]
   [Clear CT: 0.1 ms]
   [Other: 0.8 ms]
      [Choose CSet: 0.0 ms]
      [Ref Proc: 0.2 ms]
      [Ref Enq: 0.0 ms]
      [Redirty Cards: 0.0 ms]
      [Humongous Register: 0.1 ms]
      [Humongous Reclaim: 0.0 ms]
      [Free CSet: 0.2 ms]
   [Eden: 609.0M(609.0M)->0.0B(609.0M) Survivors: 5120.0K->5120.0K Heap: 764.7M(1024.0M)->156.3M(1024.0M)]
 [Times: user=0.03 sys=0.01, real=0.02 secs] 
2019-11-06T11:19:34.324+0800: 18859.022: [GC pause (G1 Evacuation Pause) (young), 0.0101918 secs]
   [Parallel Time: 9.5 ms, GC Workers: 4]
      [GC Worker Start (ms): Min: 18859022.5, Avg: 18859022.5, Max: 18859022.5, Diff: 0.0]
      [Ext Root Scanning (ms): Min: 0.6, Avg: 0.6, Max: 0.6, Diff: 0.1, Sum: 2.3]
      [Update RS (ms): Min: 0.7, Avg: 0.9, Max: 1.0, Diff: 0.2, Sum: 3.5]
         [Processed Buffers: Min: 2, Avg: 9.2, Max: 30, Diff: 28, Sum: 37]
      [Scan RS (ms): Min: 0.1, Avg: 0.1, Max: 0.2, Diff: 0.2, Sum: 0.5]
      [Code Root Scanning (ms): Min: 0.0, Avg: 0.0, Max: 0.0, Diff: 0.0, Sum: 0.1]
      [Object Copy (ms): Min: 7.6, Avg: 7.7, Max: 7.8, Diff: 0.1, Sum: 30.7]
      [Termination (ms): Min: 0.0, Avg: 0.1, Max: 0.3, Diff: 0.3, Sum: 0.5]
         [Termination Attempts: Min: 1, Avg: 1.0, Max: 1, Diff: 0, Sum: 4]
      [GC Worker Other (ms): Min: 0.0, Avg: 0.0, Max: 0.0, Diff: 0.0, Sum: 0.1]
      [GC Worker Total (ms): Min: 9.4, Avg: 9.4, Max: 9.4, Diff: 0.1, Sum: 37.6]
      [GC Worker End (ms): Min: 18859031.9, Avg: 18859031.9, Max: 18859032.0, Diff: 0.1]
   [Code Root Fixup: 0.0 ms]
   [Code Root Purge: 0.0 ms]
   [Clear CT: 0.1 ms]
   [Other: 0.5 ms]
      [Choose CSet: 0.0 ms]
      [Ref Proc: 0.1 ms]
      [Ref Enq: 0.0 ms]
      [Redirty Cards: 0.0 ms]
      [Humongous Register: 0.0 ms]
      [Humongous Reclaim: 0.0 ms]
      [Free CSet: 0.2 ms]
   [Eden: 609.0M(609.0M)->0.0B(610.0M) Survivors: 5120.0K->4096.0K Heap: 765.3M(1024.0M)->155.3M(1024.0M)]
 [Times: user=0.03 sys=0.01, real=0.01 secs] 
2019-11-06T11:24:37.461+0800: 19162.158: [GC pause (G1 Evacuation Pause) (young), 0.0169621 secs]
   [Parallel Time: 13.7 ms, GC Workers: 4]
      [GC Worker Start (ms): Min: 19162159.9, Avg: 19162160.0, Max: 19162160.1, Diff: 0.2]
      [Ext Root Scanning (ms): Min: 3.2, Avg: 4.1, Max: 6.7, Diff: 3.5, Sum: 16.5]
      [Update RS (ms): Min: 0.0, Avg: 1.1, Max: 1.8, Diff: 1.8, Sum: 4.6]
         [Processed Buffers: Min: 0, Avg: 9.2, Max: 20, Diff: 20, Sum: 37]
      [Scan RS (ms): Min: 0.0, Avg: 0.1, Max: 0.2, Diff: 0.2, Sum: 0.4]
      [Code Root Scanning (ms): Min: 0.0, Avg: 0.0, Max: 0.0, Diff: 0.0, Sum: 0.0]
      [Object Copy (ms): Min: 6.4, Avg: 7.6, Max: 8.5, Diff: 2.1, Sum: 30.5]
      [Termination (ms): Min: 0.0, Avg: 0.4, Max: 0.5, Diff: 0.5, Sum: 1.6]
         [Termination Attempts: Min: 1, Avg: 1.0, Max: 1, Diff: 0, Sum: 4]
      [GC Worker Other (ms): Min: 0.0, Avg: 0.1, Max: 0.1, Diff: 0.1, Sum: 0.2]
      [GC Worker Total (ms): Min: 13.3, Avg: 13.5, Max: 13.6, Diff: 0.3, Sum: 53.8]
      [GC Worker End (ms): Min: 19162173.4, Avg: 19162173.4, Max: 19162173.5, Diff: 0.1]
   [Code Root Fixup: 0.0 ms]
   [Code Root Purge: 0.0 ms]
   [Clear CT: 0.1 ms]
   [Other: 3.1 ms]
      [Choose CSet: 0.0 ms]
      [Ref Proc: 0.1 ms]
      [Ref Enq: 0.0 ms]
      [Redirty Cards: 0.0 ms]
      [Humongous Register: 1.3 ms]
      [Humongous Reclaim: 0.0 ms]
      [Free CSet: 0.9 ms]
   [Eden: 610.0M(610.0M)->0.0B(609.0M) Survivors: 4096.0K->5120.0K Heap: 765.3M(1024.0M)->156.1M(1024.0M)]
 [Times: user=0.03 sys=0.03, real=0.02 secs] 
2019-11-06T11:29:37.008+0800: 19461.703: [GC pause (G1 Evacuation Pause) (young), 0.0338006 secs]
   [Parallel Time: 30.2 ms, GC Workers: 4]
      [GC Worker Start (ms): Min: 19461704.6, Avg: 19461704.6, Max: 19461704.7, Diff: 0.1]
      [Ext Root Scanning (ms): Min: 6.3, Avg: 7.6, Max: 10.5, Diff: 4.2, Sum: 30.6]
      [Update RS (ms): Min: 0.2, Avg: 2.7, Max: 3.6, Diff: 3.4, Sum: 10.8]
         [Processed Buffers: Min: 1, Avg: 9.0, Max: 24, Diff: 23, Sum: 36]
      [Scan RS (ms): Min: 0.0, Avg: 0.1, Max: 0.2, Diff: 0.2, Sum: 0.3]
      [Code Root Scanning (ms): Min: 0.0, Avg: 0.0, Max: 0.0, Diff: 0.0, Sum: 0.0]
      [Object Copy (ms): Min: 19.1, Avg: 19.4, Max: 19.8, Diff: 0.6, Sum: 77.8]
      [Termination (ms): Min: 0.0, Avg: 0.1, Max: 0.1, Diff: 0.1, Sum: 0.3]
         [Termination Attempts: Min: 1, Avg: 1.0, Max: 1, Diff: 0, Sum: 4]
      [GC Worker Other (ms): Min: 0.1, Avg: 0.1, Max: 0.1, Diff: 0.1, Sum: 0.3]
      [GC Worker Total (ms): Min: 30.0, Avg: 30.0, Max: 30.1, Diff: 0.2, Sum: 120.1]
      [GC Worker End (ms): Min: 19461734.6, Avg: 19461734.7, Max: 19461734.7, Diff: 0.0]
   [Code Root Fixup: 0.0 ms]
   [Code Root Purge: 0.0 ms]
   [Clear CT: 0.2 ms]
   [Other: 3.4 ms]
      [Choose CSet: 0.0 ms]
      [Ref Proc: 0.9 ms]
      [Ref Enq: 0.0 ms]
      [Redirty Cards: 0.0 ms]
      [Humongous Register: 1.0 ms]
      [Humongous Reclaim: 0.0 ms]
      [Free CSet: 0.9 ms]
   [Eden: 609.0M(609.0M)->0.0B(318.0M) Survivors: 5120.0K->5120.0K Heap: 765.1M(1024.0M)->155.8M(1024.0M)]
 [Times: user=0.03 sys=0.04, real=0.04 secs] 
2019-11-06T11:32:13.593+0800: 19618.287: [GC pause (G1 Evacuation Pause) (young), 0.0170464 secs]
   [Parallel Time: 13.8 ms, GC Workers: 4]
      [GC Worker Start (ms): Min: 19618288.1, Avg: 19618288.1, Max: 19618288.2, Diff: 0.1]
      [Ext Root Scanning (ms): Min: 0.2, Avg: 0.9, Max: 1.5, Diff: 1.3, Sum: 3.7]
      [Update RS (ms): Min: 0.5, Avg: 0.8, Max: 1.2, Diff: 0.6, Sum: 3.1]
         [Processed Buffers: Min: 1, Avg: 8.5, Max: 16, Diff: 15, Sum: 34]
      [Scan RS (ms): Min: 0.0, Avg: 0.1, Max: 0.2, Diff: 0.1, Sum: 0.3]
      [Code Root Scanning (ms): Min: 0.0, Avg: 0.0, Max: 0.0, Diff: 0.0, Sum: 0.0]
      [Object Copy (ms): Min: 10.7, Avg: 11.1, Max: 11.4, Diff: 0.6, Sum: 44.3]
      [Termination (ms): Min: 0.0, Avg: 0.3, Max: 0.4, Diff: 0.4, Sum: 1.2]
         [Termination Attempts: Min: 1, Avg: 1.0, Max: 1, Diff: 0, Sum: 4]
      [GC Worker Other (ms): Min: 0.0, Avg: 0.6, Max: 1.3, Diff: 1.3, Sum: 2.2]
      [GC Worker Total (ms): Min: 13.6, Avg: 13.7, Max: 13.8, Diff: 0.2, Sum: 54.8]
      [GC Worker End (ms): Min: 19618301.7, Avg: 19618301.8, Max: 19618301.9, Diff: 0.1]
   [Code Root Fixup: 0.0 ms]
   [Code Root Purge: 0.0 ms]
   [Clear CT: 0.1 ms]
   [Other: 3.1 ms]
      [Choose CSet: 0.0 ms]
      [Ref Proc: 1.7 ms]
      [Ref Enq: 0.0 ms]
      [Redirty Cards: 0.1 ms]
      [Humongous Register: 0.0 ms]
      [Humongous Reclaim: 0.0 ms]
      [Free CSet: 0.1 ms]
   [Eden: 318.0M(318.0M)->0.0B(431.0M) Survivors: 5120.0K->5120.0K Heap: 473.8M(1024.0M)->155.8M(1024.0M)]
 [Times: user=0.03 sys=0.01, real=0.02 secs] 
2019-11-06T11:35:45.915+0800: 19830.608: [GC pause (G1 Evacuation Pause) (young), 0.0119054 secs]
   [Parallel Time: 9.8 ms, GC Workers: 4]
      [GC Worker Start (ms): Min: 19830607.9, Avg: 19830608.0, Max: 19830608.0, Diff: 0.0]
      [Ext Root Scanning (ms): Min: 0.5, Avg: 0.9, Max: 1.5, Diff: 1.0, Sum: 3.5]
      [Update RS (ms): Min: 0.0, Avg: 0.6, Max: 1.0, Diff: 1.0, Sum: 2.4]
         [Processed Buffers: Min: 0, Avg: 9.0, Max: 32, Diff: 32, Sum: 36]
      [Scan RS (ms): Min: 0.0, Avg: 0.1, Max: 0.1, Diff: 0.1, Sum: 0.3]
      [Code Root Scanning (ms): Min: 0.0, Avg: 0.0, Max: 0.0, Diff: 0.0, Sum: 0.0]
      [Object Copy (ms): Min: 7.5, Avg: 7.8, Max: 8.1, Diff: 0.6, Sum: 31.3]
      [Termination (ms): Min: 0.0, Avg: 0.3, Max: 0.6, Diff: 0.6, Sum: 1.1]
         [Termination Attempts: Min: 1, Avg: 1.0, Max: 1, Diff: 0, Sum: 4]
      [GC Worker Other (ms): Min: 0.0, Avg: 0.0, Max: 0.0, Diff: 0.0, Sum: 0.1]
      [GC Worker Total (ms): Min: 9.7, Avg: 9.7, Max: 9.7, Diff: 0.1, Sum: 38.8]
      [GC Worker End (ms): Min: 19830617.6, Avg: 19830617.7, Max: 19830617.7, Diff: 0.0]
   [Code Root Fixup: 0.0 ms]
   [Code Root Purge: 0.0 ms]
   [Clear CT: 0.1 ms]
   [Other: 2.0 ms]
      [Choose CSet: 0.0 ms]
      [Ref Proc: 1.4 ms]
      [Ref Enq: 0.0 ms]
      [Redirty Cards: 0.1 ms]
      [Humongous Register: 0.1 ms]
      [Humongous Reclaim: 0.0 ms]
      [Free CSet: 0.2 ms]
   [Eden: 430.0M(430.0M)->0.0B(609.0M) Survivors: 5120.0K->5120.0K Heap: 585.8M(1024.0M)->155.8M(1024.0M)]
 [Times: user=0.03 sys=0.01, real=0.01 secs] 
2019-11-06T11:40:46.515+0800: 20131.206: [GC pause (G1 Evacuation Pause) (young), 0.0317655 secs]
   [Parallel Time: 28.3 ms, GC Workers: 4]
      [GC Worker Start (ms): Min: 20131206.4, Avg: 20131206.8, Max: 20131208.0, Diff: 1.6]
      [Ext Root Scanning (ms): Min: 0.0, Avg: 0.6, Max: 0.9, Diff: 0.9, Sum: 2.5]
      [Update RS (ms): Min: 0.1, Avg: 0.6, Max: 1.0, Diff: 0.9, Sum: 2.6]
         [Processed Buffers: Min: 6, Avg: 9.2, Max: 16, Diff: 10, Sum: 37]
      [Scan RS (ms): Min: 0.1, Avg: 0.2, Max: 0.3, Diff: 0.2, Sum: 0.9]
      [Code Root Scanning (ms): Min: 0.0, Avg: 0.0, Max: 0.0, Diff: 0.0, Sum: 0.1]
      [Object Copy (ms): Min: 19.4, Avg: 19.8, Max: 20.2, Diff: 0.8, Sum: 79.1]
      [Termination (ms): Min: 0.0, Avg: 3.4, Max: 6.8, Diff: 6.8, Sum: 13.5]
         [Termination Attempts: Min: 1, Avg: 1.0, Max: 1, Diff: 0, Sum: 4]
      [GC Worker Other (ms): Min: 0.0, Avg: 0.0, Max: 0.1, Diff: 0.0, Sum: 0.2]
      [GC Worker Total (ms): Min: 22.0, Avg: 24.7, Max: 28.2, Diff: 6.1, Sum: 98.8]
      [GC Worker End (ms): Min: 20131228.5, Avg: 20131231.5, Max: 20131234.6, Diff: 6.1]
   [Code Root Fixup: 0.0 ms]
   [Code Root Purge: 0.0 ms]
   [Clear CT: 0.5 ms]
   [Other: 3.0 ms]
      [Choose CSet: 0.0 ms]
      [Ref Proc: 1.4 ms]
      [Ref Enq: 0.0 ms]
      [Redirty Cards: 0.1 ms]
      [Humongous Register: 0.1 ms]
      [Humongous Reclaim: 0.0 ms]
      [Free CSet: 1.2 ms]
   [Eden: 609.0M(609.0M)->0.0B(332.0M) Survivors: 5120.0K->5120.0K Heap: 764.8M(1024.0M)->155.8M(1024.0M)]
 [Times: user=0.03 sys=0.02, real=0.03 secs] 
2019-11-06T11:43:31.221+0800: 20295.912: [GC pause (G1 Evacuation Pause) (young), 0.0164689 secs]
   [Parallel Time: 12.6 ms, GC Workers: 4]
      [GC Worker Start (ms): Min: 20295914.1, Avg: 20295914.2, Max: 20295914.2, Diff: 0.1]
      [Ext Root Scanning (ms): Min: 3.6, Avg: 5.1, Max: 9.3, Diff: 5.7, Sum: 20.4]
      [Update RS (ms): Min: 0.0, Avg: 2.0, Max: 3.1, Diff: 3.1, Sum: 7.9]
         [Processed Buffers: Min: 0, Avg: 8.0, Max: 16, Diff: 16, Sum: 32]
      [Scan RS (ms): Min: 0.0, Avg: 0.0, Max: 0.1, Diff: 0.1, Sum: 0.2]
      [Code Root Scanning (ms): Min: 0.0, Avg: 0.0, Max: 0.0, Diff: 0.0, Sum: 0.0]
      [Object Copy (ms): Min: 3.1, Avg: 5.2, Max: 6.2, Diff: 3.1, Sum: 20.9]
      [Termination (ms): Min: 0.0, Avg: 0.0, Max: 0.0, Diff: 0.0, Sum: 0.0]
         [Termination Attempts: Min: 1, Avg: 1.0, Max: 1, Diff: 0, Sum: 4]
      [GC Worker Other (ms): Min: 0.0, Avg: 0.1, Max: 0.1, Diff: 0.0, Sum: 0.3]
      [GC Worker Total (ms): Min: 12.3, Avg: 12.4, Max: 12.5, Diff: 0.1, Sum: 49.7]
      [GC Worker End (ms): Min: 20295926.6, Avg: 20295926.6, Max: 20295926.6, Diff: 0.0]
   [Code Root Fixup: 0.0 ms]
   [Code Root Purge: 0.0 ms]
   [Clear CT: 0.2 ms]
   [Other: 3.7 ms]
      [Choose CSet: 0.0 ms]
      [Ref Proc: 0.8 ms]
      [Ref Enq: 0.0 ms]
      [Redirty Cards: 0.1 ms]
      [Humongous Register: 1.3 ms]
      [Humongous Reclaim: 0.0 ms]
      [Free CSet: 0.6 ms]
   [Eden: 332.0M(332.0M)->0.0B(460.0M) Survivors: 5120.0K->4096.0K Heap: 487.8M(1024.0M)->155.3M(1024.0M)]
 [Times: user=0.02 sys=0.03, real=0.01 secs] 
2019-11-06T11:47:18.231+0800: 20522.921: [GC pause (G1 Evacuation Pause) (young), 0.0246753 secs]
   [Parallel Time: 21.9 ms, GC Workers: 4]
      [GC Worker Start (ms): Min: 20522921.9, Avg: 20522922.0, Max: 20522922.1, Diff: 0.2]
      [Ext Root Scanning (ms): Min: 3.2, Avg: 4.5, Max: 8.1, Diff: 5.0, Sum: 18.2]
      [Update RS (ms): Min: 0.0, Avg: 3.2, Max: 5.1, Diff: 5.1, Sum: 12.7]
         [Processed Buffers: Min: 0, Avg: 9.0, Max: 30, Diff: 30, Sum: 36]
      [Scan RS (ms): Min: 0.0, Avg: 0.2, Max: 0.4, Diff: 0.4, Sum: 0.7]
      [Code Root Scanning (ms): Min: 0.0, Avg: 0.0, Max: 0.0, Diff: 0.0, Sum: 0.0]
      [Object Copy (ms): Min: 12.9, Avg: 13.4, Max: 13.7, Diff: 0.9, Sum: 53.7]
      [Termination (ms): Min: 0.0, Avg: 0.0, Max: 0.1, Diff: 0.1, Sum: 0.2]
         [Termination Attempts: Min: 1, Avg: 1.0, Max: 1, Diff: 0, Sum: 4]
      [GC Worker Other (ms): Min: 0.1, Avg: 0.2, Max: 0.7, Diff: 0.6, Sum: 0.9]
      [GC Worker Total (ms): Min: 21.5, Avg: 21.6, Max: 21.7, Diff: 0.2, Sum: 86.5]
      [GC Worker End (ms): Min: 20522943.6, Avg: 20522943.6, Max: 20522943.7, Diff: 0.0]
   [Code Root Fixup: 0.0 ms]
   [Code Root Purge: 0.0 ms]
   [Clear CT: 0.2 ms]
   [Other: 2.6 ms]
      [Choose CSet: 0.0 ms]
      [Ref Proc: 0.1 ms]
      [Ref Enq: 0.0 ms]
      [Redirty Cards: 0.0 ms]
      [Humongous Register: 0.9 ms]
      [Humongous Reclaim: 0.0 ms]
      [Free CSet: 0.8 ms]
   [Eden: 460.0M(460.0M)->0.0B(341.0M) Survivors: 4096.0K->5120.0K Heap: 615.3M(1024.0M)->156.1M(1024.0M)]
 [Times: user=0.02 sys=0.04, real=0.02 secs] 
2019-11-06T11:50:08.412+0800: 20693.100: [GC pause (G1 Evacuation Pause) (young), 0.0860280 secs]
   [Parallel Time: 73.2 ms, GC Workers: 4]
      [GC Worker Start (ms): Min: 20693110.2, Avg: 20693111.0, Max: 20693111.8, Diff: 1.5]
      [Ext Root Scanning (ms): Min: 4.7, Avg: 8.1, Max: 14.9, Diff: 10.2, Sum: 32.4]
      [Update RS (ms): Min: 0.0, Avg: 4.9, Max: 7.7, Diff: 7.7, Sum: 19.7]
         [Processed Buffers: Min: 0, Avg: 8.8, Max: 28, Diff: 28, Sum: 35]
      [Scan RS (ms): Min: 0.0, Avg: 0.0, Max: 0.1, Diff: 0.1, Sum: 0.2]
      [Code Root Scanning (ms): Min: 0.0, Avg: 0.0, Max: 0.0, Diff: 0.0, Sum: 0.0]
      [Object Copy (ms): Min: 55.6, Avg: 56.5, Max: 57.7, Diff: 2.1, Sum: 225.9]
      [Termination (ms): Min: 0.0, Avg: 1.4, Max: 2.0, Diff: 2.0, Sum: 5.7]
         [Termination Attempts: Min: 1, Avg: 1.0, Max: 1, Diff: 0, Sum: 4]
      [GC Worker Other (ms): Min: 0.0, Avg: 0.5, Max: 1.4, Diff: 1.4, Sum: 2.1]
      [GC Worker Total (ms): Min: 71.0, Avg: 71.5, Max: 72.6, Diff: 1.6, Sum: 286.0]
      [GC Worker End (ms): Min: 20693181.6, Avg: 20693182.5, Max: 20693182.8, Diff: 1.2]
   [Code Root Fixup: 0.0 ms]
   [Code Root Purge: 0.0 ms]
   [Clear CT: 0.2 ms]
   [Other: 12.7 ms]
      [Choose CSet: 0.0 ms]
      [Ref Proc: 0.5 ms]
      [Ref Enq: 0.0 ms]
      [Redirty Cards: 0.1 ms]
      [Humongous Register: 8.4 ms]
      [Humongous Reclaim: 0.0 ms]
      [Free CSet: 2.2 ms]
   [Eden: 341.0M(341.0M)->0.0B(46.0M) Survivors: 5120.0K->5120.0K Heap: 497.1M(1024.0M)->155.8M(1024.0M)]
 [Times: user=0.03 sys=0.07, real=0.09 secs] 
2019-11-06T11:50:31.901+0800: 20716.589: [GC pause (G1 Evacuation Pause) (young), 0.0103077 secs]
   [Parallel Time: 8.6 ms, GC Workers: 4]
      [GC Worker Start (ms): Min: 20716590.7, Avg: 20716590.7, Max: 20716590.9, Diff: 0.2]
      [Ext Root Scanning (ms): Min: 0.8, Avg: 1.1, Max: 1.9, Diff: 1.2, Sum: 4.5]
      [Update RS (ms): Min: 0.0, Avg: 0.5, Max: 0.8, Diff: 0.8, Sum: 2.1]
         [Processed Buffers: Min: 0, Avg: 7.0, Max: 18, Diff: 18, Sum: 28]
      [Scan RS (ms): Min: 0.0, Avg: 0.0, Max: 0.0, Diff: 0.0, Sum: 0.0]
      [Code Root Scanning (ms): Min: 0.0, Avg: 0.0, Max: 0.0, Diff: 0.0, Sum: 0.0]
      [Object Copy (ms): Min: 6.4, Avg: 6.8, Max: 7.0, Diff: 0.6, Sum: 27.3]
      [Termination (ms): Min: 0.0, Avg: 0.0, Max: 0.0, Diff: 0.0, Sum: 0.0]
         [Termination Attempts: Min: 1, Avg: 1.5, Max: 2, Diff: 1, Sum: 6]
      [GC Worker Other (ms): Min: 0.0, Avg: 0.0, Max: 0.0, Diff: 0.0, Sum: 0.1]
      [GC Worker Total (ms): Min: 8.4, Avg: 8.5, Max: 8.5, Diff: 0.2, Sum: 33.9]
      [GC Worker End (ms): Min: 20716599.2, Avg: 20716599.2, Max: 20716599.2, Diff: 0.0]
   [Code Root Fixup: 0.0 ms]
   [Code Root Purge: 0.0 ms]
   [Clear CT: 0.1 ms]
   [Other: 1.7 ms]
      [Choose CSet: 0.0 ms]
      [Ref Proc: 0.1 ms]
      [Ref Enq: 0.0 ms]
      [Redirty Cards: 0.0 ms]
      [Humongous Register: 0.7 ms]
      [Humongous Reclaim: 0.0 ms]
      [Free CSet: 0.2 ms]
   [Eden: 46.0M(46.0M)->0.0B(46.0M) Survivors: 5120.0K->5120.0K Heap: 201.8M(1024.0M)->155.8M(1024.0M)]
 [Times: user=0.02 sys=0.01, real=0.01 secs] 
2019-11-06T11:50:54.639+0800: 20739.327: [GC pause (G1 Evacuation Pause) (young), 0.0230290 secs]
   [Parallel Time: 21.2 ms, GC Workers: 4]
      [GC Worker Start (ms): Min: 20739327.6, Avg: 20739328.0, Max: 20739328.2, Diff: 0.6]
      [Ext Root Scanning (ms): Min: 2.9, Avg: 3.1, Max: 3.4, Diff: 0.5, Sum: 12.6]
      [Update RS (ms): Min: 0.0, Avg: 0.8, Max: 1.2, Diff: 1.2, Sum: 3.1]
         [Processed Buffers: Min: 0, Avg: 7.2, Max: 24, Diff: 24, Sum: 29]
      [Scan RS (ms): Min: 0.0, Avg: 0.0, Max: 0.0, Diff: 0.0, Sum: 0.0]
      [Code Root Scanning (ms): Min: 0.0, Avg: 0.0, Max: 0.0, Diff: 0.0, Sum: 0.0]
      [Object Copy (ms): Min: 14.5, Avg: 15.1, Max: 16.2, Diff: 1.7, Sum: 60.4]
      [Termination (ms): Min: 0.0, Avg: 1.0, Max: 2.0, Diff: 2.0, Sum: 4.2]
         [Termination Attempts: Min: 1, Avg: 1.0, Max: 1, Diff: 0, Sum: 4]
      [GC Worker Other (ms): Min: 0.0, Avg: 0.0, Max: 0.0, Diff: 0.0, Sum: 0.0]
      [GC Worker Total (ms): Min: 19.3, Avg: 20.1, Max: 20.6, Diff: 1.3, Sum: 80.3]
      [GC Worker End (ms): Min: 20739347.4, Avg: 20739348.1, Max: 20739348.8, Diff: 1.3]
   [Code Root Fixup: 0.0 ms]
   [Code Root Purge: 0.0 ms]
   [Clear CT: 0.1 ms]
   [Other: 1.7 ms]
      [Choose CSet: 0.0 ms]
      [Ref Proc: 1.2 ms]
      [Ref Enq: 0.0 ms]
      [Redirty Cards: 0.1 ms]
      [Humongous Register: 0.1 ms]
      [Humongous Reclaim: 0.0 ms]
      [Free CSet: 0.1 ms]
   [Eden: 46.0M(46.0M)->0.0B(46.0M) Survivors: 5120.0K->5120.0K Heap: 201.8M(1024.0M)->155.8M(1024.0M)]
 [Times: user=0.02 sys=0.01, real=0.03 secs] 
2019-11-06T11:51:17.301+0800: 20761.989: [GC pause (G1 Evacuation Pause) (young), 0.0054888 secs]
   [Parallel Time: 4.9 ms, GC Workers: 4]
      [GC Worker Start (ms): Min: 20761989.3, Avg: 20761989.3, Max: 20761989.3, Diff: 0.0]
      [Ext Root Scanning (ms): Min: 0.4, Avg: 0.4, Max: 0.5, Diff: 0.1, Sum: 1.8]
      [Update RS (ms): Min: 0.5, Avg: 0.6, Max: 0.7, Diff: 0.2, Sum: 2.3]
         [Processed Buffers: Min: 1, Avg: 7.5, Max: 21, Diff: 20, Sum: 30]
      [Scan RS (ms): Min: 0.0, Avg: 0.0, Max: 0.0, Diff: 0.0, Sum: 0.0]
      [Code Root Scanning (ms): Min: 0.0, Avg: 0.0, Max: 0.0, Diff: 0.0, Sum: 0.0]
      [Object Copy (ms): Min: 3.3, Avg: 3.4, Max: 3.6, Diff: 0.3, Sum: 13.7]
      [Termination (ms): Min: 0.0, Avg: 0.3, Max: 0.4, Diff: 0.4, Sum: 1.1]
         [Termination Attempts: Min: 1, Avg: 1.0, Max: 1, Diff: 0, Sum: 4]
      [GC Worker Other (ms): Min: 0.0, Avg: 0.0, Max: 0.0, Diff: 0.0, Sum: 0.1]
      [GC Worker Total (ms): Min: 4.6, Avg: 4.7, Max: 4.9, Diff: 0.2, Sum: 18.9]
      [GC Worker End (ms): Min: 20761993.9, Avg: 20761994.0, Max: 20761994.2, Diff: 0.3]
   [Code Root Fixup: 0.0 ms]
   [Code Root Purge: 0.0 ms]
   [Clear CT: 0.1 ms]
   [Other: 0.5 ms]
      [Choose CSet: 0.0 ms]
      [Ref Proc: 0.1 ms]
      [Ref Enq: 0.0 ms]
      [Redirty Cards: 0.1 ms]
      [Humongous Register: 0.0 ms]
      [Humongous Reclaim: 0.0 ms]
      [Free CSet: 0.1 ms]
   [Eden: 46.0M(46.0M)->0.0B(46.0M) Survivors: 5120.0K->5120.0K Heap: 201.8M(1024.0M)->155.8M(1024.0M)]
 [Times: user=0.02 sys=0.00, real=0.00 secs] 
2019-11-06T11:51:40.266+0800: 20784.953: [GC pause (G1 Evacuation Pause) (young), 0.0158411 secs]
   [Parallel Time: 15.2 ms, GC Workers: 4]
      [GC Worker Start (ms): Min: 20784953.4, Avg: 20784953.7, Max: 20784954.1, Diff: 0.7]
      [Ext Root Scanning (ms): Min: 2.8, Avg: 8.0, Max: 14.4, Diff: 11.6, Sum: 32.2]
      [Update RS (ms): Min: 0.0, Avg: 0.7, Max: 1.4, Diff: 1.4, Sum: 2.6]
         [Processed Buffers: Min: 0, Avg: 7.5, Max: 24, Diff: 24, Sum: 30]
      [Scan RS (ms): Min: 0.0, Avg: 0.0, Max: 0.0, Diff: 0.0, Sum: 0.0]
      [Code Root Scanning (ms): Min: 0.0, Avg: 0.0, Max: 0.0, Diff: 0.0, Sum: 0.0]
      [Object Copy (ms): Min: 0.0, Avg: 4.6, Max: 7.4, Diff: 7.4, Sum: 18.4]
      [Termination (ms): Min: 0.0, Avg: 1.0, Max: 1.3, Diff: 1.3, Sum: 3.9]
         [Termination Attempts: Min: 1, Avg: 1.0, Max: 1, Diff: 0, Sum: 4]
      [GC Worker Other (ms): Min: 0.0, Avg: 0.4, Max: 1.6, Diff: 1.6, Sum: 1.6]
      [GC Worker Total (ms): Min: 14.4, Avg: 14.7, Max: 15.1, Diff: 0.7, Sum: 58.7]
      [GC Worker End (ms): Min: 20784967.9, Avg: 20784968.3, Max: 20784968.5, Diff: 0.7]
   [Code Root Fixup: 0.0 ms]
   [Code Root Purge: 0.0 ms]
   [Clear CT: 0.1 ms]
   [Other: 0.6 ms]
      [Choose CSet: 0.0 ms]
      [Ref Proc: 0.1 ms]
      [Ref Enq: 0.0 ms]
      [Redirty Cards: 0.1 ms]
      [Humongous Register: 0.0 ms]
      [Humongous Reclaim: 0.0 ms]
      [Free CSet: 0.1 ms]
   [Eden: 46.0M(46.0M)->0.0B(47.0M) Survivors: 5120.0K->4096.0K Heap: 201.8M(1024.0M)->155.2M(1024.0M)]
 [Times: user=0.02 sys=0.00, real=0.02 secs] 
2019-11-06T11:52:03.580+0800: 20808.267: [GC pause (G1 Evacuation Pause) (young), 0.0083930 secs]
   [Parallel Time: 7.7 ms, GC Workers: 4]
      [GC Worker Start (ms): Min: 20808267.4, Avg: 20808267.4, Max: 20808267.4, Diff: 0.1]
      [Ext Root Scanning (ms): Min: 1.6, Avg: 1.7, Max: 1.8, Diff: 0.2, Sum: 6.6]
      [Update RS (ms): Min: 0.5, Avg: 1.3, Max: 3.2, Diff: 2.7, Sum: 5.1]
         [Processed Buffers: Min: 1, Avg: 6.8, Max: 17, Diff: 16, Sum: 27]
      [Scan RS (ms): Min: 0.0, Avg: 0.0, Max: 0.0, Diff: 0.0, Sum: 0.0]
      [Code Root Scanning (ms): Min: 0.0, Avg: 0.0, Max: 0.0, Diff: 0.0, Sum: 0.0]
      [Object Copy (ms): Min: 2.8, Avg: 4.7, Max: 5.4, Diff: 2.6, Sum: 18.9]
      [Termination (ms): Min: 0.0, Avg: 0.0, Max: 0.0, Diff: 0.0, Sum: 0.0]
         [Termination Attempts: Min: 1, Avg: 1.0, Max: 1, Diff: 0, Sum: 4]
      [GC Worker Other (ms): Min: 0.0, Avg: 0.0, Max: 0.0, Diff: 0.0, Sum: 0.0]
      [GC Worker Total (ms): Min: 7.7, Avg: 7.7, Max: 7.7, Diff: 0.0, Sum: 30.7]
      [GC Worker End (ms): Min: 20808275.1, Avg: 20808275.1, Max: 20808275.1, Diff: 0.0]
   [Code Root Fixup: 0.0 ms]
   [Code Root Purge: 0.0 ms]
   [Clear CT: 0.0 ms]
   [Other: 0.6 ms]
      [Choose CSet: 0.0 ms]
      [Ref Proc: 0.3 ms]
      [Ref Enq: 0.0 ms]
      [Redirty Cards: 0.0 ms]
      [Humongous Register: 0.0 ms]
      [Humongous Reclaim: 0.0 ms]
      [Free CSet: 0.0 ms]
   [Eden: 47.0M(47.0M)->0.0B(108.0M) Survivors: 4096.0K->4096.0K Heap: 202.2M(1024.0M)->155.4M(1024.0M)]
 [Times: user=0.02 sys=0.01, real=0.00 secs] 
2019-11-06T11:52:57.041+0800: 20861.728: [GC pause (G1 Evacuation Pause) (young), 0.0162524 secs]
   [Parallel Time: 13.4 ms, GC Workers: 4]
      [GC Worker Start (ms): Min: 20861730.1, Avg: 20861730.2, Max: 20861730.2, Diff: 0.1]
      [Ext Root Scanning (ms): Min: 2.8, Avg: 4.0, Max: 7.1, Diff: 4.3, Sum: 16.1]
      [Update RS (ms): Min: 0.0, Avg: 1.7, Max: 2.4, Diff: 2.4, Sum: 6.8]
         [Processed Buffers: Min: 0, Avg: 7.8, Max: 24, Diff: 24, Sum: 31]
      [Scan RS (ms): Min: 0.0, Avg: 0.0, Max: 0.0, Diff: 0.0, Sum: 0.1]
      [Code Root Scanning (ms): Min: 0.0, Avg: 0.0, Max: 0.0, Diff: 0.0, Sum: 0.0]
      [Object Copy (ms): Min: 6.0, Avg: 7.0, Max: 7.4, Diff: 1.3, Sum: 28.0]
      [Termination (ms): Min: 0.0, Avg: 0.1, Max: 0.1, Diff: 0.1, Sum: 0.3]
         [Termination Attempts: Min: 1, Avg: 1.0, Max: 1, Diff: 0, Sum: 4]
      [GC Worker Other (ms): Min: 0.0, Avg: 0.4, Max: 0.8, Diff: 0.8, Sum: 1.7]
      [GC Worker Total (ms): Min: 13.2, Avg: 13.2, Max: 13.3, Diff: 0.1, Sum: 53.0]
      [GC Worker End (ms): Min: 20861743.4, Avg: 20861743.4, Max: 20861743.4, Diff: 0.0]
   [Code Root Fixup: 0.0 ms]
   [Code Root Purge: 0.0 ms]
   [Clear CT: 0.1 ms]
   [Other: 2.8 ms]
      [Choose CSet: 0.0 ms]
      [Ref Proc: 0.1 ms]
      [Ref Enq: 0.0 ms]
      [Redirty Cards: 0.1 ms]
      [Humongous Register: 1.6 ms]
      [Humongous Reclaim: 0.0 ms]
      [Free CSet: 0.4 ms]
   [Eden: 108.0M(108.0M)->0.0B(150.0M) Survivors: 4096.0K->5120.0K Heap: 263.4M(1024.0M)->156.4M(1024.0M)]
 [Times: user=0.02 sys=0.03, real=0.01 secs] 
2019-11-06T11:54:11.307+0800: 20935.994: [GC pause (G1 Evacuation Pause) (young), 0.0105860 secs]
   [Parallel Time: 9.9 ms, GC Workers: 4]
      [GC Worker Start (ms): Min: 20935994.3, Avg: 20935994.3, Max: 20935994.4, Diff: 0.1]
      [Ext Root Scanning (ms): Min: 1.3, Avg: 1.3, Max: 1.4, Diff: 0.1, Sum: 5.3]
      [Update RS (ms): Min: 1.8, Avg: 1.9, Max: 2.2, Diff: 0.4, Sum: 7.7]
         [Processed Buffers: Min: 3, Avg: 9.8, Max: 22, Diff: 19, Sum: 39]
      [Scan RS (ms): Min: 0.0, Avg: 0.0, Max: 0.1, Diff: 0.1, Sum: 0.1]
      [Code Root Scanning (ms): Min: 0.0, Avg: 0.0, Max: 0.0, Diff: 0.0, Sum: 0.0]
      [Object Copy (ms): Min: 6.3, Avg: 6.5, Max: 6.7, Diff: 0.3, Sum: 26.2]
      [Termination (ms): Min: 0.0, Avg: 0.0, Max: 0.0, Diff: 0.0, Sum: 0.0]
         [Termination Attempts: Min: 1, Avg: 1.0, Max: 1, Diff: 0, Sum: 4]
      [GC Worker Other (ms): Min: 0.0, Avg: 0.0, Max: 0.0, Diff: 0.0, Sum: 0.1]
      [GC Worker Total (ms): Min: 9.8, Avg: 9.8, Max: 9.9, Diff: 0.1, Sum: 39.4]
      [GC Worker End (ms): Min: 20936004.2, Avg: 20936004.2, Max: 20936004.2, Diff: 0.0]
   [Code Root Fixup: 0.0 ms]
   [Code Root Purge: 0.0 ms]
   [Clear CT: 0.1 ms]
   [Other: 0.6 ms]
      [Choose CSet: 0.0 ms]
      [Ref Proc: 0.1 ms]
      [Ref Enq: 0.0 ms]
      [Redirty Cards: 0.0 ms]
      [Humongous Register: 0.1 ms]
      [Humongous Reclaim: 0.0 ms]
      [Free CSet: 0.1 ms]
   [Eden: 150.0M(150.0M)->0.0B(292.0M) Survivors: 5120.0K->5120.0K Heap: 306.4M(1024.0M)->156.6M(1024.0M)]
 [Times: user=0.02 sys=0.01, real=0.01 secs] 
2019-11-06T11:56:36.205+0800: 21080.891: [GC pause (G1 Evacuation Pause) (young), 0.0155315 secs]
   [Parallel Time: 11.8 ms, GC Workers: 4]
      [GC Worker Start (ms): Min: 21080894.0, Avg: 21080894.1, Max: 21080894.2, Diff: 0.2]
      [Ext Root Scanning (ms): Min: 3.3, Avg: 4.6, Max: 6.5, Diff: 3.1, Sum: 18.3]
      [Update RS (ms): Min: 0.0, Avg: 0.8, Max: 1.3, Diff: 1.3, Sum: 3.3]
         [Processed Buffers: Min: 0, Avg: 8.8, Max: 18, Diff: 18, Sum: 35]
      [Scan RS (ms): Min: 0.0, Avg: 0.0, Max: 0.1, Diff: 0.1, Sum: 0.2]
      [Code Root Scanning (ms): Min: 0.0, Avg: 0.0, Max: 0.0, Diff: 0.0, Sum: 0.0]
      [Object Copy (ms): Min: 5.2, Avg: 6.0, Max: 6.4, Diff: 1.3, Sum: 23.8]
      [Termination (ms): Min: 0.0, Avg: 0.0, Max: 0.0, Diff: 0.0, Sum: 0.0]
         [Termination Attempts: Min: 1, Avg: 1.0, Max: 1, Diff: 0, Sum: 4]
      [GC Worker Other (ms): Min: 0.1, Avg: 0.3, Max: 0.8, Diff: 0.8, Sum: 1.0]
      [GC Worker Total (ms): Min: 11.6, Avg: 11.6, Max: 11.7, Diff: 0.2, Sum: 46.6]
      [GC Worker End (ms): Min: 21080905.7, Avg: 21080905.7, Max: 21080905.7, Diff: 0.0]
   [Code Root Fixup: 0.0 ms]
   [Code Root Purge: 0.0 ms]
   [Clear CT: 0.1 ms]
   [Other: 3.6 ms]
      [Choose CSet: 0.0 ms]
      [Ref Proc: 0.2 ms]
      [Ref Enq: 0.0 ms]
      [Redirty Cards: 0.0 ms]
      [Humongous Register: 1.3 ms]
      [Humongous Reclaim: 0.0 ms]
      [Free CSet: 0.5 ms]
   [Eden: 292.0M(292.0M)->0.0B(367.0M) Survivors: 5120.0K->4096.0K Heap: 448.6M(1024.0M)->156.3M(1024.0M)]
 [Times: user=0.01 sys=0.02, real=0.02 secs] 
2019-11-06T11:59:38.717+0800: 21263.402: [GC pause (G1 Evacuation Pause) (young), 0.0109896 secs]
   [Parallel Time: 8.5 ms, GC Workers: 4]
      [GC Worker Start (ms): Min: 21263402.5, Avg: 21263402.5, Max: 21263402.6, Diff: 0.1]
      [Ext Root Scanning (ms): Min: 0.5, Avg: 1.0, Max: 1.3, Diff: 0.8, Sum: 4.0]
      [Update RS (ms): Min: 0.4, Avg: 0.5, Max: 0.5, Diff: 0.1, Sum: 1.8]
         [Processed Buffers: Min: 1, Avg: 8.5, Max: 21, Diff: 20, Sum: 34]
      [Scan RS (ms): Min: 0.0, Avg: 0.1, Max: 0.1, Diff: 0.1, Sum: 0.2]
      [Code Root Scanning (ms): Min: 0.0, Avg: 0.0, Max: 0.0, Diff: 0.0, Sum: 0.0]
      [Object Copy (ms): Min: 5.8, Avg: 6.1, Max: 6.6, Diff: 0.8, Sum: 24.6]
      [Termination (ms): Min: 0.0, Avg: 0.5, Max: 0.7, Diff: 0.7, Sum: 2.0]
         [Termination Attempts: Min: 1, Avg: 1.0, Max: 1, Diff: 0, Sum: 4]
      [GC Worker Other (ms): Min: 0.0, Avg: 0.2, Max: 0.7, Diff: 0.6, Sum: 0.8]
      [GC Worker Total (ms): Min: 8.3, Avg: 8.3, Max: 8.4, Diff: 0.1, Sum: 33.4]
      [GC Worker End (ms): Min: 21263410.8, Avg: 21263410.9, Max: 21263411.0, Diff: 0.2]
   [Code Root Fixup: 0.0 ms]
   [Code Root Purge: 0.0 ms]
   [Clear CT: 0.1 ms]
   [Other: 2.4 ms]
      [Choose CSet: 0.0 ms]
      [Ref Proc: 1.7 ms]
      [Ref Enq: 0.0 ms]
      [Redirty Cards: 0.1 ms]
      [Humongous Register: 0.1 ms]
      [Humongous Reclaim: 0.0 ms]
      [Free CSet: 0.2 ms]
   [Eden: 367.0M(367.0M)->0.0B(609.0M) Survivors: 4096.0K->5120.0K Heap: 523.3M(1024.0M)->156.6M(1024.0M)]
 [Times: user=0.02 sys=0.01, real=0.02 secs] 
2019-11-06T12:04:40.234+0800: 21564.918: [GC pause (G1 Evacuation Pause) (young), 0.0182563 secs]
   [Parallel Time: 13.8 ms, GC Workers: 4]
      [GC Worker Start (ms): Min: 21564918.8, Avg: 21564919.0, Max: 21564919.2, Diff: 0.4]
      [Ext Root Scanning (ms): Min: 0.5, Avg: 0.8, Max: 0.9, Diff: 0.4, Sum: 3.2]
      [Update RS (ms): Min: 0.0, Avg: 0.6, Max: 1.0, Diff: 1.0, Sum: 2.3]
         [Processed Buffers: Min: 2, Avg: 9.0, Max: 20, Diff: 18, Sum: 36]
      [Scan RS (ms): Min: 0.1, Avg: 0.3, Max: 0.7, Diff: 0.6, Sum: 1.3]
      [Code Root Scanning (ms): Min: 0.0, Avg: 0.0, Max: 0.0, Diff: 0.0, Sum: 0.0]
      [Object Copy (ms): Min: 11.5, Avg: 11.6, Max: 11.8, Diff: 0.3, Sum: 46.6]
      [Termination (ms): Min: 0.0, Avg: 0.1, Max: 0.2, Diff: 0.2, Sum: 0.6]
         [Termination Attempts: Min: 1, Avg: 1.0, Max: 1, Diff: 0, Sum: 4]
      [GC Worker Other (ms): Min: 0.0, Avg: 0.0, Max: 0.0, Diff: 0.0, Sum: 0.1]
      [GC Worker Total (ms): Min: 13.2, Avg: 13.5, Max: 13.7, Diff: 0.5, Sum: 54.0]
      [GC Worker End (ms): Min: 21564932.4, Avg: 21564932.5, Max: 21564932.5, Diff: 0.1]
   [Code Root Fixup: 0.0 ms]
   [Code Root Purge: 0.0 ms]
   [Clear CT: 0.2 ms]
   [Other: 4.3 ms]
      [Choose CSet: 0.0 ms]
      [Ref Proc: 1.2 ms]
      [Ref Enq: 0.0 ms]
      [Redirty Cards: 0.0 ms]
      [Humongous Register: 0.1 ms]
      [Humongous Reclaim: 0.0 ms]
      [Free CSet: 2.2 ms]
   [Eden: 609.0M(609.0M)->0.0B(588.0M) Survivors: 5120.0K->4096.0K Heap: 765.6M(1024.0M)->156.1M(1024.0M)]
 [Times: user=0.02 sys=0.01, real=0.02 secs] 
2019-11-06T12:09:30.338+0800: 21855.020: [GC pause (G1 Evacuation Pause) (young), 0.0087456 secs]
   [Parallel Time: 7.8 ms, GC Workers: 4]
      [GC Worker Start (ms): Min: 21855019.8, Avg: 21855019.9, Max: 21855020.1, Diff: 0.3]
      [Ext Root Scanning (ms): Min: 0.4, Avg: 0.7, Max: 0.8, Diff: 0.4, Sum: 2.6]
      [Update RS (ms): Min: 0.4, Avg: 0.7, Max: 1.1, Diff: 0.7, Sum: 2.7]
         [Processed Buffers: Min: 4, Avg: 8.8, Max: 13, Diff: 9, Sum: 35]
      [Scan RS (ms): Min: 0.0, Avg: 0.1, Max: 0.3, Diff: 0.2, Sum: 0.6]
      [Code Root Scanning (ms): Min: 0.0, Avg: 0.0, Max: 0.0, Diff: 0.0, Sum: 0.1]
      [Object Copy (ms): Min: 5.7, Avg: 6.0, Max: 6.1, Diff: 0.4, Sum: 24.1]
      [Termination (ms): Min: 0.0, Avg: 0.0, Max: 0.0, Diff: 0.0, Sum: 0.0]
         [Termination Attempts: Min: 1, Avg: 1.0, Max: 1, Diff: 0, Sum: 4]
      [GC Worker Other (ms): Min: 0.0, Avg: 0.1, Max: 0.1, Diff: 0.1, Sum: 0.2]
      [GC Worker Total (ms): Min: 7.4, Avg: 7.6, Max: 7.7, Diff: 0.3, Sum: 30.3]
      [GC Worker End (ms): Min: 21855027.5, Avg: 21855027.5, Max: 21855027.5, Diff: 0.0]
   [Code Root Fixup: 0.0 ms]
   [Code Root Purge: 0.0 ms]
   [Clear CT: 0.2 ms]
   [Other: 0.8 ms]
      [Choose CSet: 0.0 ms]
      [Ref Proc: 0.2 ms]
      [Ref Enq: 0.0 ms]
      [Redirty Cards: 0.1 ms]
      [Humongous Register: 0.1 ms]
      [Humongous Reclaim: 0.0 ms]
      [Free CSet: 0.2 ms]
   [Eden: 588.0M(588.0M)->0.0B(610.0M) Survivors: 4096.0K->4096.0K Heap: 744.1M(1024.0M)->156.3M(1024.0M)]
 [Times: user=0.03 sys=0.00, real=0.01 secs] 
2019-11-06T12:14:33.002+0800: 22157.683: [GC pause (G1 Evacuation Pause) (young), 0.0167585 secs]
   [Parallel Time: 13.4 ms, GC Workers: 4]
      [GC Worker Start (ms): Min: 22157684.9, Avg: 22157685.0, Max: 22157685.0, Diff: 0.1]
      [Ext Root Scanning (ms): Min: 2.5, Avg: 3.2, Max: 5.1, Diff: 2.6, Sum: 12.7]
      [Update RS (ms): Min: 0.0, Avg: 1.0, Max: 1.4, Diff: 1.4, Sum: 4.0]
         [Processed Buffers: Min: 0, Avg: 9.2, Max: 19, Diff: 19, Sum: 37]
      [Scan RS (ms): Min: 0.0, Avg: 0.1, Max: 0.1, Diff: 0.1, Sum: 0.4]
      [Code Root Scanning (ms): Min: 0.0, Avg: 0.0, Max: 0.0, Diff: 0.0, Sum: 0.0]
      [Object Copy (ms): Min: 8.1, Avg: 8.9, Max: 9.1, Diff: 1.1, Sum: 35.4]
      [Termination (ms): Min: 0.0, Avg: 0.1, Max: 0.1, Diff: 0.1, Sum: 0.2]
         [Termination Attempts: Min: 1, Avg: 1.0, Max: 1, Diff: 0, Sum: 4]
      [GC Worker Other (ms): Min: 0.0, Avg: 0.1, Max: 0.1, Diff: 0.0, Sum: 0.3]
      [GC Worker Total (ms): Min: 13.2, Avg: 13.3, Max: 13.3, Diff: 0.1, Sum: 53.0]
      [GC Worker End (ms): Min: 22157698.2, Avg: 22157698.3, Max: 22157698.3, Diff: 0.0]
   [Code Root Fixup: 0.0 ms]
   [Code Root Purge: 0.0 ms]
   [Clear CT: 0.1 ms]
   [Other: 3.2 ms]
      [Choose CSet: 0.0 ms]
      [Ref Proc: 0.1 ms]
      [Ref Enq: 0.0 ms]
      [Redirty Cards: 0.0 ms]
      [Humongous Register: 1.4 ms]
      [Humongous Reclaim: 0.0 ms]
      [Free CSet: 1.0 ms]
   [Eden: 610.0M(610.0M)->0.0B(610.0M) Survivors: 4096.0K->4096.0K Heap: 766.3M(1024.0M)->155.8M(1024.0M)]
 [Times: user=0.02 sys=0.03, real=0.02 secs] 
2019-11-06T12:19:35.500+0800: 22460.179: [GC pause (G1 Evacuation Pause) (young), 0.0121799 secs]
   [Parallel Time: 9.1 ms, GC Workers: 4]
      [GC Worker Start (ms): Min: 22460179.3, Avg: 22460179.7, Max: 22460180.0, Diff: 0.8]
      [Ext Root Scanning (ms): Min: 0.0, Avg: 0.9, Max: 1.6, Diff: 1.6, Sum: 3.6]
      [Update RS (ms): Min: 1.0, Avg: 1.7, Max: 2.0, Diff: 1.0, Sum: 6.7]
         [Processed Buffers: Min: 4, Avg: 9.5, Max: 19, Diff: 15, Sum: 38]
      [Scan RS (ms): Min: 0.0, Avg: 0.1, Max: 0.1, Diff: 0.1, Sum: 0.4]
      [Code Root Scanning (ms): Min: 0.0, Avg: 0.0, Max: 0.0, Diff: 0.0, Sum: 0.1]
      [Object Copy (ms): Min: 4.8, Avg: 4.9, Max: 5.2, Diff: 0.4, Sum: 19.7]
      [Termination (ms): Min: 0.0, Avg: 0.4, Max: 0.6, Diff: 0.6, Sum: 1.5]
         [Termination Attempts: Min: 1, Avg: 1.0, Max: 1, Diff: 0, Sum: 4]
      [GC Worker Other (ms): Min: 0.0, Avg: 0.5, Max: 1.9, Diff: 1.8, Sum: 2.0]
      [GC Worker Total (ms): Min: 8.1, Avg: 8.5, Max: 8.8, Diff: 0.7, Sum: 34.0]
      [GC Worker End (ms): Min: 22460188.1, Avg: 22460188.2, Max: 22460188.3, Diff: 0.2]
   [Code Root Fixup: 0.0 ms]
   [Code Root Purge: 0.0 ms]
   [Clear CT: 0.1 ms]
   [Other: 3.0 ms]
      [Choose CSet: 0.0 ms]
      [Ref Proc: 2.2 ms]
      [Ref Enq: 0.0 ms]
      [Redirty Cards: 0.1 ms]
      [Humongous Register: 0.1 ms]
      [Humongous Reclaim: 0.0 ms]
      [Free CSet: 0.3 ms]
   [Eden: 610.0M(610.0M)->0.0B(609.0M) Survivors: 4096.0K->5120.0K Heap: 765.8M(1024.0M)->156.8M(1024.0M)]
 [Times: user=0.02 sys=0.01, real=0.01 secs] 
2019-11-06T12:24:37.555+0800: 22762.233: [GC pause (G1 Evacuation Pause) (young), 0.0112704 secs]
   [Parallel Time: 10.3 ms, GC Workers: 4]
      [GC Worker Start (ms): Min: 22762233.2, Avg: 22762233.2, Max: 22762233.3, Diff: 0.0]
      [Ext Root Scanning (ms): Min: 1.0, Avg: 1.0, Max: 1.1, Diff: 0.0, Sum: 4.2]
      [Update RS (ms): Min: 1.2, Avg: 1.8, Max: 3.3, Diff: 2.1, Sum: 7.3]
         [Processed Buffers: Min: 1, Avg: 8.8, Max: 19, Diff: 18, Sum: 35]
      [Scan RS (ms): Min: 0.0, Avg: 0.1, Max: 0.2, Diff: 0.1, Sum: 0.4]
      [Code Root Scanning (ms): Min: 0.0, Avg: 0.0, Max: 0.0, Diff: 0.0, Sum: 0.1]
      [Object Copy (ms): Min: 5.2, Avg: 6.7, Max: 7.4, Diff: 2.2, Sum: 26.9]
      [Termination (ms): Min: 0.0, Avg: 0.5, Max: 0.6, Diff: 0.6, Sum: 1.8]
         [Termination Attempts: Min: 1, Avg: 1.0, Max: 1, Diff: 0, Sum: 4]
      [GC Worker Other (ms): Min: 0.0, Avg: 0.0, Max: 0.0, Diff: 0.0, Sum: 0.1]
      [GC Worker Total (ms): Min: 10.1, Avg: 10.2, Max: 10.2, Diff: 0.2, Sum: 40.8]
      [GC Worker End (ms): Min: 22762243.3, Avg: 22762243.4, Max: 22762243.5, Diff: 0.2]
   [Code Root Fixup: 0.0 ms]
   [Code Root Purge: 0.0 ms]
   [Clear CT: 0.1 ms]
   [Other: 0.8 ms]
      [Choose CSet: 0.0 ms]
      [Ref Proc: 0.2 ms]
      [Ref Enq: 0.0 ms]
      [Redirty Cards: 0.0 ms]
      [Humongous Register: 0.1 ms]
      [Humongous Reclaim: 0.0 ms]
      [Free CSet: 0.2 ms]
   [Eden: 609.0M(609.0M)->0.0B(609.0M) Survivors: 5120.0K->5120.0K Heap: 765.8M(1024.0M)->157.3M(1024.0M)]
 [Times: user=0.03 sys=0.01, real=0.01 secs] 
2019-11-06T12:29:39.297+0800: 23063.973: [GC pause (G1 Evacuation Pause) (young), 0.0190603 secs]
   [Parallel Time: 16.1 ms, GC Workers: 4]
      [GC Worker Start (ms): Min: 23063973.6, Avg: 23063973.8, Max: 23063974.0, Diff: 0.4]
      [Ext Root Scanning (ms): Min: 0.3, Avg: 0.4, Max: 0.7, Diff: 0.4, Sum: 1.8]
      [Update RS (ms): Min: 0.5, Avg: 0.6, Max: 0.7, Diff: 0.2, Sum: 2.4]
         [Processed Buffers: Min: 2, Avg: 9.5, Max: 15, Diff: 13, Sum: 38]
      [Scan RS (ms): Min: 0.0, Avg: 0.1, Max: 0.1, Diff: 0.1, Sum: 0.3]
      [Code Root Scanning (ms): Min: 0.0, Avg: 0.0, Max: 0.0, Diff: 0.0, Sum: 0.0]
      [Object Copy (ms): Min: 13.0, Avg: 13.4, Max: 14.2, Diff: 1.1, Sum: 53.8]
      [Termination (ms): Min: 0.0, Avg: 1.0, Max: 1.5, Diff: 1.5, Sum: 4.0]
         [Termination Attempts: Min: 1, Avg: 1.0, Max: 1, Diff: 0, Sum: 4]
      [GC Worker Other (ms): Min: 0.0, Avg: 0.0, Max: 0.1, Diff: 0.0, Sum: 0.1]
      [GC Worker Total (ms): Min: 15.2, Avg: 15.6, Max: 16.0, Diff: 0.8, Sum: 62.4]
      [GC Worker End (ms): Min: 23063989.2, Avg: 23063989.4, Max: 23063989.6, Diff: 0.4]
   [Code Root Fixup: 0.0 ms]
   [Code Root Purge: 0.0 ms]
   [Clear CT: 0.2 ms]
   [Other: 2.8 ms]
      [Choose CSet: 0.0 ms]
      [Ref Proc: 2.2 ms]
      [Ref Enq: 0.0 ms]
      [Redirty Cards: 0.1 ms]
      [Humongous Register: 0.1 ms]
      [Humongous Reclaim: 0.0 ms]
      [Free CSet: 0.3 ms]
   [Eden: 609.0M(609.0M)->0.0B(609.0M) Survivors: 5120.0K->5120.0K Heap: 766.3M(1024.0M)->157.3M(1024.0M)]
 [Times: user=0.02 sys=0.01, real=0.02 secs] 
2019-11-06T12:34:41.914+0800: 23366.589: [GC pause (G1 Evacuation Pause) (young), 0.0179975 secs]
   [Parallel Time: 13.6 ms, GC Workers: 4]
      [GC Worker Start (ms): Min: 23366590.1, Avg: 23366590.3, Max: 23366590.7, Diff: 0.5]
      [Ext Root Scanning (ms): Min: 2.6, Avg: 4.0, Max: 7.4, Diff: 4.8, Sum: 15.9]
      [Update RS (ms): Min: 0.0, Avg: 2.0, Max: 3.1, Diff: 3.1, Sum: 8.0]
         [Processed Buffers: Min: 0, Avg: 9.5, Max: 21, Diff: 21, Sum: 38]
      [Scan RS (ms): Min: 0.0, Avg: 0.1, Max: 0.2, Diff: 0.2, Sum: 0.4]
      [Code Root Scanning (ms): Min: 0.0, Avg: 0.0, Max: 0.0, Diff: 0.0, Sum: 0.0]
      [Object Copy (ms): Min: 6.0, Avg: 7.1, Max: 7.6, Diff: 1.6, Sum: 28.3]
      [Termination (ms): Min: 0.0, Avg: 0.0, Max: 0.1, Diff: 0.1, Sum: 0.2]
         [Termination Attempts: Min: 1, Avg: 1.0, Max: 1, Diff: 0, Sum: 4]
      [GC Worker Other (ms): Min: 0.0, Avg: 0.1, Max: 0.1, Diff: 0.1, Sum: 0.2]
      [GC Worker Total (ms): Min: 12.9, Avg: 13.3, Max: 13.4, Diff: 0.5, Sum: 53.1]
      [GC Worker End (ms): Min: 23366603.6, Avg: 23366603.6, Max: 23366603.6, Diff: 0.0]
   [Code Root Fixup: 0.0 ms]
   [Code Root Purge: 0.0 ms]
   [Clear CT: 0.2 ms]
   [Other: 4.2 ms]
      [Choose CSet: 0.0 ms]
      [Ref Proc: 1.7 ms]
      [Ref Enq: 0.0 ms]
      [Redirty Cards: 0.0 ms]
      [Humongous Register: 0.8 ms]
      [Humongous Reclaim: 0.0 ms]
      [Free CSet: 1.0 ms]
   [Eden: 609.0M(609.0M)->0.0B(609.0M) Survivors: 5120.0K->5120.0K Heap: 766.3M(1024.0M)->156.8M(1024.0M)]
 [Times: user=0.02 sys=0.03, real=0.02 secs] 
2019-11-06T12:39:44.169+0800: 23668.843: [GC pause (G1 Evacuation Pause) (young), 0.0282638 secs]
   [Parallel Time: 23.5 ms, GC Workers: 4]
      [GC Worker Start (ms): Min: 23668846.5, Avg: 23668846.6, Max: 23668846.7, Diff: 0.2]
      [Ext Root Scanning (ms): Min: 3.2, Avg: 4.3, Max: 7.2, Diff: 4.0, Sum: 17.2]
      [Update RS (ms): Min: 1.0, Avg: 3.7, Max: 5.7, Diff: 4.7, Sum: 14.8]
         [Processed Buffers: Min: 1, Avg: 9.5, Max: 26, Diff: 25, Sum: 38]
      [Scan RS (ms): Min: 0.0, Avg: 0.1, Max: 0.2, Diff: 0.2, Sum: 0.3]
      [Code Root Scanning (ms): Min: 0.0, Avg: 0.0, Max: 0.0, Diff: 0.0, Sum: 0.0]
      [Object Copy (ms): Min: 14.0, Avg: 14.8, Max: 15.2, Diff: 1.2, Sum: 59.2]
      [Termination (ms): Min: 0.0, Avg: 0.3, Max: 0.4, Diff: 0.4, Sum: 1.1]
         [Termination Attempts: Min: 1, Avg: 1.0, Max: 1, Diff: 0, Sum: 4]
      [GC Worker Other (ms): Min: 0.0, Avg: 0.1, Max: 0.1, Diff: 0.1, Sum: 0.3]
      [GC Worker Total (ms): Min: 23.1, Avg: 23.2, Max: 23.4, Diff: 0.3, Sum: 92.9]
      [GC Worker End (ms): Min: 23668869.8, Avg: 23668869.8, Max: 23668869.9, Diff: 0.1]
   [Code Root Fixup: 0.0 ms]
   [Code Root Purge: 0.0 ms]
   [Clear CT: 0.1 ms]
   [Other: 4.6 ms]
      [Choose CSet: 0.0 ms]
      [Ref Proc: 0.2 ms]
      [Ref Enq: 0.0 ms]
      [Redirty Cards: 0.0 ms]
      [Humongous Register: 0.9 ms]
      [Humongous Reclaim: 0.0 ms]
      [Free CSet: 0.8 ms]
   [Eden: 609.0M(609.0M)->0.0B(601.0M) Survivors: 5120.0K->6144.0K Heap: 765.8M(1024.0M)->158.2M(1024.0M)]
 [Times: user=0.03 sys=0.04, real=0.03 secs] 
2019-11-06T12:44:41.723+0800: 23966.395: [GC pause (G1 Evacuation Pause) (young), 0.0234254 secs]
   [Parallel Time: 20.2 ms, GC Workers: 4]
      [GC Worker Start (ms): Min: 23966397.0, Avg: 23966397.1, Max: 23966397.3, Diff: 0.2]
      [Ext Root Scanning (ms): Min: 4.5, Avg: 5.7, Max: 7.8, Diff: 3.2, Sum: 22.9]
      [Update RS (ms): Min: 1.2, Avg: 3.1, Max: 4.6, Diff: 3.4, Sum: 12.3]
         [Processed Buffers: Min: 2, Avg: 9.0, Max: 25, Diff: 23, Sum: 36]
      [Scan RS (ms): Min: 0.0, Avg: 0.1, Max: 0.2, Diff: 0.2, Sum: 0.4]
      [Code Root Scanning (ms): Min: 0.0, Avg: 0.0, Max: 0.0, Diff: 0.0, Sum: 0.1]
      [Object Copy (ms): Min: 10.4, Avg: 10.9, Max: 11.1, Diff: 0.7, Sum: 43.5]
      [Termination (ms): Min: 0.0, Avg: 0.0, Max: 0.0, Diff: 0.0, Sum: 0.0]
         [Termination Attempts: Min: 1, Avg: 1.8, Max: 2, Diff: 1, Sum: 7]
      [GC Worker Other (ms): Min: 0.0, Avg: 0.1, Max: 0.3, Diff: 0.2, Sum: 0.5]
      [GC Worker Total (ms): Min: 19.8, Avg: 19.9, Max: 20.0, Diff: 0.2, Sum: 79.7]
      [GC Worker End (ms): Min: 23966417.1, Avg: 23966417.1, Max: 23966417.1, Diff: 0.0]
   [Code Root Fixup: 0.0 ms]
   [Code Root Purge: 0.0 ms]
   [Clear CT: 0.1 ms]
   [Other: 3.1 ms]
      [Choose CSet: 0.0 ms]
      [Ref Proc: 0.2 ms]
      [Ref Enq: 0.0 ms]
      [Redirty Cards: 0.0 ms]
      [Humongous Register: 1.2 ms]
      [Humongous Reclaim: 0.0 ms]
      [Free CSet: 0.9 ms]
   [Eden: 601.0M(601.0M)->0.0B(435.0M) Survivors: 6144.0K->5120.0K Heap: 759.2M(1024.0M)->156.8M(1024.0M)]
 [Times: user=0.03 sys=0.04, real=0.02 secs] 
2019-11-06T12:48:18.164+0800: 24182.835: [GC pause (G1 Evacuation Pause) (young), 0.0338769 secs]
   [Parallel Time: 29.5 ms, GC Workers: 4]
      [GC Worker Start (ms): Min: 24182837.1, Avg: 24182837.2, Max: 24182837.3, Diff: 0.2]
      [Ext Root Scanning (ms): Min: 3.2, Avg: 4.3, Max: 7.2, Diff: 4.0, Sum: 17.1]
      [Update RS (ms): Min: 0.0, Avg: 2.7, Max: 4.1, Diff: 4.1, Sum: 10.8]
         [Processed Buffers: Min: 0, Avg: 9.5, Max: 27, Diff: 27, Sum: 38]
      [Scan RS (ms): Min: 0.0, Avg: 0.1, Max: 0.3, Diff: 0.2, Sum: 0.3]
      [Code Root Scanning (ms): Min: 0.0, Avg: 0.0, Max: 0.0, Diff: 0.0, Sum: 0.0]
      [Object Copy (ms): Min: 21.2, Avg: 21.7, Max: 22.1, Diff: 0.9, Sum: 87.0]
      [Termination (ms): Min: 0.0, Avg: 0.4, Max: 0.6, Diff: 0.6, Sum: 1.6]
         [Termination Attempts: Min: 1, Avg: 1.0, Max: 1, Diff: 0, Sum: 4]
      [GC Worker Other (ms): Min: 0.0, Avg: 0.1, Max: 0.2, Diff: 0.1, Sum: 0.4]
      [GC Worker Total (ms): Min: 29.2, Avg: 29.3, Max: 29.4, Diff: 0.2, Sum: 117.3]
      [GC Worker End (ms): Min: 24182866.5, Avg: 24182866.5, Max: 24182866.5, Diff: 0.0]
   [Code Root Fixup: 0.0 ms]
   [Code Root Purge: 0.0 ms]
   [Clear CT: 0.1 ms]
   [Other: 4.2 ms]
      [Choose CSet: 0.0 ms]
      [Ref Proc: 1.4 ms]
      [Ref Enq: 0.0 ms]
      [Redirty Cards: 0.0 ms]
      [Humongous Register: 1.1 ms]
      [Humongous Reclaim: 0.0 ms]
      [Free CSet: 0.7 ms]
   [Eden: 434.0M(434.0M)->0.0B(70.0M) Survivors: 5120.0K->5120.0K Heap: 590.8M(1024.0M)->157.3M(1024.0M)]
 [Times: user=0.03 sys=0.05, real=0.03 secs] 
2019-11-06T12:48:52.218+0800: 24216.888: [GC pause (G1 Evacuation Pause) (young), 0.0181357 secs]
   [Parallel Time: 17.5 ms, GC Workers: 4]
      [GC Worker Start (ms): Min: 24216888.6, Avg: 24216888.6, Max: 24216888.6, Diff: 0.1]
      [Ext Root Scanning (ms): Min: 0.5, Avg: 5.8, Max: 7.7, Diff: 7.2, Sum: 23.3]
      [Update RS (ms): Min: 0.9, Avg: 1.0, Max: 1.1, Diff: 0.2, Sum: 4.1]
         [Processed Buffers: Min: 2, Avg: 8.5, Max: 16, Diff: 14, Sum: 34]
      [Scan RS (ms): Min: 0.0, Avg: 0.0, Max: 0.0, Diff: 0.0, Sum: 0.0]
      [Code Root Scanning (ms): Min: 0.0, Avg: 0.0, Max: 0.0, Diff: 0.0, Sum: 0.0]
      [Object Copy (ms): Min: 8.7, Avg: 8.8, Max: 8.9, Diff: 0.2, Sum: 35.2]
      [Termination (ms): Min: 0.0, Avg: 0.0, Max: 0.0, Diff: 0.0, Sum: 0.0]
         [Termination Attempts: Min: 1, Avg: 1.8, Max: 2, Diff: 1, Sum: 7]
      [GC Worker Other (ms): Min: 0.0, Avg: 1.8, Max: 7.2, Diff: 7.1, Sum: 7.2]
      [GC Worker Total (ms): Min: 17.5, Avg: 17.5, Max: 17.5, Diff: 0.1, Sum: 69.9]
      [GC Worker End (ms): Min: 24216906.1, Avg: 24216906.1, Max: 24216906.1, Diff: 0.0]
   [Code Root Fixup: 0.0 ms]
   [Code Root Purge: 0.0 ms]
   [Clear CT: 0.1 ms]
   [Other: 0.5 ms]
      [Choose CSet: 0.0 ms]
      [Ref Proc: 0.1 ms]
      [Ref Enq: 0.0 ms]
      [Redirty Cards: 0.1 ms]
      [Humongous Register: 0.0 ms]
      [Humongous Reclaim: 0.0 ms]
      [Free CSet: 0.1 ms]
   [Eden: 70.0M(70.0M)->0.0B(55.0M) Survivors: 5120.0K->5120.0K Heap: 227.3M(1024.0M)->156.8M(1024.0M)]
 [Times: user=0.03 sys=0.01, real=0.02 secs] 
2019-11-06T12:49:18.797+0800: 24243.467: [GC pause (G1 Evacuation Pause) (young), 0.0073256 secs]
   [Parallel Time: 6.9 ms, GC Workers: 4]
      [GC Worker Start (ms): Min: 24243467.5, Avg: 24243467.5, Max: 24243467.7, Diff: 0.2]
      [Ext Root Scanning (ms): Min: 0.4, Avg: 0.6, Max: 0.9, Diff: 0.6, Sum: 2.5]
      [Update RS (ms): Min: 1.1, Avg: 1.1, Max: 1.2, Diff: 0.1, Sum: 4.5]
         [Processed Buffers: Min: 2, Avg: 8.2, Max: 24, Diff: 22, Sum: 33]
      [Scan RS (ms): Min: 0.0, Avg: 0.0, Max: 0.0, Diff: 0.0, Sum: 0.0]
      [Code Root Scanning (ms): Min: 0.0, Avg: 0.0, Max: 0.0, Diff: 0.0, Sum: 0.0]
      [Object Copy (ms): Min: 4.8, Avg: 5.0, Max: 5.1, Diff: 0.4, Sum: 19.9]
      [Termination (ms): Min: 0.0, Avg: 0.0, Max: 0.0, Diff: 0.0, Sum: 0.0]
         [Termination Attempts: Min: 1, Avg: 1.2, Max: 2, Diff: 1, Sum: 5]
      [GC Worker Other (ms): Min: 0.0, Avg: 0.0, Max: 0.0, Diff: 0.0, Sum: 0.1]
      [GC Worker Total (ms): Min: 6.6, Avg: 6.8, Max: 6.8, Diff: 0.2, Sum: 27.1]
      [GC Worker End (ms): Min: 24243474.3, Avg: 24243474.3, Max: 24243474.3, Diff: 0.0]
   [Code Root Fixup: 0.0 ms]
   [Code Root Purge: 0.0 ms]
   [Clear CT: 0.0 ms]
   [Other: 0.4 ms]
      [Choose CSet: 0.0 ms]
      [Ref Proc: 0.1 ms]
      [Ref Enq: 0.0 ms]
      [Redirty Cards: 0.1 ms]
      [Humongous Register: 0.0 ms]
      [Humongous Reclaim: 0.0 ms]
      [Free CSet: 0.0 ms]
   [Eden: 55.0M(55.0M)->0.0B(175.0M) Survivors: 5120.0K->5120.0K Heap: 211.8M(1024.0M)->156.8M(1024.0M)]
 [Times: user=0.03 sys=0.00, real=0.01 secs] 
2019-11-06T12:50:44.324+0800: 24328.994: [GC pause (G1 Evacuation Pause) (young), 0.0250077 secs]
   [Parallel Time: 20.5 ms, GC Workers: 4]
      [GC Worker Start (ms): Min: 24328997.6, Avg: 24328997.6, Max: 24328997.7, Diff: 0.2]
      [Ext Root Scanning (ms): Min: 2.1, Avg: 4.1, Max: 9.7, Diff: 7.6, Sum: 16.3]
      [Update RS (ms): Min: 2.4, Avg: 2.7, Max: 3.0, Diff: 0.6, Sum: 11.0]
         [Processed Buffers: Min: 2, Avg: 8.2, Max: 25, Diff: 23, Sum: 33]
      [Scan RS (ms): Min: 0.0, Avg: 0.0, Max: 0.1, Diff: 0.1, Sum: 0.1]
      [Code Root Scanning (ms): Min: 0.0, Avg: 0.0, Max: 0.0, Diff: 0.0, Sum: 0.0]
      [Object Copy (ms): Min: 7.6, Avg: 7.8, Max: 8.1, Diff: 0.5, Sum: 31.3]
      [Termination (ms): Min: 0.0, Avg: 0.0, Max: 0.0, Diff: 0.0, Sum: 0.0]
         [Termination Attempts: Min: 1, Avg: 1.0, Max: 1, Diff: 0, Sum: 4]
      [GC Worker Other (ms): Min: 0.0, Avg: 5.6, Max: 7.5, Diff: 7.5, Sum: 22.5]
      [GC Worker Total (ms): Min: 20.3, Avg: 20.3, Max: 20.4, Diff: 0.1, Sum: 81.3]
      [GC Worker End (ms): Min: 24329017.9, Avg: 24329018.0, Max: 24329018.0, Diff: 0.0]
   [Code Root Fixup: 0.0 ms]
   [Code Root Purge: 0.0 ms]
   [Clear CT: 0.1 ms]
   [Other: 4.3 ms]
      [Choose CSet: 0.0 ms]
      [Ref Proc: 0.1 ms]
      [Ref Enq: 0.0 ms]
      [Redirty Cards: 0.1 ms]
      [Humongous Register: 2.6 ms]
      [Humongous Reclaim: 0.0 ms]
      [Free CSet: 0.4 ms]
   [Eden: 175.0M(175.0M)->0.0B(60.0M) Survivors: 5120.0K->5120.0K Heap: 331.8M(1024.0M)->156.8M(1024.0M)]
 [Times: user=0.02 sys=0.04, real=0.02 secs] 
2019-11-06T12:51:13.720+0800: 24358.390: [GC pause (G1 Evacuation Pause) (young), 0.0097907 secs]
   [Parallel Time: 9.3 ms, GC Workers: 4]
      [GC Worker Start (ms): Min: 24358389.9, Avg: 24358390.0, Max: 24358390.0, Diff: 0.0]
      [Ext Root Scanning (ms): Min: 0.6, Avg: 0.9, Max: 1.6, Diff: 0.9, Sum: 3.8]
      [Update RS (ms): Min: 0.4, Avg: 0.9, Max: 1.2, Diff: 0.7, Sum: 3.7]
         [Processed Buffers: Min: 4, Avg: 8.2, Max: 20, Diff: 16, Sum: 33]
      [Scan RS (ms): Min: 0.0, Avg: 0.0, Max: 0.0, Diff: 0.0, Sum: 0.0]
      [Code Root Scanning (ms): Min: 0.0, Avg: 0.0, Max: 0.0, Diff: 0.0, Sum: 0.0]
      [Object Copy (ms): Min: 7.2, Avg: 7.3, Max: 7.4, Diff: 0.2, Sum: 29.4]
      [Termination (ms): Min: 0.0, Avg: 0.0, Max: 0.0, Diff: 0.0, Sum: 0.0]
         [Termination Attempts: Min: 1, Avg: 1.5, Max: 2, Diff: 1, Sum: 6]
      [GC Worker Other (ms): Min: 0.0, Avg: 0.0, Max: 0.0, Diff: 0.0, Sum: 0.1]
      [GC Worker Total (ms): Min: 9.2, Avg: 9.2, Max: 9.3, Diff: 0.0, Sum: 37.0]
      [GC Worker End (ms): Min: 24358399.2, Avg: 24358399.2, Max: 24358399.2, Diff: 0.0]
   [Code Root Fixup: 0.0 ms]
   [Code Root Purge: 0.0 ms]
   [Clear CT: 0.1 ms]
   [Other: 0.4 ms]
      [Choose CSet: 0.0 ms]
      [Ref Proc: 0.1 ms]
      [Ref Enq: 0.0 ms]
      [Redirty Cards: 0.0 ms]
      [Humongous Register: 0.0 ms]
      [Humongous Reclaim: 0.0 ms]
      [Free CSet: 0.1 ms]
   [Eden: 60.0M(60.0M)->0.0B(205.0M) Survivors: 5120.0K->5120.0K Heap: 216.8M(1024.0M)->156.8M(1024.0M)]
 [Times: user=0.02 sys=0.00, real=0.01 secs] 
2019-11-06T12:52:54.464+0800: 24459.133: [GC pause (G1 Evacuation Pause) (young), 0.0235841 secs]
   [Parallel Time: 20.5 ms, GC Workers: 4]
      [GC Worker Start (ms): Min: 24459135.6, Avg: 24459135.8, Max: 24459136.2, Diff: 0.7]
      [Ext Root Scanning (ms): Min: 3.2, Avg: 4.8, Max: 7.4, Diff: 4.2, Sum: 19.0]
      [Update RS (ms): Min: 2.6, Avg: 5.2, Max: 7.0, Diff: 4.4, Sum: 20.7]
         [Processed Buffers: Min: 1, Avg: 8.8, Max: 29, Diff: 28, Sum: 35]
      [Scan RS (ms): Min: 0.0, Avg: 0.0, Max: 0.1, Diff: 0.1, Sum: 0.1]
      [Code Root Scanning (ms): Min: 0.0, Avg: 0.0, Max: 0.0, Diff: 0.0, Sum: 0.0]
      [Object Copy (ms): Min: 9.0, Avg: 10.0, Max: 10.4, Diff: 1.4, Sum: 40.0]
      [Termination (ms): Min: 0.0, Avg: 0.0, Max: 0.0, Diff: 0.0, Sum: 0.0]
         [Termination Attempts: Min: 1, Avg: 1.0, Max: 1, Diff: 0, Sum: 4]
      [GC Worker Other (ms): Min: 0.0, Avg: 0.2, Max: 0.7, Diff: 0.7, Sum: 0.9]
      [GC Worker Total (ms): Min: 19.8, Avg: 20.2, Max: 20.4, Diff: 0.6, Sum: 80.8]
      [GC Worker End (ms): Min: 24459156.0, Avg: 24459156.0, Max: 24459156.0, Diff: 0.0]
   [Code Root Fixup: 0.0 ms]
   [Code Root Purge: 0.0 ms]
   [Clear CT: 0.1 ms]
   [Other: 3.0 ms]
      [Choose CSet: 0.0 ms]
      [Ref Proc: 0.1 ms]
      [Ref Enq: 0.0 ms]
      [Redirty Cards: 0.0 ms]
      [Humongous Register: 1.6 ms]
      [Humongous Reclaim: 0.0 ms]
      [Free CSet: 0.4 ms]
   [Eden: 205.0M(205.0M)->0.0B(106.0M) Survivors: 5120.0K->5120.0K Heap: 361.8M(1024.0M)->157.3M(1024.0M)]
 [Times: user=0.02 sys=0.03, real=0.03 secs] 
Heap
 garbage-first heap   total 1048576K, used 188766K [0x0000000780000000, 0x0000000780102000, 0x00000007c0000000)
  region size 1024K, 33 young (33792K), 5 survivors (5120K)
 Metaspace       used 30639K, capacity 30768K, committed 30848K, reserved 1075200K
  class space    used 4139K, capacity 4196K, committed 4224K, reserved 1048576K
